Component: ARM Compiler 5.06 update 7 (build 960) Tool: armlink [4d3601]

==============================================================================

Section Cross References

    startup_stm32f767xx.o(RESET) refers to startup_stm32f767xx.o(STACK) for __initial_sp
    startup_stm32f767xx.o(RESET) refers to startup_stm32f767xx.o(.text) for Reset_Handler
    startup_stm32f767xx.o(RESET) refers to stm32f7xx_it.o(i.NMI_Handler) for NMI_Handler
    startup_stm32f767xx.o(RESET) refers to stm32f7xx_it.o(i.HardFault_Handler) for HardFault_Handler
    startup_stm32f767xx.o(RESET) refers to stm32f7xx_it.o(i.MemManage_Handler) for MemManage_Handler
    startup_stm32f767xx.o(RESET) refers to stm32f7xx_it.o(i.BusFault_Handler) for BusFault_Handler
    startup_stm32f767xx.o(RESET) refers to stm32f7xx_it.o(i.UsageFault_Handler) for UsageFault_Handler
    startup_stm32f767xx.o(RESET) refers to stm32f7xx_it.o(i.SVC_Handler) for SVC_Handler
    startup_stm32f767xx.o(RESET) refers to stm32f7xx_it.o(i.DebugMon_Handler) for DebugMon_Handler
    startup_stm32f767xx.o(RESET) refers to stm32f7xx_it.o(i.PendSV_Handler) for PendSV_Handler
    startup_stm32f767xx.o(RESET) refers to stm32f7xx_it.o(i.SysTick_Handler) for SysTick_Handler
    startup_stm32f767xx.o(RESET) refers to main.o(i.DMA1_Stream6_IRQHandler) for DMA1_Stream6_IRQHandler
    startup_stm32f767xx.o(RESET) refers to ad7606c.o(i.EXTI9_5_IRQHandler) for EXTI9_5_IRQHandler
    startup_stm32f767xx.o(RESET) refers to main.o(i.TIM4_IRQHandler) for TIM4_IRQHandler
    startup_stm32f767xx.o(RESET) refers to usart.o(i.USART2_IRQHandler) for USART2_IRQHandler
    startup_stm32f767xx.o(.text) refers to system_stm32f7xx.o(i.SystemInit) for SystemInit
    startup_stm32f767xx.o(.text) refers to entry.o(.ARM.Collect$$$$00000000) for __main
    main.o(i.AD7606C_MEASURE_Mode2) refers to stm32f7xx_hal_tim.o(i.HAL_TIM_PWM_Start) for HAL_TIM_PWM_Start
    main.o(i.AD7606C_MEASURE_Mode2) refers to stm32f7xx_hal_tim.o(i.HAL_TIM_Base_Start) for HAL_TIM_Base_Start
    main.o(i.AD7606C_MEASURE_Mode2) refers to stm32f7xx_hal_tim.o(i.HAL_TIM_Base_Stop) for HAL_TIM_Base_Stop
    main.o(i.AD7606C_MEASURE_Mode2) refers to stm32f7xx_hal_tim.o(i.HAL_TIM_PWM_Stop) for HAL_TIM_PWM_Stop
    main.o(i.AD7606C_MEASURE_Mode2) refers to ad7606c.o(.data) for sampflag
    main.o(i.AD7606C_MEASURE_Mode2) refers to tim.o(.bss) for htim4
    main.o(i.AD7606C_MEASURE_Mode2) refers to main.o(.data) for SAMP_DIV
    main.o(i.AD7606C_MEASURE_Mode2) refers to main.o(.bss) for data_mode2
    main.o(i.ADC_BitToFloat_Mode2) refers to main.o(.bss) for data_mode2
    main.o(i.ADC_BitToFloat_Mode2) refers to main.o(.data) for SAMP_DIV
    main.o(i.DMA1_Stream6_IRQHandler) refers to stm32f7xx_hal_dma.o(i.HAL_DMA_IRQHandler) for HAL_DMA_IRQHandler
    main.o(i.DMA1_Stream6_IRQHandler) refers to stm32f7xx_hal_tim.o(i.HAL_TIM_Base_Stop) for HAL_TIM_Base_Stop
    main.o(i.DMA1_Stream6_IRQHandler) refers to stm32f7xx_hal_tim.o(i.HAL_TIM_PWM_Stop) for HAL_TIM_PWM_Stop
    main.o(i.DMA1_Stream6_IRQHandler) refers to tim.o(.bss) for hdma_tim4_up
    main.o(i.DMA1_Stream6_IRQHandler) refers to ad7606c.o(.data) for AD7606C_flag
    main.o(i.HMISend) refers to stm32f7xx_hal_uart.o(i.HAL_UART_Transmit) for HAL_UART_Transmit
    main.o(i.HMISend) refers to usart.o(.bss) for huart2
    main.o(i.HMISends) refers to stm32f7xx_hal_uart.o(i.HAL_UART_Transmit) for HAL_UART_Transmit
    main.o(i.HMISends) refers to usart.o(.bss) for huart2
    main.o(i.MPU_Config) refers to stm32f7xx_hal_cortex.o(i.HAL_MPU_Disable) for HAL_MPU_Disable
    main.o(i.MPU_Config) refers to stm32f7xx_hal_cortex.o(i.HAL_MPU_ConfigRegion) for HAL_MPU_ConfigRegion
    main.o(i.MPU_Config) refers to stm32f7xx_hal_cortex.o(i.HAL_MPU_Enable) for HAL_MPU_Enable
    main.o(i.Neg_Init) refers to stm32f7xx_hal_tim.o(i.HAL_TIM_Base_Stop) for HAL_TIM_Base_Stop
    main.o(i.Neg_Init) refers to stm32f7xx_hal_tim.o(i.HAL_TIM_PWM_Stop) for HAL_TIM_PWM_Stop
    main.o(i.Neg_Init) refers to main.o(.data) for SAMP_DIV
    main.o(i.Neg_Init) refers to tim.o(.bss) for htim4
    main.o(i.NormMode2) refers to main.o(.bss) for Norm_Mode2
    main.o(i.NormMode2) refers to main.o(.constdata) for a01_CH1
    main.o(i.PosM4_Test) refers to ad9959.o(i.ad9959_write_frequency) for ad9959_write_frequency
    main.o(i.PosM4_Test) refers to ad9959.o(i.ad9959_io_update) for ad9959_io_update
    main.o(i.PosM4_Test) refers to stm32f7xx_hal.o(i.HAL_Delay) for HAL_Delay
    main.o(i.PosM4_Test) refers to ad7606c.o(i.AD7606C_SAMP_Start) for AD7606C_SAMP_Start
    main.o(i.PosM4_Test) refers to ad7606c.o(i.AD7606C_BitToFloat) for AD7606C_BitToFloat
    main.o(i.PosM4_Test) refers to user_function.o(i.OY_FindMaxMin) for OY_FindMaxMin
    main.o(i.PosM4_Test) refers to w25q256.o(i.W25Q256_read) for W25Q256_read
    main.o(i.PosM4_Test) refers to user_function.o(i.OY_Norm) for OY_Norm
    main.o(i.PosM4_Test) refers to user_function.o(i.OY_FindMin) for OY_FindMin
[...]
    .data                                    0x2000050c   Section        4  stdout.o(.data)
    .data                                    0x20000510   Section        4  mvars.o(.data)
    .data                                    0x20000514   Section        4  mvars.o(.data)
    .bss                                     0x20000518   Section    241724  main.o(.bss)
    .bss                                     0x2003b554   Section      128  fmc.o(.bss)
    .bss                                     0x2003b5d4   Section       76  quadspi.o(.bss)
    .bss                                     0x2003b620   Section      248  tim.o(.bss)
    .bss                                     0x2003b718   Section      496  usart.o(.bss)
    .bss                                     0x2003b908   Section     4096  w25q256.o(.bss)
    W25Q256_data                             0x2003b908   Data        4096  w25q256.o(.bss)
    HEAP                                     0x2003c908   Section     4608  startup_stm32f767xx.o(HEAP)
    STACK                                    0x2003db08   Section     8192  startup_stm32f767xx.o(STACK)

    Global Symbols

    Symbol Name                              Value     Ov Type        Size  Object(Section)

    BuildAttributes$$THM_ISAv4$E$P$D$K$B$S$7EM$VFPv5_D16$PE$PLD8$A:L22UL41UL21$X:L11$S22US41US21$IEEE1$IW$USESV6$~STKCKD$USESV7$~SHL$OTIME$ROPI$IEEEX$EBA8$MICROLIB$REQ8$PRES8$EABIv2 0x00000000   Number         0  anon$$obj.o ABSOLUTE
    __ARM_use_no_argv                        0x00000000   Number         0  main.o ABSOLUTE
    _printf_a                                0x00000000   Number         0  stubs.o ABSOLUTE
    _printf_c                                0x00000000   Number         0  stubs.o ABSOLUTE
    _printf_charcount                        0x00000000   Number         0  stubs.o ABSOLUTE
    _printf_d                                0x00000000   Number         0  stubs.o ABSOLUTE
    _printf_e                                0x00000000   Number         0  stubs.o ABSOLUTE
    _printf_f                                0x00000000   Number         0  stubs.o ABSOLUTE
    _printf_flags                            0x00000000   Number         0  stubs.o ABSOLUTE
    _printf_fp_dec                           0x00000000   Number         0  stubs.o ABSOLUTE
    _printf_fp_hex                           0x00000000   Number         0  stubs.o ABSOLUTE
    _printf_g                                0x00000000   Number         0  stubs.o ABSOLUTE
    _printf_i                                0x00000000   Number         0  stubs.o ABSOLUTE
    _printf_int_dec                          0x00000000   Number         0  stubs.o ABSOLUTE
    _printf_l                                0x00000000   Number         0  stubs.o ABSOLUTE
    _printf_lc                               0x00000000   Number         0  stubs.o ABSOLUTE
    _printf_ll                               0x00000000   Number         0  stubs.o ABSOLUTE
    _printf_lld                              0x00000000   Number         0  stubs.o ABSOLUTE
    _printf_lli                              0x00000000   Number         0  stubs.o ABSOLUTE
    _printf_llo                              0x00000000   Number         0  stubs.o ABSOLUTE
    _printf_llu                              0x00000000   Number         0  stubs.o ABSOLUTE
    _printf_llx                              0x00000000   Number         0  stubs.o ABSOLUTE
    _printf_longlong_dec                     0x00000000   Number         0  stubs.o ABSOLUTE
    _printf_longlong_hex                     0x00000000   Number         0  stubs.o ABSOLUTE
    _printf_longlong_oct                     0x00000000   Number         0  stubs.o ABSOLUTE
    _printf_ls                               0x00000000   Number         0  stubs.o ABSOLUTE
    _printf_mbtowc                           0x00000000   Number         0  stubs.o ABSOLUTE
    _printf_n                                0x00000000   Number         0  stubs.o ABSOLUTE
    _printf_o                                0x00000000   Number         0  stubs.o ABSOLUTE
    _printf_p                                0x00000000   Number         0  stubs.o ABSOLUTE
    _printf_percent                          0x00000000   Number         0  stubs.o ABSOLUTE
    _printf_pre_padding                      0x00000000   Number         0  stubs.o ABSOLUTE
    _printf_return_value                     0x00000000   Number         0  stubs.o ABSOLUTE
    _printf_s                                0x00000000   Number         0  stubs.o ABSOLUTE
    _printf_sizespec                         0x00000000   Number         0  stubs.o ABSOLUTE
    _printf_str                              0x00000000   Number         0  stubs.o ABSOLUTE
    _printf_truncate_signed                  0x00000000   Number         0  stubs.o ABSOLUTE
    _printf_truncate_unsigned                0x00000000   Number         0  stubs.o ABSOLUTE
    _printf_u                                0x00000000   Number         0  stubs.o ABSOLUTE
    _printf_wc                               0x00000000   Number         0  stubs.o ABSOLUTE
    _printf_wctomb                           0x00000000   Number         0  stubs.o ABSOLUTE
    _printf_widthprec                        0x00000000   Number         0  stubs.o ABSOLUTE
    _printf_x                                0x00000000   Number         0  stubs.o ABSOLUTE
    AD7606C_DmaCplCb                          - Undefined Weak Reference
    __arm_fini_                               - Undefined Weak Reference
    __cpp_initialize__aeabi_                  - Undefined Weak Reference
    __cxa_finalize                            - Undefined Weak Reference
    _clock_init                               - Undefined Weak Reference
    _microlib_exit                            - Undefined Weak Reference
    __Vectors_Size                           0x000001f8   Number         0  startup_stm32f767xx.o ABSOLUTE
    __Vectors                                0x08000000   Data           4  startup_stm32f767xx.o(RESET)
    __Vectors_End                            0x080001f8   Data           0  startup_stm32f767xx.o(RESET)
    __main                                   0x080001f9   Thumb Code     0  entry.o(.ARM.Collect$$$$00000000)
    _main_stk                                0x080001f9   Thumb Code     0  entry2.o(.ARM.Collect$$$$00000001)
    _main_scatterload                        0x080001fd   Thumb Code     0  entry5.o(.ARM.Collect$$$$00000004)
    __main_after_scatterload                 0x08000201   Thumb Code     0  entry5.o(.ARM.Collect$$$$00000004)
    _main_clock                              0x08000201   Thumb Code     0  entry7b.o(.ARM.Collect$$$$00000008)
    _main_cpp_init                           0x08000201   Thumb Code     0  entry8b.o(.ARM.Collect$$$$0000000A)
    _main_init                               0x08000201   Thumb Code     0  entry9a.o(.ARM.Collect$$$$0000000B)
    __rt_lib_shutdown_fini                   0x08000209   Thumb Code     0  entry12b.o(.ARM.Collect$$$$0000000E)
    __rt_final_cpp                           0x0800020d   Thumb Code     0  entry10a.o(.ARM.Collect$$$$0000000F)
    __rt_final_exit                          0x0800020d   Thumb Code     0  entry11a.o(.ARM.Collect$$$$00000011)
    Reset_Handler                            0x08000211   Thumb Code     8  startup_stm32f767xx.o(.text)
    ADC_IRQHandler                           0x0800022b   Thumb Code     0  startup_stm32f767xx.o(.text)
    CAN1_RX0_IRQHandler                      0x0800022b   Thumb Code     0  startup_stm32f767xx.o(.text)
    CAN1_RX1_IRQHandler                      0x0800022b   Thumb Code     0  startup_stm32f767xx.o(.text)
    CAN1_SCE_IRQHandler                      0x0800022b   Thumb Code     0  startup_stm32f767xx.o(.text)
    CAN1_TX_IRQHandler                       0x0800022b   Thumb Code     0  startup_stm32f767xx.o(.text)
    CAN2_RX0_IRQHandler                      0x0800022b   Thumb Code     0  startup_stm32f767xx.o(.text)
    CAN2_RX1_IRQHandler                      0x0800022b   Thumb Code     0  startup_stm32f767xx.o(.text)
    CAN2_SCE_IRQHandler                      0x0800022b   Thumb Code     0  startup_stm32f767xx.o(.text)
    CAN2_TX_IRQHandler                       0x0800022b   Thumb Code     0  startup_stm32f767xx.o(.text)
    CAN3_RX0_IRQHandler                      0x0800022b   Thumb Code     0  startup_stm32f767xx.o(.text)
    CAN3_RX1_IRQHandler                      0x0800022b   Thumb Code     0  startup_stm32f767xx.o(.text)
    CAN3_SCE_IRQHandler                      0x0800022b   Thumb Code     0  startup_stm32f767xx.o(.text)
    CAN3_TX_IRQHandler                       0x0800022b   Thumb Code     0  startup_stm32f767xx.o(.text)
    CEC_IRQHandler                           0x0800022b   Thumb Code     0  startup_stm32f767xx.o(.text)
    DCMI_IRQHandler                          0x0800022b   Thumb Code     0  startup_stm32f767xx.o(.text)
    DFSDM1_FLT0_IRQHandler                   0x0800022b   Thumb Code     0  startup_stm32f767xx.o(.text)
    DFSDM1_FLT1_IRQHandler                   0x0800022b   Thumb Code     0  startup_stm32f767xx.o(.text)
    DFSDM1_FLT2_IRQHandler                   0x0800022b   Thumb Code     0  startup_stm32f767xx.o(.text)
    DFSDM1_FLT3_IRQHandler                   0x0800022b   Thumb Code     0  startup_stm32f767xx.o(.text)
    DMA1_Stream0_IRQHandler                  0x0800022b   Thumb Code     0  startup_stm32f767xx.o(.text)
    DMA1_Stream1_IRQHandler                  0x0800022b   Thumb Code     0  startup_stm32f767xx.o(.text)
    DMA1_Stream2_IRQHandler                  0x0800022b   Thumb Code     0  startup_stm32f767xx.o(.text)
    DMA1_Stream3_IRQHandler                  0x0800022b   Thumb Code     0  startup_stm32f767xx.o(.text)
    DMA1_Stream4_IRQHandler                  0x0800022b   Thumb Code     0  startup_stm32f767xx.o(.text)
    DMA1_Stream5_IRQHandler                  0x0800022b   Thumb Code     0  startup_stm32f767xx.o(.text)
    DMA1_Stream7_IRQHandler                  0x0800022b   Thumb Code     0  startup_stm32f767xx.o(.text)
    DMA2D_IRQHandler                         0x0800022b   Thumb Code     0  startup_stm32f767xx.o(.text)
    DMA2_Stream0_IRQHandler                  0x0800022b   Thumb Code     0  startup_stm32f767xx.o(.text)
    DMA2_Stream1_IRQHandler                  0x0800022b   Thumb Code     0  startup_stm32f767xx.o(.text)
    DMA2_Stream2_IRQHandler                  0x0800022b   Thumb Code     0  startup_stm32f767xx.o(.text)
    DMA2_Stream3_IRQHandler                  0x0800022b   Thumb Code     0  startup_stm32f767xx.o(.text)
    DMA2_Stream4_IRQHandler                  0x0800022b   Thumb Code     0  startup_stm32f767xx.o(.text)
    DMA2_Stream5_IRQHandler                  0x0800022b   Thumb Code     0  startup_stm32f767xx.o(.text)
    DMA2_Stream6_IRQHandler                  0x0800022b   Thumb Code     0  startup_stm32f767xx.o(.text)
    DMA2_Stream7_IRQHandler                  0x0800022b   Thumb Code     0  startup_stm32f767xx.o(.text)
    ETH_IRQHandler                           0x0800022b   Thumb Code     0  startup_stm32f767xx.o(.text)
    ETH_WKUP_IRQHandler                      0x0800022b   Thumb Code     0  startup_stm32f767xx.o(.text)
    EXTI0_IRQHandler                         0x0800022b   Thumb Code     0  startup_stm32f767xx.o(.text)
    EXTI15_10_IRQHandler                     0x0800022b   Thumb Code     0  startup_stm32f767xx.o(.text)
    EXTI1_IRQHandler                         0x0800022b   Thumb Code     0  startup_stm32f767xx.o(.text)
    EXTI2_IRQHandler                         0x0800022b   Thumb Code     0  startup_stm32f767xx.o(.text)
    EXTI3_IRQHandler                         0x0800022b   Thumb Code     0  startup_stm32f767xx.o(.text)
    EXTI4_IRQHandler                         0x0800022b   Thumb Code     0  startup_stm32f767xx.o(.text)
    FLASH_IRQHandler                         0x0800022b   Thumb Code     0  startup_stm32f767xx.o(.text)
    FMC_IRQHandler                           0x0800022b   Thumb Code     0  startup_stm32f767xx.o(.text)
    FPU_IRQHandler                           0x0800022b   Thumb Code     0  startup_stm32f767xx.o(.text)
    I2C1_ER_IRQHandler                       0x0800022b   Thumb Code     0  startup_stm32f767xx.o(.text)
    I2C1_EV_IRQHandler                       0x0800022b   Thumb Code     0  startup_stm32f767xx.o(.text)
    I2C2_ER_IRQHandler                       0x0800022b   Thumb Code     0  startup_stm32f767xx.o(.text)
    I2C2_EV_IRQHandler                       0x0800022b   Thumb Code     0  startup_stm32f767xx.o(.text)
    I2C3_ER_IRQHandler                       0x0800022b   Thumb Code     0  startup_stm32f767xx.o(.text)
    I2C3_EV_IRQHandler                       0x0800022b   Thumb Code     0  startup_stm32f767xx.o(.text)
    I2C4_ER_IRQHandler                       0x0800022b   Thumb Code     0  startup_stm32f767xx.o(.text)
    I2C4_EV_IRQHandler                       0x0800022b   Thumb Code     0  startup_stm32f767xx.o(.text)
    JPEG_IRQHandler                          0x0800022b   Thumb Code     0  startup_stm32f767xx.o(.text)
    LPTIM1_IRQHandler                        0x0800022b   Thumb Code     0  startup_stm32f767xx.o(.text)
    LTDC_ER_IRQHandler                       0x0800022b   Thumb Code     0  startup_stm32f767xx.o(.text)
    LTDC_IRQHandler                          0x0800022b   Thumb Code     0  startup_stm32f767xx.o(.text)
    MDIOS_IRQHandler                         0x0800022b   Thumb Code     0  startup_stm32f767xx.o(.text)
    OTG_FS_IRQHandler                        0x0800022b   Thumb Code     0  startup_stm32f767xx.o(.text)
    OTG_FS_WKUP_IRQHandler                   0x0800022b   Thumb Code     0  startup_stm32f767xx.o(.text)
    OTG_HS_EP1_IN_IRQHandler                 0x0800022b   Thumb Code     0  startup_stm32f767xx.o(.text)
    OTG_HS_EP1_OUT_IRQHandler                0x0800022b   Thumb Code     0  startup_stm32f767xx.o(.text)
    OTG_HS_IRQHandler                        0x0800022b   Thumb Code     0  startup_stm32f767xx.o(.text)
    OTG_HS_WKUP_IRQHandler                   0x0800022b   Thumb Code     0  startup_stm32f767xx.o(.text)
    PVD_IRQHandler                           0x0800022b   Thumb Code     0  startup_stm32f767xx.o(.text)
    QUADSPI_IRQHandler                       0x0800022b   Thumb Code     0  startup_stm32f767xx.o(.text)
    RCC_IRQHandler                           0x0800022b   Thumb Code     0  startup_stm32f767xx.o(.text)
    RNG_IRQHandler                           0x0800022b   Thumb Code     0  startup_stm32f767xx.o(.text)
    RTC_Alarm_IRQHandler                     0x0800022b   Thumb Code     0  startup_stm32f767xx.o(.text)
    RTC_WKUP_IRQHandler                      0x0800022b   Thumb Code     0  startup_stm32f767xx.o(.text)
    SAI1_IRQHandler                          0x0800022b   Thumb Code     0  startup_stm32f767xx.o(.text)
    SAI2_IRQHandler                          0x0800022b   Thumb Code     0  startup_stm32f767xx.o(.text)
    SDMMC1_IRQHandler                        0x0800022b   Thumb Code     0  startup_stm32f767xx.o(.text)
    SDMMC2_IRQHandler                        0x0800022b   Thumb Code     0  startup_stm32f767xx.o(.text)
    SPDIF_RX_IRQHandler                      0x0800022b   Thumb Code     0  startup_stm32f767xx.o(.text)
    SPI1_IRQHandler                          0x0800022b   Thumb Code     0  startup_stm32f767xx.o(.text)
    SPI2_IRQHandler                          0x0800022b   Thumb Code     0  startup_stm32f767xx.o(.text)
    SPI3_IRQHandler                          0x0800022b   Thumb Code     0  startup_stm32f767xx.o(.text)
    SPI4_IRQHandler                          0x0800022b   Thumb Code     0  startup_stm32f767xx.o(.text)
    SPI5_IRQHandler                          0x0800022b   Thumb Code     0  startup_stm32f767xx.o(.text)
    SPI6_IRQHandler                          0x0800022b   Thumb Code     0  startup_stm32f767xx.o(.text)
    TAMP_STAMP_IRQHandler                    0x0800022b   Thumb Code     0  startup_stm32f767xx.o(.text)
    TIM1_BRK_TIM9_IRQHandler                 0x0800022b   Thumb Code     0  startup_stm32f767xx.o(.text)
    TIM1_CC_IRQHandler                       0x0800022b   Thumb Code     0  startup_stm32f767xx.o(.text)
    TIM1_TRG_COM_TIM11_IRQHandler            0x0800022b   Thumb Code     0  startup_stm32f767xx.o(.text)
    TIM1_UP_TIM10_IRQHandler                 0x0800022b   Thumb Code     0  startup_stm32f767xx.o(.text)
    TIM2_IRQHandler                          0x0800022b   Thumb Code     0  startup_stm32f767xx.o(.text)
    TIM3_IRQHandler                          0x0800022b   Thumb Code     0  startup_stm32f767xx.o(.text)
    TIM5_IRQHandler                          0x0800022b   Thumb Code     0  startup_stm32f767xx.o(.text)
    TIM6_DAC_IRQHandler                      0x0800022b   Thumb Code     0  startup_stm32f767xx.o(.text)
    TIM7_IRQHandler                          0x0800022b   Thumb Code     0  startup_stm32f767xx.o(.text)
    TIM8_BRK_TIM12_IRQHandler                0x0800022b   Thumb Code     0  startup_stm32f767xx.o(.text)
    TIM8_CC_IRQHandler                       0x0800022b   Thumb Code     0  startup_stm32f767xx.o(.text)
    TIM8_TRG_COM_TIM14_IRQHandler            0x0800022b   Thumb Code     0  startup_stm32f767xx.o(.text)
    TIM8_UP_TIM13_IRQHandler                 0x0800022b   Thumb Code     0  startup_stm32f767xx.o(.text)
    UART4_IRQHandler                         0x0800022b   Thumb Code     0  startup_stm32f767xx.o(.text)
    UART5_IRQHandler                         0x0800022b   Thumb Code     0  startup_stm32f767xx.o(.text)
    UART7_IRQHandler                         0x0800022b   Thumb Code     0  startup_stm32f767xx.o(.text)
    UART8_IRQHandler                         0x0800022b   Thumb Code     0  startup_stm32f767xx.o(.text)
    USART1_IRQHandler                        0x0800022b   Thumb Code     0  startup_stm32f767xx.o(.text)
    USART3_IRQHandler                        0x0800022b   Thumb Code     0  startup_stm32f767xx.o(.text)
    USART6_IRQHandler                        0x0800022b   Thumb Code     0  startup_stm32f767xx.o(.text)
    WWDG_IRQHandler                          0x0800022b   Thumb Code     0  startup_stm32f767xx.o(.text)
    arm_correlate_f32                        0x08000235   Thumb Code  1468  arm_correlate_f32.o(.text)
    __aeabi_uldivmod                         0x080007f1   Thumb Code    98  uldiv.o(.text)
    __aeabi_memset                           0x08000853   Thumb Code    14  memseta.o(.text)
    __aeabi_memset4                          0x08000853   Thumb Code     0  memseta.o(.text)
    __aeabi_memset8                          0x08000853   Thumb Code     0  memseta.o(.text)
    __aeabi_memclr                           0x08000861   Thumb Code     4  memseta.o(.text)
    __aeabi_memclr4                          0x08000861   Thumb Code     0  memseta.o(.text)
    __aeabi_memclr8                          0x08000861   Thumb Code     0  memseta.o(.text)
    _memset$wrapper                          0x08000865   Thumb Code    18  memseta.o(.text)
    __aeabi_uidiv                            0x08000877   Thumb Code     0  uidiv.o(.text)
    __aeabi_uidivmod                         0x08000877   Thumb Code    44  uidiv.o(.text)
    __aeabi_llsl                             0x080008a3   Thumb Code    30  llshl.o(.text)
    _ll_shift_l                              0x080008a3   Thumb Code     0  llshl.o(.text)
    __aeabi_llsr                             0x080008c1   Thumb Code    32  llushr.o(.text)
    _ll_ushift_r                             0x080008c1   Thumb Code     0  llushr.o(.text)
    __I$use$fp                               0x080008e1   Thumb Code     0  iusefp.o(.text)
    __aeabi_dadd                             0x080008e1   Thumb Code   322  dadd.o(.text)
    __aeabi_dsub                             0x08000a23   Thumb Code     6  dadd.o(.text)
    __aeabi_drsub                            0x08000a29   Thumb Code     6  dadd.o(.text)
    __aeabi_dmul                             0x08000a2f   Thumb Code   228  dmul.o(.text)
    __aeabi_ddiv                             0x08000b13   Thumb Code   222  ddiv.o(.text)
    __aeabi_d2ulz                            0x08000bf1   Thumb Code    48  dfixul.o(.text)
    __aeabi_cdrcmple                         0x08000c21   Thumb Code    48  cdrcmple.o(.text)
    __scatterload                            0x08000c51   Thumb Code    28  init.o(.text)
    __scatterload_rt2                        0x08000c51   Thumb Code     0  init.o(.text)
    __aeabi_lasr                             0x08000c75   Thumb Code    36  llsshr.o(.text)
    _ll_sshift_r                             0x08000c75   Thumb Code     0  llsshr.o(.text)
    _double_round                            0x08000c99   Thumb Code    30  depilogue.o(.text)
    _double_epilogue                         0x08000cb7   Thumb Code   156  depilogue.o(.text)
    __decompress                             0x08000d53   Thumb Code     0  __dczerorl.o(.text)
    __decompress0                            0x08000d53   Thumb Code    58  __dczerorl.o(.text)
    AD7606C_BitToFloat                       0x08000d8d   Thumb Code    68  ad7606c.o(i.AD7606C_BitToFloat)
    AD7606C_Init                             0x08000dd5   Thumb Code   120  ad7606c.o(i.AD7606C_Init)
    AD7606C_MEASURE_Mode2                    0x08000e4d   Thumb Code   260  main.o(i.AD7606C_MEASURE_Mode2)
    AD7606C_SAMP_Start                       0x08000f6d   Thumb Code   202  ad7606c.o(i.AD7606C_SAMP_Start)
    ADC_BitToFloat_Mode2                     0x08001049   Thumb Code   150  main.o(i.ADC_BitToFloat_Mode2)
    BusFault_Handler                         0x080010f1   Thumb Code     4  stm32f7xx_it.o(i.BusFault_Handler)
    DMA1_Stream6_IRQHandler                  0x080010f5   Thumb Code    30  main.o(i.DMA1_Stream6_IRQHandler)
    DebugMon_Handler                         0x080011ff   Thumb Code     2  stm32f7xx_it.o(i.DebugMon_Handler)
    EXTI9_5_IRQHandler                       0x08001201   Thumb Code    14  ad7606c.o(i.EXTI9_5_IRQHandler)
    Error_Handler                            0x08001219   Thumb Code     2  main.o(i.Error_Handler)
    FMC_NORSRAM_Extended_Timing_Init         0x0800121d   Thumb Code    62  stm32f7xx_ll_fmc.o(i.FMC_NORSRAM_Extended_Timing_Init)
    FMC_NORSRAM_Init                         0x08001261   Thumb Code   160  stm32f7xx_ll_fmc.o(i.FMC_NORSRAM_Init)
    FMC_NORSRAM_Timing_Init                  0x08001305   Thumb Code   102  stm32f7xx_ll_fmc.o(i.FMC_NORSRAM_Timing_Init)
    FMC_SDRAM_Init                           0x0800136b   Thumb Code   108  stm32f7xx_ll_fmc.o(i.FMC_SDRAM_Init)
    FMC_SDRAM_Timing_Init                    0x080013d9   Thumb Code   144  stm32f7xx_ll_fmc.o(i.FMC_SDRAM_Timing_Init)
    HAL_DMA_Abort                            0x0800146d   Thumb Code   172  stm32f7xx_hal_dma.o(i.HAL_DMA_Abort)
    HAL_DMA_Abort_IT                         0x08001519   Thumb Code    40  stm32f7xx_hal_dma.o(i.HAL_DMA_Abort_IT)
    HAL_DMA_IRQHandler                       0x08001541   Thumb Code   570  stm32f7xx_hal_dma.o(i.HAL_DMA_IRQHandler)
    HAL_DMA_Init                             0x08001781   Thumb Code   232  stm32f7xx_hal_dma.o(i.HAL_DMA_Init)
    HAL_DMA_RegisterCallback                 0x0800186d   Thumb Code    96  stm32f7xx_hal_dma.o(i.HAL_DMA_RegisterCallback)
    HAL_Delay                                0x080018cd   Thumb Code    36  stm32f7xx_hal.o(i.HAL_Delay)
    HAL_GPIO_Init                            0x080019e1   Thumb Code   472  stm32f7xx_hal_gpio.o(i.HAL_GPIO_Init)
    HAL_GPIO_ReadPin                         0x08001bed   Thumb Code    16  stm32f7xx_hal_gpio.o(i.HAL_GPIO_ReadPin)
    HAL_GPIO_WritePin                        0x08001bfd   Thumb Code    12  stm32f7xx_hal_gpio.o(i.HAL_GPIO_WritePin)
    HAL_GetTick                              0x08001c09   Thumb Code     6  stm32f7xx_hal.o(i.HAL_GetTick)
    HAL_IncTick                              0x08001c15   Thumb Code    16  stm32f7xx_hal.o(i.HAL_IncTick)
    HAL_Init                                 0x08001c2d   Thumb Code    22  stm32f7xx_hal.o(i.HAL_Init)
    HAL_InitTick                             0x08001c45   Thumb Code    64  stm32f7xx_hal.o(i.HAL_InitTick)
    HAL_MPU_ConfigRegion                     0x08001c91   Thumb Code    88  stm32f7xx_hal_cortex.o(i.HAL_MPU_ConfigRegion)
    HAL_MPU_Disable                          0x08001ced   Thumb Code    38  stm32f7xx_hal_cortex.o(i.HAL_MPU_Disable)
    HAL_MPU_Enable                           0x08001d19   Thumb Code    58  stm32f7xx_hal_cortex.o(i.HAL_MPU_Enable)
    HAL_MspInit                              0x08001d59   Thumb Code    60  stm32f7xx_hal_msp.o(i.HAL_MspInit)
    HAL_NVIC_EnableIRQ                       0x08001d99   Thumb Code    32  stm32f7xx_hal_cortex.o(i.HAL_NVIC_EnableIRQ)
    HAL_NVIC_SetPriority                     0x08001db9   Thumb Code   124  stm32f7xx_hal_cortex.o(i.HAL_NVIC_SetPriority)
    HAL_NVIC_SetPriorityGrouping             0x08001e35   Thumb Code    32  stm32f7xx_hal_cortex.o(i.HAL_NVIC_SetPriorityGrouping)
    HAL_PWREx_EnableOverDrive                0x08001e5d   Thumb Code   136  stm32f7xx_hal_pwr_ex.o(i.HAL_PWREx_EnableOverDrive)
    HAL_QSPI_Command                         0x08001eed   Thumb Code   164  stm32f7xx_hal_qspi.o(i.HAL_QSPI_Command)
    HAL_QSPI_Init                            0x08001f91   Thumb Code   184  stm32f7xx_hal_qspi.o(i.HAL_QSPI_Init)
    HAL_QSPI_MspInit                         0x08002051   Thumb Code   226  quadspi.o(i.HAL_QSPI_MspInit)
    HAL_QSPI_Receive                         0x08002145   Thumb Code   228  stm32f7xx_hal_qspi.o(i.HAL_QSPI_Receive)
    HAL_QSPI_SetTimeout                      0x08002229   Thumb Code     4  stm32f7xx_hal_qspi.o(i.HAL_QSPI_SetTimeout)
    HAL_QSPI_Transmit                        0x0800222d   Thumb Code   212  stm32f7xx_hal_qspi.o(i.HAL_QSPI_Transmit)
    HAL_RCCEx_PeriphCLKConfig                0x08002301   Thumb Code  1880  stm32f7xx_hal_rcc_ex.o(i.HAL_RCCEx_PeriphCLKConfig)
    HAL_RCC_ClockConfig                      0x08002a5d   Thumb Code   384  stm32f7xx_hal_rcc.o(i.HAL_RCC_ClockConfig)
    HAL_RCC_GetHCLKFreq                      0x08002bf1   Thumb Code     6  stm32f7xx_hal_rcc.o(i.HAL_RCC_GetHCLKFreq)
    HAL_RCC_GetPCLK1Freq                     0x08002bfd   Thumb Code    22  stm32f7xx_hal_rcc.o(i.HAL_RCC_GetPCLK1Freq)
    HAL_RCC_GetPCLK2Freq                     0x08002c1d   Thumb Code    22  stm32f7xx_hal_rcc.o(i.HAL_RCC_GetPCLK2Freq)
    HAL_RCC_GetSysClockFreq                  0x08002c3d   Thumb Code   162  stm32f7xx_hal_rcc.o(i.HAL_RCC_GetSysClockFreq)
    HAL_RCC_OscConfig                        0x08002ced   Thumb Code  1296  stm32f7xx_hal_rcc.o(i.HAL_RCC_OscConfig)
    HAL_SDRAM_Init                           0x08003201   Thumb Code    64  stm32f7xx_hal_sdram.o(i.HAL_SDRAM_Init)
    HAL_SDRAM_MspInit                        0x08003241   Thumb Code    10  fmc.o(i.HAL_SDRAM_MspInit)
    HAL_SRAM_Init                            0x0800324b   Thumb Code    94  stm32f7xx_hal_sram.o(i.HAL_SRAM_Init)
    HAL_SRAM_MspInit                         0x080032a9   Thumb Code    10  fmc.o(i.HAL_SRAM_MspInit)
    HAL_SYSTICK_Config                       0x080032b3   Thumb Code    52  stm32f7xx_hal_cortex.o(i.HAL_SYSTICK_Config)
    HAL_TIMEx_Break2Callback                 0x080032e7   Thumb Code     2  stm32f7xx_hal_tim_ex.o(i.HAL_TIMEx_Break2Callback)
    HAL_TIMEx_BreakCallback                  0x080032e9   Thumb Code     2  stm32f7xx_hal_tim_ex.o(i.HAL_TIMEx_BreakCallback)
    HAL_TIMEx_CommutCallback                 0x080032eb   Thumb Code     2  stm32f7xx_hal_tim_ex.o(i.HAL_TIMEx_CommutCallback)
    HAL_TIMEx_MasterConfigSynchronization    0x080032ed   Thumb Code   174  stm32f7xx_hal_tim_ex.o(i.HAL_TIMEx_MasterConfigSynchronization)
    HAL_TIM_Base_Init                        0x080033b9   Thumb Code   110  stm32f7xx_hal_tim.o(i.HAL_TIM_Base_Init)
    HAL_TIM_Base_MspInit                     0x08003429   Thumb Code   200  tim.o(i.HAL_TIM_Base_MspInit)
    HAL_TIM_Base_Start                       0x0800350d   Thumb Code   134  stm32f7xx_hal_tim.o(i.HAL_TIM_Base_Start)
    HAL_TIM_Base_Stop                        0x080035b5   Thumb Code    50  stm32f7xx_hal_tim.o(i.HAL_TIM_Base_Stop)
    HAL_TIM_ConfigClockSource                0x080035e9   Thumb Code   268  stm32f7xx_hal_tim.o(i.HAL_TIM_ConfigClockSource)
    HAL_TIM_IC_CaptureCallback               0x080036f9   Thumb Code     2  stm32f7xx_hal_tim.o(i.HAL_TIM_IC_CaptureCallback)
    HAL_TIM_IRQHandler                       0x080036fb   Thumb Code   440  stm32f7xx_hal_tim.o(i.HAL_TIM_IRQHandler)
    HAL_TIM_MspPostInit                      0x080038b5   Thumb Code    80  tim.o(i.HAL_TIM_MspPostInit)
    HAL_TIM_OC_DelayElapsedCallback          0x08003911   Thumb Code     2  stm32f7xx_hal_tim.o(i.HAL_TIM_OC_DelayElapsedCallback)
    HAL_TIM_PWM_ConfigChannel                0x08003913   Thumb Code   368  stm32f7xx_hal_tim.o(i.HAL_TIM_PWM_ConfigChannel)
    HAL_TIM_PWM_Init                         0x08003a83   Thumb Code   110  stm32f7xx_hal_tim.o(i.HAL_TIM_PWM_Init)
    HAL_TIM_PWM_MspInit                      0x08003af1   Thumb Code     2  stm32f7xx_hal_tim.o(i.HAL_TIM_PWM_MspInit)
    HAL_TIM_PWM_PulseFinishedCallback        0x08003af3   Thumb Code     2  stm32f7xx_hal_tim.o(i.HAL_TIM_PWM_PulseFinishedCallback)
    HAL_TIM_PWM_Start                        0x08003af5   Thumb Code   290  stm32f7xx_hal_tim.o(i.HAL_TIM_PWM_Start)
    HAL_TIM_PWM_Stop                         0x08003c39   Thumb Code   184  stm32f7xx_hal_tim.o(i.HAL_TIM_PWM_Stop)
    HAL_TIM_PeriodElapsedCallback            0x08003cf9   Thumb Code     2  stm32f7xx_hal_tim.o(i.HAL_TIM_PeriodElapsedCallback)
    HAL_TIM_TriggerCallback                  0x08003cfb   Thumb Code     2  stm32f7xx_hal_tim.o(i.HAL_TIM_TriggerCallback)
    HAL_UARTEx_RxEventCallback               0x08003cfd   Thumb Code     2  stm32f7xx_hal_uart.o(i.HAL_UARTEx_RxEventCallback)
    HAL_UARTEx_WakeupCallback                0x08003cff   Thumb Code     2  stm32f7xx_hal_uart.o(i.HAL_UARTEx_WakeupCallback)
    HAL_UART_ErrorCallback                   0x08003d01   Thumb Code     2  stm32f7xx_hal_uart.o(i.HAL_UART_ErrorCallback)
    HAL_UART_GetState                        0x08003d03   Thumb Code    12  stm32f7xx_hal_uart.o(i.HAL_UART_GetState)
    HAL_UART_IRQHandler                      0x08003d11   Thumb Code   828  stm32f7xx_hal_uart.o(i.HAL_UART_IRQHandler)
    HAL_UART_Init                            0x08004055   Thumb Code   116  stm32f7xx_hal_uart.o(i.HAL_UART_Init)
    HAL_UART_MspInit                         0x080040c9   Thumb Code   354  usart.o(i.HAL_UART_MspInit)
    HAL_UART_Receive_IT                      0x08004245   Thumb Code   100  stm32f7xx_hal_uart.o(i.HAL_UART_Receive_IT)
    HAL_UART_RxCpltCallback                  0x080042a9   Thumb Code   120  usart.o(i.HAL_UART_RxCpltCallback)
    HAL_UART_Transmit                        0x08004331   Thumb Code   210  stm32f7xx_hal_uart.o(i.HAL_UART_Transmit)
    HAL_UART_TxCpltCallback                  0x08004403   Thumb Code     2  stm32f7xx_hal_uart.o(i.HAL_UART_TxCpltCallback)
    HMISend                                  0x08004405   Thumb Code    58  main.o(i.HMISend)
    HMISends                                 0x08004445   Thumb Code    52  main.o(i.HMISends)
    HardFault_Handler                        0x0800447d   Thumb Code     4  stm32f7xx_it.o(i.HardFault_Handler)
    MX_DMA_Init                              0x0800451d   Thumb Code    48  dma.o(i.MX_DMA_Init)
    MX_FMC_Init                              0x08004551   Thumb Code   220  fmc.o(i.MX_FMC_Init)
    MX_GPIO_Init                             0x08004639   Thumb Code   528  gpio.o(i.MX_GPIO_Init)
    MX_QUADSPI_Init                          0x08004861   Thumb Code    52  quadspi.o(i.MX_QUADSPI_Init)
    MX_TIM4_Init                             0x0800489d   Thumb Code   162  tim.o(i.MX_TIM4_Init)
    MX_TIM5_Init                             0x08004949   Thumb Code   100  tim.o(i.MX_TIM5_Init)
    MX_USART1_UART_Init                      0x080049b5   Thumb Code    56  usart.o(i.MX_USART1_UART_Init)
    MX_USART2_UART_Init                      0x080049f5   Thumb Code    56  usart.o(i.MX_USART2_UART_Init)
    MX_USART3_UART_Init                      0x08004a35   Thumb Code    44  usart.o(i.MX_USART3_UART_Init)
    MemManage_Handler                        0x08004a69   Thumb Code     4  stm32f7xx_it.o(i.MemManage_Handler)
    NMI_Handler                              0x08004a6d   Thumb Code     2  stm32f7xx_it.o(i.NMI_Handler)
    Neg_Init                                 0x08004a71   Thumb Code    78  main.o(i.Neg_Init)
    NormMode2                                0x08004ad1   Thumb Code 12546  main.o(i.NormMode2)
    OY_FindMax                               0x08007bf5   Thumb Code    70  user_function.o(i.OY_FindMax)
    OY_FindMaxMin                            0x08007c41   Thumb Code   136  user_function.o(i.OY_FindMaxMin)
    OY_FindMin                               0x08007ccd   Thumb Code    72  user_function.o(i.OY_FindMin)
    OY_Norm                                  0x08007d15   Thumb Code    86  user_function.o(i.OY_Norm)
    OY_Normalization                         0x08007d71   Thumb Code   102  user_function.o(i.OY_Normalization)
    PendSV_Handler                           0x08007dd7   Thumb Code     2  stm32f7xx_it.o(i.PendSV_Handler)
    PosM4_Test                               0x08007dd9   Thumb Code   806  main.o(i.PosM4_Test)
    Pos_Init                                 0x080081a1   Thumb Code    96  main.o(i.Pos_Init)
    Pos_Storage                              0x08008215   Thumb Code   822  main.o(i.Pos_Storage)
    SVC_Handler                              0x0800886d   Thumb Code     2  stm32f7xx_it.o(i.SVC_Handler)
    Signal_Samp_Neg                          0x08008871   Thumb Code  1532  main.o(i.Signal_Samp_Neg)
    Signal_Samp_Pos                          0x08008ec9   Thumb Code   452  main.o(i.Signal_Samp_Pos)
    SysTick_Handler                          0x08009111   Thumb Code     8  stm32f7xx_it.o(i.SysTick_Handler)
    SystemClock_Config                       0x08009119   Thumb Code   206  main.o(i.SystemClock_Config)
    SystemInit                               0x080091f1   Thumb Code    14  system_stm32f7xx.o(i.SystemInit)
    TIM4_IRQHandler                          0x08009205   Thumb Code    10  main.o(i.TIM4_IRQHandler)
    TIM_Base_SetConfig                       0x08009215   Thumb Code   170  stm32f7xx_hal_tim.o(i.TIM_Base_SetConfig)
    TIM_CCxChannelCmd                        0x080092ed   Thumb Code    34  stm32f7xx_hal_tim.o(i.TIM_CCxChannelCmd)
    TIM_ETR_SetConfig                        0x0800930f   Thumb Code    22  stm32f7xx_hal_tim.o(i.TIM_ETR_SetConfig)
    TIM_OC2_SetConfig                        0x080093ad   Thumb Code   114  stm32f7xx_hal_tim.o(i.TIM_OC2_SetConfig)
    UART_AdvFeatureConfig                    0x080095f3   Thumb Code   248  stm32f7xx_hal_uart.o(i.UART_AdvFeatureConfig)
    UART_CheckIdleState                      0x080096eb   Thumb Code   114  stm32f7xx_hal_uart.o(i.UART_CheckIdleState)
    UART_SetConfig                           0x080099a1   Thumb Code   782  stm32f7xx_hal_uart.o(i.UART_SetConfig)
    UART_Start_Receive_IT                    0x08009cdd   Thumb Code   242  stm32f7xx_hal_uart.o(i.UART_Start_Receive_IT)
    UART_WaitOnFlagUntilTimeout              0x08009dd9   Thumb Code   248  stm32f7xx_hal_uart.o(i.UART_WaitOnFlagUntilTimeout)
    USART2_IRQHandler                        0x08009ed1   Thumb Code    68  usart.o(i.USART2_IRQHandler)
    UsageFault_Handler                       0x08009f1d   Thumb Code     4  stm32f7xx_it.o(i.UsageFault_Handler)
    VoltJudge                                0x08009f21   Thumb Code   418  main.o(i.VoltJudge)
    W25Q256_erase                            0x0800a127   Thumb Code    66  w25q256.o(i.W25Q256_erase)
    W25Q256_initHardware                     0x0800a169   Thumb Code   202  w25q256.o(i.W25Q256_initHardware)
    W25Q256_read                             0x0800a239   Thumb Code    58  w25q256.o(i.W25Q256_read)
    W25Q256_write                            0x0800a3a1   Thumb Code   208  w25q256.o(i.W25Q256_write)
    W25Q256_write0                           0x0800a475   Thumb Code    88  w25q256.o(i.W25Q256_write0)
    W25Q256_writeInPage                      0x0800a51d   Thumb Code    78  w25q256.o(i.W25Q256_writeInPage)
    __0printf                                0x0800a5c5   Thumb Code    22  printfa.o(i.__0printf)
    __1printf                                0x0800a5c5   Thumb Code     0  printfa.o(i.__0printf)
    __2printf                                0x0800a5c5   Thumb Code     0  printfa.o(i.__0printf)
    __c89printf                              0x0800a5c5   Thumb Code     0  printfa.o(i.__0printf)
    printf                                   0x0800a5c5   Thumb Code     0  printfa.o(i.__0printf)
    __0sprintf                               0x0800a5e5   Thumb Code    34  printfa.o(i.__0sprintf)
    __1sprintf                               0x0800a5e5   Thumb Code     0  printfa.o(i.__0sprintf)
    __2sprintf                               0x0800a5e5   Thumb Code     0  printfa.o(i.__0sprintf)
    __c89sprintf                             0x0800a5e5   Thumb Code     0  printfa.o(i.__0sprintf)
    sprintf                                  0x0800a5e5   Thumb Code     0  printfa.o(i.__0sprintf)
    __scatterload_copy                       0x0800a645   Thumb Code    14  handlers.o(i.__scatterload_copy)
    __scatterload_null                       0x0800a653   Thumb Code     2  handlers.o(i.__scatterload_null)
    __scatterload_zeroinit                   0x0800a655   Thumb Code    14  handlers.o(i.__scatterload_zeroinit)
    ad9959_init                              0x0800af0d   Thumb Code   146  ad9959.o(i.ad9959_init)
    ad9959_io_init                           0x0800afa9   Thumb Code   366  ad9959.o(i.ad9959_io_init)
    ad9959_io_update                         0x0800b12d   Thumb Code    50  ad9959.o(i.ad9959_io_update)
    ad9959_reset                             0x0800b165   Thumb Code    46  ad9959.o(i.ad9959_reset)
    ad9959_write_amplitude                   0x0800b199   Thumb Code    54  ad9959.o(i.ad9959_write_amplitude)
    ad9959_write_data                        0x0800b1d1   Thumb Code   256  ad9959.o(i.ad9959_write_data)
    ad9959_write_frequency                   0x0800b2dd   Thumb Code    86  ad9959.o(i.ad9959_write_frequency)
    ad9959_write_phase                       0x0800b33d   Thumb Code    42  ad9959.o(i.ad9959_write_phase)
    fputc                                    0x0800b36d   Thumb Code    44  main.o(i.fputc)
    main                                     0x0800b3a5   Thumb Code   646  main.o(i.main)
    malloc                                   0x0800b69d   Thumb Code    92  malloc.o(i.malloc)
    a01_CH1                                  0x0800b708   Data         468  main.o(.constdata)
    a02_CH1                                  0x0800b8dc   Data         468  main.o(.constdata)
    a03_CH1                                  0x0800bab0   Data         468  main.o(.constdata)
    a04_CH1                                  0x0800bc84   Data         468  main.o(.constdata)
    a05_CH1                                  0x0800be58   Data         468  main.o(.constdata)
    a06_CH1                                  0x0800c02c   Data         468  main.o(.constdata)
    a07_CH1                                  0x0800c200   Data         468  main.o(.constdata)
    a08_CH1                                  0x0800c3d4   Data         468  main.o(.constdata)
    a09_CH1                                  0x0800c5a8   Data         468  main.o(.constdata)
    a10_CH1                                  0x0800c77c   Data         468  main.o(.constdata)
    a11_CH1                                  0x0800c950   Data         468  main.o(.constdata)
    a12_CH1                                  0x0800cb24   Data         468  main.o(.constdata)
    b01_CH1                                  0x0800ccf8   Data         468  main.o(.constdata)
    b02_CH1                                  0x0800cecc   Data         468  main.o(.constdata)
    b03_CH1                                  0x0800d0a0   Data         468  main.o(.constdata)
    b04_CH1                                  0x0800d274   Data         468  main.o(.constdata)
    b05_CH1                                  0x0800d448   Data         468  main.o(.constdata)
    b06_CH1                                  0x0800d61c   Data         468  main.o(.constdata)
    b07_CH1                                  0x0800d7f0   Data         468  main.o(.constdata)
    b08_CH1                                  0x0800d9c4   Data         468  main.o(.constdata)
    b09_CH1                                  0x0800db98   Data         468  main.o(.constdata)
    b10_CH1                                  0x0800dd6c   Data         468  main.o(.constdata)
    b11_CH1                                  0x0800df40   Data         468  main.o(.constdata)
    b12_CH1                                  0x0800e114   Data         468  main.o(.constdata)
    c01_CH1                                  0x0800e2e8   Data         468  main.o(.constdata)
    c02_CH1                                  0x0800e4bc   Data         468  main.o(.constdata)
    c03_CH1                                  0x0800e690   Data         468  main.o(.constdata)
    c04_CH1                                  0x0800e864   Data         468  main.o(.constdata)
    c05_CH1                                  0x0800ea38   Data         468  main.o(.constdata)
    c06_CH1                                  0x0800ec0c   Data         468  main.o(.constdata)
    c07_CH1                                  0x0800ede0   Data         468  main.o(.constdata)
    c08_CH1                                  0x0800efb4   Data         468  main.o(.constdata)
    c09_CH1                                  0x0800f188   Data         468  main.o(.constdata)
    c10_CH1                                  0x0800f35c   Data         468  main.o(.constdata)
    c11_CH1                                  0x0800f530   Data         468  main.o(.constdata)
    c12_CH1                                  0x0800f704   Data         468  main.o(.constdata)
    d01_CH1                                  0x0800f8d8   Data         468  main.o(.constdata)
    d02_CH1                                  0x0800faac   Data         468  main.o(.constdata)
    d03_CH1                                  0x0800fc80   Data         468  main.o(.constdata)
    d04_CH1                                  0x0800fe54   Data         468  main.o(.constdata)
    d05_CH1                                  0x08010028   Data         468  main.o(.constdata)
    d06_CH1                                  0x080101fc   Data         468  main.o(.constdata)
    d07_CH1                                  0x080103d0   Data         468  main.o(.constdata)
    d08_CH1                                  0x080105a4   Data         468  main.o(.constdata)
    d09_CH1                                  0x08010778   Data         468  main.o(.constdata)
    d10_CH1                                  0x0801094c   Data         468  main.o(.constdata)
    d11_CH1                                  0x08010b20   Data         468  main.o(.constdata)
    d12_CH1                                  0x08010cf4   Data         468  main.o(.constdata)
    e01_CH1                                  0x08010ec8   Data         468  main.o(.constdata)
    e02_CH1                                  0x0801109c   Data         468  main.o(.constdata)
    e03_CH1                                  0x08011270   Data         468  main.o(.constdata)
    e04_CH1                                  0x08011444   Data         468  main.o(.constdata)
    e05_CH1                                  0x08011618   Data         468  main.o(.constdata)
    e06_CH1                                  0x080117ec   Data         468  main.o(.constdata)
    e07_CH1                                  0x080119c0   Data         468  main.o(.constdata)
    e08_CH1                                  0x08011b94   Data         468  main.o(.constdata)
    e09_CH1                                  0x08011d68   Data         468  main.o(.constdata)
    e10_CH1                                  0x08011f3c   Data         468  main.o(.constdata)
    e11_CH1                                  0x08012110   Data         468  main.o(.constdata)
    e12_CH1                                  0x080122e4   Data         468  main.o(.constdata)
    f01_CH1                                  0x080124b8   Data         468  main.o(.constdata)
    f02_CH1                                  0x0801268c   Data         468  main.o(.constdata)
    f03_CH1                                  0x08012860   Data         468  main.o(.constdata)
    f04_CH1                                  0x08012a34   Data         468  main.o(.constdata)
    f05_CH1                                  0x08012c08   Data         468  main.o(.constdata)
    f06_CH1                                  0x08012ddc   Data         468  main.o(.constdata)
    f07_CH1                                  0x08012fb0   Data         468  main.o(.constdata)
    f08_CH1                                  0x08013184   Data         468  main.o(.constdata)
    f09_CH1                                  0x08013358   Data         468  main.o(.constdata)
    f10_CH1                                  0x0801352c   Data         468  main.o(.constdata)
    f11_CH1                                  0x08013700   Data         468  main.o(.constdata)
    f12_CH1                                  0x080138d4   Data         468  main.o(.constdata)
    g01_CH1                                  0x08013aa8   Data         468  main.o(.constdata)
    g02_CH1                                  0x08013c7c   Data         468  main.o(.constdata)
    g03_CH1                                  0x08013e50   Data         468  main.o(.constdata)
    g04_CH1                                  0x08014024   Data         468  main.o(.constdata)
    g05_CH1                                  0x080141f8   Data         468  main.o(.constdata)
    g06_CH1                                  0x080143cc   Data         468  main.o(.constdata)
    g07_CH1                                  0x080145a0   Data         468  main.o(.constdata)
    g08_CH1                                  0x08014774   Data         468  main.o(.constdata)
    g09_CH1                                  0x08014948   Data         468  main.o(.constdata)
    g10_CH1                                  0x08014b1c   Data         468  main.o(.constdata)
    g11_CH1                                  0x08014cf0   Data         468  main.o(.constdata)
    g12_CH1                                  0x08014ec4   Data         468  main.o(.constdata)
    h01_CH1                                  0x08015098   Data         468  main.o(.constdata)
    h02_CH1                                  0x0801526c   Data         468  main.o(.constdata)
    h03_CH1                                  0x08015440   Data         468  main.o(.constdata)
    h04_CH1                                  0x08015614   Data         468  main.o(.constdata)
    h05_CH1                                  0x080157e8   Data         468  main.o(.constdata)
    h06_CH1                                  0x080159bc   Data         468  main.o(.constdata)
    h07_CH1                                  0x08015b90   Data         468  main.o(.constdata)
    h08_CH1                                  0x08015d64   Data         468  main.o(.constdata)
    h09_CH1                                  0x08015f38   Data         468  main.o(.constdata)
    h10_CH1                                  0x0801610c   Data         468  main.o(.constdata)
    h11_CH1                                  0x080162e0   Data         468  main.o(.constdata)
    h12_CH1                                  0x080164b4   Data         468  main.o(.constdata)
    i01_CH1                                  0x08016688   Data         468  main.o(.constdata)
    i02_CH1                                  0x0801685c   Data         468  main.o(.constdata)
    i03_CH1                                  0x08016a30   Data         468  main.o(.constdata)
    i04_CH1                                  0x08016c04   Data         468  main.o(.constdata)
    i05_CH1                                  0x08016dd8   Data         468  main.o(.constdata)
    i06_CH1                                  0x08016fac   Data         468  main.o(.constdata)
    i07_CH1                                  0x08017180   Data         468  main.o(.constdata)
    i08_CH1                                  0x08017354   Data         468  main.o(.constdata)
    i09_CH1                                  0x08017528   Data         468  main.o(.constdata)
    i10_CH1                                  0x080176fc   Data         468  main.o(.constdata)
    i11_CH1                                  0x080178d0   Data         468  main.o(.constdata)
    i12_CH1                                  0x08017aa4   Data         468  main.o(.constdata)
    j01_CH1                                  0x08017c78   Data         468  main.o(.constdata)
    j02_CH1                                  0x08017e4c   Data         468  main.o(.constdata)
    j03_CH1                                  0x08018020   Data         468  main.o(.constdata)
    j04_CH1                                  0x080181f4   Data         468  main.o(.constdata)
    j05_CH1                                  0x080183c8   Data         468  main.o(.constdata)
    j06_CH1                                  0x0801859c   Data         468  main.o(.constdata)
    j07_CH1                                  0x08018770   Data         468  main.o(.constdata)
    j08_CH1                                  0x08018944   Data         468  main.o(.constdata)
    j09_CH1                                  0x08018b18   Data         468  main.o(.constdata)
    j10_CH1                                  0x08018cec   Data         468  main.o(.constdata)
    j11_CH1                                  0x08018ec0   Data         468  main.o(.constdata)
    j12_CH1                                  0x08019094   Data         468  main.o(.constdata)
    k01_CH1                                  0x08019268   Data         468  main.o(.constdata)
    k02_CH1                                  0x0801943c   Data         468  main.o(.constdata)
    k03_CH1                                  0x08019610   Data         468  main.o(.constdata)
    k04_CH1                                  0x080197e4   Data         468  main.o(.constdata)
    k05_CH1                                  0x080199b8   Data         468  main.o(.constdata)
    k06_CH1                                  0x08019b8c   Data         468  main.o(.constdata)
    k07_CH1                                  0x08019d60   Data         468  main.o(.constdata)
    k08_CH1                                  0x08019f34   Data         468  main.o(.constdata)
    k09_CH1                                  0x0801a108   Data         468  main.o(.constdata)
    k10_CH1                                  0x0801a2dc   Data         468  main.o(.constdata)
    k11_CH1                                  0x0801a4b0   Data         468  main.o(.constdata)
    k12_CH1                                  0x0801a684   Data         468  main.o(.constdata)
    l01_CH1                                  0x0801a858   Data         468  main.o(.constdata)
    l02_CH1                                  0x0801aa2c   Data         468  main.o(.constdata)
    l03_CH1                                  0x0801ac00   Data         468  main.o(.constdata)
    l04_CH1                                  0x0801add4   Data         468  main.o(.constdata)
    l05_CH1                                  0x0801afa8   Data         468  main.o(.constdata)
    l06_CH1                                  0x0801b17c   Data         468  main.o(.constdata)
    l07_CH1                                  0x0801b350   Data         468  main.o(.constdata)
    l08_CH1                                  0x0801b524   Data         468  main.o(.constdata)
    l09_CH1                                  0x0801b6f8   Data         468  main.o(.constdata)
    l10_CH1                                  0x0801b8cc   Data         468  main.o(.constdata)
    l11_CH1                                  0x0801baa0   Data         468  main.o(.constdata)
    l12_CH1                                  0x0801bc74   Data         468  main.o(.constdata)
    BoardNullV                               0x0801be48   Data         468  main.o(.constdata)
    DE67                                     0x0801c01c   Data         156  main.o(.constdata)
    EF56                                     0x0801c0b8   Data         156  main.o(.constdata)
    AHBPrescTable                            0x0801c15c   Data          16  system_stm32f7xx.o(.constdata)
    APBPrescTable                            0x0801c16c   Data           8  system_stm32f7xx.o(.constdata)
    Region$$Table$$Base                      0x0801c174   Number         0  anon$$obj.o(Region$$Table)
    Region$$Table$$Limit                     0x0801c194   Number         0  anon$$obj.o(Region$$Table)
    uartuse                                  0x20000000   Data           1  main.o(.data)
    qspi_handler                             0x20000004   Data           4  main.o(.data)
    pp                                       0x20000008   Data           4  main.o(.data)
    SAMP_DIV                                 0x2000000c   Data           1  main.o(.data)
    re                                       0x2000000d   Data           1  main.o(.data)
    start_address                            0x20000010   Data           4  main.o(.data)
    find_address                             0x20000014   Data           4  main.o(.data)
    AVE_NUM                                  0x20000018   Data           1  main.o(.data)
    sapa                                     0x20000019   Data           1  main.o(.data)
    calibration_num                          0x2000001a   Data           1  main.o(.data)
    Pos_Storage_Num                          0x2000001c   Data           2  main.o(.data)
    Knock_flag                               0x2000001e   Data           1  main.o(.data)
    dds_stopflag                             0x2000001f   Data           1  main.o(.data)
    pr_flag                                  0x20000020   Data           4  main.o(.data)
    loc                                      0x20000024   Data           8  main.o(.data)
    chf                                      0x2000002c   Data           2  main.o(.data)
    set_rand                                 0x2000002e   Data           1  main.o(.data)
    AD7606C_ID                               0x20000030   Data           2  main.o(.data)
    start                                    0x20000032   Data           2  main.o(.data)
    stop                                     0x20000034   Data           2  main.o(.data)
    cnt                                      0x20000038   Data           4  main.o(.data)
    cnt_ave                                  0x2000003c   Data           4  main.o(.data)
    freq                                     0x20000040   Data           2  main.o(.data)
    row_neg                                  0x20000042   Data           2  main.o(.data)
    min_neg                                  0x20000044   Data           4  main.o(.data)
    norm_DE                                  0x20000048   Data           4  main.o(.data)
    norm_EF                                  0x2000004c   Data           4  main.o(.data)
    rand1                                    0x20000050   Data         576  main.o(.data)
    rand2                                    0x20000290   Data         576  main.o(.data)
    oystate                                  0x200004d0   Data           1  main.o(.data)
    USART_RX_STA                             0x200004dc   Data           2  usart.o(.data)
    aRxBuffer                                0x200004de   Data           1  usart.o(.data)
    uwTick                                   0x200004e0   Data           4  stm32f7xx_hal.o(.data)
    uwTickPrio                               0x200004e4   Data           4  stm32f7xx_hal.o(.data)
    uwTickFreq                               0x200004e8   Data           1  stm32f7xx_hal.o(.data)
    SystemCoreClock                          0x200004ec   Data           4  system_stm32f7xx.o(.data)
    sampflag                                 0x200004f0   Data           1  ad7606c.o(.data)
    p                                        0x200004f4   Data           4  ad7606c.o(.data)
    AD7606C_flag                             0x200004f8   Data           1  ad7606c.o(.data)
    FR2_DATA                                 0x200004f9   Data           2  ad9959.o(.data)
    CFR_DATA                                 0x200004fb   Data           3  ad9959.o(.data)
    CPOW0_DATA                               0x200004fe   Data           2  ad9959.o(.data)
    LSRR_DATA                                0x20000500   Data           2  ad9959.o(.data)
    RDW_DATA                                 0x20000502   Data           4  ad9959.o(.data)
    FDW_DATA                                 0x20000506   Data           4  ad9959.o(.data)
    __stdout                                 0x2000050c   Data           4  stdout.o(.data)
    __microlib_freelist                      0x20000510   Data           4  mvars.o(.data)
    __microlib_freelist_initialised          0x20000514   Data           4  mvars.o(.data)
    buf1                                     0x20000518   Data         100  main.o(.bss)
    data                                     0x2000057c   Data       16384  main.o(.bss)
    data_mode2                               0x2000457c   Data       65536  main.o(.bss)
    volt_mode2                               0x2001457c   Data       65536  main.o(.bss)
    percent                                  0x2002457c   Data          12  main.o(.bss)
    volt                                     0x20024588   Data       16384  main.o(.bss)
    AD_Vpp                                   0x20028588   Data        1600  main.o(.bss)
    AD_Vpp_All                               0x20028bc8   Data        1200  main.o(.bss)
    Neg_res                                  0x20029078   Data         144  main.o(.bss)
    AD_Max                                   0x20029108   Data        1600  main.o(.bss)
    AD_Min                                   0x20029748   Data        1600  main.o(.bss)
    AD_AVE                                   0x20029d88   Data         624  main.o(.bss)
    AD_AVEM4                                 0x20029ff8   Data         624  main.o(.bss)
    AD_AVEM4_Load                            0x2002a268   Data        1600  main.o(.bss)
    Mode4_Res                                0x2002a8a8   Data        2500  main.o(.bss)
    Norm_Mode2                               0x2002b26c   Data         576  main.o(.bss)
    xcorr_out                                0x2002b4ac   Data       32752  main.o(.bss)
    xcorr_out_test                           0x2003349c   Data       32752  main.o(.bss)
    row                                      0x2003b48c   Data         200  main.o(.bss)
    hsram1                                   0x2003b554   Data          76  fmc.o(.bss)
    hsdram1                                  0x2003b5a0   Data          52  fmc.o(.bss)
    hqspi                                    0x2003b5d4   Data          76  quadspi.o(.bss)
    htim4                                    0x2003b620   Data          76  tim.o(.bss)
    htim5                                    0x2003b66c   Data          76  tim.o(.bss)
    hdma_tim4_up                             0x2003b6b8   Data          96  tim.o(.bss)
    USART_RX_BUF                             0x2003b718   Data         100  usart.o(.bss)
    huart1                                   0x2003b77c   Data         132  usart.o(.bss)
    huart2                                   0x2003b800   Data         132  usart.o(.bss)
    huart3                                   0x2003b884   Data         132  usart.o(.bss)
    __heap_base                              0x2003c908   Data           0  startup_stm32f767xx.o(HEAP)
    __heap_limit                             0x2003db08   Data           0  startup_stm32f767xx.o(HEAP)
    __initial_sp                             0x2003fb08   Data           0  startup_stm32f767xx.o(STACK)



==============================================================================

Memory Map of the image

  Image Entry point : 0x080001f9

  Load Region LR_IROM1 (Base: 0x08000000, Size: 0x0001c6ac, Max: 0x00100000, ABSOLUTE, COMPRESSED[0x0001c640])

    Execution Region ER_IROM1 (Exec base: 0x08000000, Load base: 0x08000000, Size: 0x0001c194, Max: 0x00100000, ABSOLUTE)

    Exec Addr    Load Addr    Size         Type   Attr      Idx    E Section Name        Object

    0x08000000   0x08000000   0x000001f8   Data   RO            3    RESET               startup_stm32f767xx.o
    0x080001f8   0x080001f8   0x00000000   Code   RO         5885  * .ARM.Collect$$$$00000000  mc_w.l(entry.o)
    0x080001f8   0x080001f8   0x00000004   Code   RO         6246    .ARM.Collect$$$$00000001  mc_w.l(entry2.o)
    0x080001fc   0x080001fc   0x00000004   Code   RO         6249    .ARM.Collect$$$$00000004  mc_w.l(entry5.o)
    0x08000200   0x08000200   0x00000000   Code   RO         6251    .ARM.Collect$$$$00000008  mc_w.l(entry7b.o)
    0x08000200   0x08000200   0x00000000   Code   RO         6253    .ARM.Collect$$$$0000000A  mc_w.l(entry8b.o)
    0x08000200   0x08000200   0x00000008   Code   RO         6254    .ARM.Collect$$$$0000000B  mc_w.l(entry9a.o)
    0x08000208   0x08000208   0x00000004   Code   RO         6261    .ARM.Collect$$$$0000000E  mc_w.l(entry12b.o)
    0x0800020c   0x0800020c   0x00000000   Code   RO         6256    .ARM.Collect$$$$0000000F  mc_w.l(entry10a.o)
    0x0800020c   0x0800020c   0x00000000   Code   RO         6258    .ARM.Collect$$$$00000011  mc_w.l(entry11a.o)
    0x0800020c   0x0800020c   0x00000004   Code   RO         6247    .ARM.Collect$$$$00002712  mc_w.l(entry2.o)
    0x08000210   0x08000210   0x00000024   Code   RO            4    .text               startup_stm32f767xx.o
    0x08000234   0x08000234   0x000005bc   Code   RO         5446    .text               arm_cortexM7lfdp_math.lib(arm_correlate_f32.o)
    0x080007f0   0x080007f0   0x00000062   Code   RO         5888    .text               mc_w.l(uldiv.o)
    0x08000852   0x08000852   0x00000024   Code   RO         5890    .text               mc_w.l(memseta.o)
    0x08000876   0x08000876   0x0000002c   Code   RO         6263    .text               mc_w.l(uidiv.o)
    0x080008a2   0x080008a2   0x0000001e   Code   RO         6265    .text               mc_w.l(llshl.o)
    0x080008c0   0x080008c0   0x00000020   Code   RO         6267    .text               mc_w.l(llushr.o)
    0x080008e0   0x080008e0   0x00000000   Code   RO         6282    .text               mc_w.l(iusefp.o)
    0x080008e0   0x080008e0   0x0000014e   Code   RO         6283    .text               mf_w.l(dadd.o)
    0x08000a2e   0x08000a2e   0x000000e4   Code   RO         6285    .text               mf_w.l(dmul.o)
    0x08000b12   0x08000b12   0x000000de   Code   RO         6287    .text               mf_w.l(ddiv.o)
    0x08000bf0   0x08000bf0   0x00000030   Code   RO         6291    .text               mf_w.l(dfixul.o)
    0x08000c20   0x08000c20   0x00000030   Code   RO         6293    .text               mf_w.l(cdrcmple.o)
    0x08000c50   0x08000c50   0x00000024   Code   RO         6295    .text               mc_w.l(init.o)
    0x08000c74   0x08000c74   0x00000024   Code   RO         6297    .text               mc_w.l(llsshr.o)
    0x08000c98   0x08000c98   0x000000ba   Code   RO         6299    .text               mf_w.l(depilogue.o)
    0x08000d52   0x08000d52   0x0000003a   Code   RO         6309    .text               mc_w.l(__dczerorl.o)
    0x08000d8c   0x08000d8c   0x00000048   Code   RO         4752    i.AD7606C_BitToFloat  ad7606c.o
    0x08000dd4   0x08000dd4   0x00000078   Code   RO         4753    i.AD7606C_Init      ad7606c.o
    0x08000e4c   0x08000e4c   0x00000120   Code   RO           13    i.AD7606C_MEASURE_Mode2  main.o
    0x08000f6c   0x08000f6c   0x000000dc   Code   RO         4754    i.AD7606C_SAMP_Start  ad7606c.o
    0x08001048   0x08001048   0x000000a8   Code   RO           14    i.ADC_BitToFloat_Mode2  main.o
    0x080010f0   0x080010f0   0x00000004   Code   RO          650    i.BusFault_Handler  stm32f7xx_it.o
    0x080010f4   0x080010f4   0x0000002c   Code   RO           15    i.DMA1_Stream6_IRQHandler  main.o
    0x08001120   0x08001120   0x00000034   Code   RO         1495    i.DMA_CalcBaseAndBitshift  stm32f7xx_hal_dma.o
    0x08001154   0x08001154   0x000000aa   Code   RO         1496    i.DMA_CheckFifoParam  stm32f7xx_hal_dma.o
    0x080011fe   0x080011fe   0x00000002   Code   RO          651    i.DebugMon_Handler  stm32f7xx_it.o
    0x08001200   0x08001200   0x00000018   Code   RO         4755    i.EXTI9_5_IRQHandler  ad7606c.o
    0x08001218   0x08001218   0x00000002   Code   RO           16    i.Error_Handler     main.o
    0x0800121a   0x0800121a   0x00000002   PAD
    0x0800121c   0x0800121c   0x00000044   Code   RO          898    i.FMC_NORSRAM_Extended_Timing_Init  stm32f7xx_ll_fmc.o
    0x08001260   0x08001260   0x000000a4   Code   RO          899    i.FMC_NORSRAM_Init  stm32f7xx_ll_fmc.o
    0x08001304   0x08001304   0x00000066   Code   RO          900    i.FMC_NORSRAM_Timing_Init  stm32f7xx_ll_fmc.o
    0x0800136a   0x0800136a   0x0000006c   Code   RO          905    i.FMC_SDRAM_Init    stm32f7xx_ll_fmc.o
    0x080013d6   0x080013d6   0x00000002   PAD
    0x080013d8   0x080013d8   0x00000094   Code   RO          909    i.FMC_SDRAM_Timing_Init  stm32f7xx_ll_fmc.o
    0x0800146c   0x0800146c   0x000000ac   Code   RO         1498    i.HAL_DMA_Abort     stm32f7xx_hal_dma.o
    0x08001518   0x08001518   0x00000028   Code   RO         1499    i.HAL_DMA_Abort_IT  stm32f7xx_hal_dma.o
    0x08001540   0x08001540   0x00000240   Code   RO         1503    i.HAL_DMA_IRQHandler  stm32f7xx_hal_dma.o
    0x08001780   0x08001780   0x000000ec   Code   RO         1504    i.HAL_DMA_Init      stm32f7xx_hal_dma.o
    0x0800186c   0x0800186c   0x00000060   Code   RO         1506    i.HAL_DMA_RegisterCallback  stm32f7xx_hal_dma.o
    0x080018cc   0x080018cc   0x00000028   Code   RO         1865    i.HAL_Delay         stm32f7xx_hal.o
    0x080018f4   0x080018f4   0x000000ec   Code   RO          423    i.HAL_FMC_MspInit   fmc.o
    0x080019e0   0x080019e0   0x0000020c   Code   RO         1432    i.HAL_GPIO_Init     stm32f7xx_hal_gpio.o
    0x08001bec   0x08001bec   0x00000010   Code   RO         1434    i.HAL_GPIO_ReadPin  stm32f7xx_hal_gpio.o
    0x08001bfc   0x08001bfc   0x0000000c   Code   RO         1436    i.HAL_GPIO_WritePin  stm32f7xx_hal_gpio.o
    0x08001c08   0x08001c08   0x0000000c   Code   RO         1875    i.HAL_GetTick       stm32f7xx_hal.o
    0x08001c14   0x08001c14   0x00000018   Code   RO         1881    i.HAL_IncTick       stm32f7xx_hal.o
    0x08001c2c   0x08001c2c   0x00000016   Code   RO         1882    i.HAL_Init          stm32f7xx_hal.o
    0x08001c42   0x08001c42   0x00000002   PAD
    0x08001c44   0x08001c44   0x0000004c   Code   RO         1883    i.HAL_InitTick      stm32f7xx_hal.o
    0x08001c90   0x08001c90   0x0000005c   Code   RO          750    i.HAL_MPU_ConfigRegion  stm32f7xx_hal_cortex.o
    0x08001cec   0x08001cec   0x0000002c   Code   RO          751    i.HAL_MPU_Disable   stm32f7xx_hal_cortex.o
    0x08001d18   0x08001d18   0x00000040   Code   RO          752    i.HAL_MPU_Enable    stm32f7xx_hal_cortex.o
    0x08001d58   0x08001d58   0x00000040   Code   RO          726    i.HAL_MspInit       stm32f7xx_hal_msp.o
    0x08001d98   0x08001d98   0x00000020   Code   RO          755    i.HAL_NVIC_EnableIRQ  stm32f7xx_hal_cortex.o
    0x08001db8   0x08001db8   0x0000007c   Code   RO          761    i.HAL_NVIC_SetPriority  stm32f7xx_hal_cortex.o
    0x08001e34   0x08001e34   0x00000028   Code   RO          762    i.HAL_NVIC_SetPriorityGrouping  stm32f7xx_hal_cortex.o
    0x08001e5c   0x08001e5c   0x00000090   Code   RO         1772    i.HAL_PWREx_EnableOverDrive  stm32f7xx_hal_pwr_ex.o
    0x08001eec   0x08001eec   0x000000a4   Code   RO         2956    i.HAL_QSPI_Command  stm32f7xx_hal_qspi.o
    0x08001f90   0x08001f90   0x000000c0   Code   RO         2965    i.HAL_QSPI_Init     stm32f7xx_hal_qspi.o
    0x08002050   0x08002050   0x000000f4   Code   RO          488    i.HAL_QSPI_MspInit  quadspi.o
    0x08002144   0x08002144   0x000000e4   Code   RO         2969    i.HAL_QSPI_Receive  stm32f7xx_hal_qspi.o
    0x08002228   0x08002228   0x00000004   Code   RO         2976    i.HAL_QSPI_SetTimeout  stm32f7xx_hal_qspi.o
    0x0800222c   0x0800222c   0x000000d4   Code   RO         2979    i.HAL_QSPI_Transmit  stm32f7xx_hal_qspi.o
    0x08002300   0x08002300   0x0000075c   Code   RO         1148    i.HAL_RCCEx_PeriphCLKConfig  stm32f7xx_hal_rcc_ex.o
    0x08002a5c   0x08002a5c   0x00000194   Code   RO         1041    i.HAL_RCC_ClockConfig  stm32f7xx_hal_rcc.o
    0x08002bf0   0x08002bf0   0x0000000c   Code   RO         1046    i.HAL_RCC_GetHCLKFreq  stm32f7xx_hal_rcc.o
    0x08002bfc   0x08002bfc   0x00000020   Code   RO         1048    i.HAL_RCC_GetPCLK1Freq  stm32f7xx_hal_rcc.o
    0x08002c1c   0x08002c1c   0x00000020   Code   RO         1049    i.HAL_RCC_GetPCLK2Freq  stm32f7xx_hal_rcc.o
    0x08002c3c   0x08002c3c   0x000000b0   Code   RO         1050    i.HAL_RCC_GetSysClockFreq  stm32f7xx_hal_rcc.o
    0x08002cec   0x08002cec   0x00000514   Code   RO         1053    i.HAL_RCC_OscConfig  stm32f7xx_hal_rcc.o
    0x08003200   0x08003200   0x00000040   Code   RO         2785    i.HAL_SDRAM_Init    stm32f7xx_hal_sdram.o
    0x08003240   0x08003240   0x0000000a   Code   RO          425    i.HAL_SDRAM_MspInit  fmc.o
    0x0800324a   0x0800324a   0x0000005e   Code   RO         2648    i.HAL_SRAM_Init     stm32f7xx_hal_sram.o
    0x080032a8   0x080032a8   0x0000000a   Code   RO          427    i.HAL_SRAM_MspInit  fmc.o
    0x080032b2   0x080032b2   0x00000034   Code   RO          766    i.HAL_SYSTICK_Config  stm32f7xx_hal_cortex.o
    0x080032e6   0x080032e6   0x00000002   Code   RO         3944    i.HAL_TIMEx_Break2Callback  stm32f7xx_hal_tim_ex.o
    0x080032e8   0x080032e8   0x00000002   Code   RO         3945    i.HAL_TIMEx_BreakCallback  stm32f7xx_hal_tim_ex.o
    0x080032ea   0x080032ea   0x00000002   Code   RO         3946    i.HAL_TIMEx_CommutCallback  stm32f7xx_hal_tim_ex.o
    0x080032ec   0x080032ec   0x000000cc   Code   RO         3966    i.HAL_TIMEx_MasterConfigSynchronization  stm32f7xx_hal_tim_ex.o
    0x080033b8   0x080033b8   0x0000006e   Code   RO         3219    i.HAL_TIM_Base_Init  stm32f7xx_hal_tim.o
    0x08003426   0x08003426   0x00000002   PAD
    0x08003428   0x08003428   0x000000e4   Code   RO          530    i.HAL_TIM_Base_MspInit  tim.o
    0x0800350c   0x0800350c   0x000000a8   Code   RO         3222    i.HAL_TIM_Base_Start  stm32f7xx_hal_tim.o
    0x080035b4   0x080035b4   0x00000032   Code   RO         3225    i.HAL_TIM_Base_Stop  stm32f7xx_hal_tim.o
    0x080035e6   0x080035e6   0x00000002   PAD
    0x080035e8   0x080035e8   0x00000110   Code   RO         3228    i.HAL_TIM_ConfigClockSource  stm32f7xx_hal_tim.o
    0x080036f8   0x080036f8   0x00000002   Code   RO         3253    i.HAL_TIM_IC_CaptureCallback  stm32f7xx_hal_tim.o
    0x080036fa   0x080036fa   0x000001b8   Code   RO         3267    i.HAL_TIM_IRQHandler  stm32f7xx_hal_tim.o
    0x080038b2   0x080038b2   0x00000002   PAD
    0x080038b4   0x080038b4   0x0000005c   Code   RO          531    i.HAL_TIM_MspPostInit  tim.o
    0x08003910   0x08003910   0x00000002   Code   RO         3270    i.HAL_TIM_OC_DelayElapsedCallback  stm32f7xx_hal_tim.o
    0x08003912   0x08003912   0x00000170   Code   RO         3291    i.HAL_TIM_PWM_ConfigChannel  stm32f7xx_hal_tim.o
    0x08003a82   0x08003a82   0x0000006e   Code   RO         3294    i.HAL_TIM_PWM_Init  stm32f7xx_hal_tim.o
    0x08003af0   0x08003af0   0x00000002   Code   RO         3296    i.HAL_TIM_PWM_MspInit  stm32f7xx_hal_tim.o
    0x08003af2   0x08003af2   0x00000002   Code   RO         3297    i.HAL_TIM_PWM_PulseFinishedCallback  stm32f7xx_hal_tim.o
    0x08003af4   0x08003af4   0x00000144   Code   RO         3299    i.HAL_TIM_PWM_Start  stm32f7xx_hal_tim.o
    0x08003c38   0x08003c38   0x000000c0   Code   RO         3302    i.HAL_TIM_PWM_Stop  stm32f7xx_hal_tim.o
    0x08003cf8   0x08003cf8   0x00000002   Code   RO         3305    i.HAL_TIM_PeriodElapsedCallback  stm32f7xx_hal_tim.o
    0x08003cfa   0x08003cfa   0x00000002   Code   RO         3310    i.HAL_TIM_TriggerCallback  stm32f7xx_hal_tim.o
    0x08003cfc   0x08003cfc   0x00000002   Code   RO         4238    i.HAL_UARTEx_RxEventCallback  stm32f7xx_hal_uart.o
    0x08003cfe   0x08003cfe   0x00000002   Code   RO         4239    i.HAL_UARTEx_WakeupCallback  stm32f7xx_hal_uart.o
    0x08003d00   0x08003d00   0x00000002   Code   RO         4255    i.HAL_UART_ErrorCallback  stm32f7xx_hal_uart.o
    0x08003d02   0x08003d02   0x0000000c   Code   RO         4257    i.HAL_UART_GetState  stm32f7xx_hal_uart.o
    0x08003d0e   0x08003d0e   0x00000002   PAD
    0x08003d10   0x08003d10   0x00000344   Code   RO         4258    i.HAL_UART_IRQHandler  stm32f7xx_hal_uart.o
    0x08004054   0x08004054   0x00000074   Code   RO         4259    i.HAL_UART_Init     stm32f7xx_hal_uart.o
    0x080040c8   0x080040c8   0x0000017c   Code   RO          584    i.HAL_UART_MspInit  usart.o
    0x08004244   0x08004244   0x00000064   Code   RO         4264    i.HAL_UART_Receive_IT  stm32f7xx_hal_uart.o
    0x080042a8   0x080042a8   0x00000088   Code   RO          585    i.HAL_UART_RxCpltCallback  usart.o
    0x08004330   0x08004330   0x000000d2   Code   RO         4268    i.HAL_UART_Transmit  stm32f7xx_hal_uart.o
    0x08004402   0x08004402   0x00000002   Code   RO         4271    i.HAL_UART_TxCpltCallback  stm32f7xx_hal_uart.o
    0x08004404   0x08004404   0x00000040   Code   RO           17    i.HMISend           main.o
    0x08004444   0x08004444   0x00000038   Code   RO           18    i.HMISends          main.o
    0x0800447c   0x0800447c   0x00000004   Code   RO          652    i.HardFault_Handler  stm32f7xx_it.o
    0x08004480   0x08004480   0x0000009a   Code   RO           19    i.MPU_Config        main.o
    0x0800451a   0x0800451a   0x00000002   PAD
    0x0800451c   0x0800451c   0x00000034   Code   RO          398    i.MX_DMA_Init       dma.o
    0x08004550   0x08004550   0x000000e8   Code   RO          428    i.MX_FMC_Init       fmc.o
    0x08004638   0x08004638   0x00000228   Code   RO          374    i.MX_GPIO_Init      gpio.o
    0x08004860   0x08004860   0x0000003c   Code   RO          489    i.MX_QUADSPI_Init   quadspi.o
    0x0800489c   0x0800489c   0x000000ac   Code   RO          532    i.MX_TIM4_Init      tim.o
    0x08004948   0x08004948   0x0000006c   Code   RO          533    i.MX_TIM5_Init      tim.o
    0x080049b4   0x080049b4   0x00000040   Code   RO          586    i.MX_USART1_UART_Init  usart.o
    0x080049f4   0x080049f4   0x00000040   Code   RO          587    i.MX_USART2_UART_Init  usart.o
    0x08004a34   0x08004a34   0x00000034   Code   RO          588    i.MX_USART3_UART_Init  usart.o
    0x08004a68   0x08004a68   0x00000004   Code   RO          653    i.MemManage_Handler  stm32f7xx_it.o
    0x08004a6c   0x08004a6c   0x00000002   Code   RO          654    i.NMI_Handler       stm32f7xx_it.o
    0x08004a6e   0x08004a6e   0x00000002   PAD
    0x08004a70   0x08004a70   0x00000060   Code   RO           20    i.Neg_Init          main.o
    0x08004ad0   0x08004ad0   0x00003124   Code   RO           21    i.NormMode2         main.o
    0x08007bf4   0x08007bf4   0x0000004c   Code   RO         5026    i.OY_FindMax        user_function.o
    0x08007c40   0x08007c40   0x0000008c   Code   RO         5027    i.OY_FindMaxMin     user_function.o
    0x08007ccc   0x08007ccc   0x00000048   Code   RO         5028    i.OY_FindMin        user_function.o
    0x08007d14   0x08007d14   0x0000005c   Code   RO         5029    i.OY_Norm           user_function.o
    0x08007d70   0x08007d70   0x00000066   Code   RO         5030    i.OY_Normalization  user_function.o
    0x08007dd6   0x08007dd6   0x00000002   Code   RO          655    i.PendSV_Handler    stm32f7xx_it.o
    0x08007dd8   0x08007dd8   0x000003c8   Code   RO           22    i.PosM4_Test        main.o
    0x080081a0   0x080081a0   0x00000074   Code   RO           23    i.Pos_Init          main.o
    0x08008214   0x08008214   0x00000424   Code   RO           24    i.Pos_Storage       main.o
    0x08008638   0x08008638   0x000001e8   Code   RO         2984    i.QSPI_Config       stm32f7xx_hal_qspi.o
    0x08008820   0x08008820   0x0000004c   Code   RO         2991    i.QSPI_WaitFlagStateUntilTimeout  stm32f7xx_hal_qspi.o
    0x0800886c   0x0800886c   0x00000002   Code   RO          656    i.SVC_Handler       stm32f7xx_it.o
    0x0800886e   0x0800886e   0x00000002   PAD
    0x08008870   0x08008870   0x00000658   Code   RO           28    i.Signal_Samp_Neg   main.o
    0x08008ec8   0x08008ec8   0x00000248   Code   RO           29    i.Signal_Samp_Pos   main.o
    0x08009110   0x08009110   0x00000008   Code   RO          657    i.SysTick_Handler   stm32f7xx_it.o
    0x08009118   0x08009118   0x000000d8   Code   RO           30    i.SystemClock_Config  main.o
    0x080091f0   0x080091f0   0x00000014   Code   RO         4716    i.SystemInit        system_stm32f7xx.o
    0x08009204   0x08009204   0x00000010   Code   RO           31    i.TIM4_IRQHandler   main.o
    0x08009214   0x08009214   0x000000d8   Code   RO         3312    i.TIM_Base_SetConfig  stm32f7xx_hal_tim.o
    0x080092ec   0x080092ec   0x00000022   Code   RO         3313    i.TIM_CCxChannelCmd  stm32f7xx_hal_tim.o
    0x0800930e   0x0800930e   0x00000016   Code   RO         3323    i.TIM_ETR_SetConfig  stm32f7xx_hal_tim.o
    0x08009324   0x08009324   0x00000012   Code   RO         3324    i.TIM_ITRx_SetConfig  stm32f7xx_hal_tim.o
    0x08009336   0x08009336   0x00000002   PAD
    0x08009338   0x08009338   0x00000074   Code   RO         3325    i.TIM_OC1_SetConfig  stm32f7xx_hal_tim.o
    0x080093ac   0x080093ac   0x00000080   Code   RO         3326    i.TIM_OC2_SetConfig  stm32f7xx_hal_tim.o
    0x0800942c   0x0800942c   0x0000007c   Code   RO         3327    i.TIM_OC3_SetConfig  stm32f7xx_hal_tim.o
    0x080094a8   0x080094a8   0x00000058   Code   RO         3328    i.TIM_OC4_SetConfig  stm32f7xx_hal_tim.o
    0x08009500   0x08009500   0x00000050   Code   RO         3329    i.TIM_OC5_SetConfig  stm32f7xx_hal_tim.o
    0x08009550   0x08009550   0x00000054   Code   RO         3330    i.TIM_OC6_SetConfig  stm32f7xx_hal_tim.o
    0x080095a4   0x080095a4   0x00000026   Code   RO         3332    i.TIM_TI1_ConfigInputStage  stm32f7xx_hal_tim.o
    0x080095ca   0x080095ca   0x00000028   Code   RO         3334    i.TIM_TI2_ConfigInputStage  stm32f7xx_hal_tim.o
    0x080095f2   0x080095f2   0x000000f8   Code   RO         4273    i.UART_AdvFeatureConfig  stm32f7xx_hal_uart.o
    0x080096ea   0x080096ea   0x00000072   Code   RO         4274    i.UART_CheckIdleState  stm32f7xx_hal_uart.o
    0x0800975c   0x0800975c   0x00000018   Code   RO         4275    i.UART_DMAAbortOnError  stm32f7xx_hal_uart.o
    0x08009774   0x08009774   0x00000064   Code   RO         4285    i.UART_EndRxTransfer  stm32f7xx_hal_uart.o
    0x080097d8   0x080097d8   0x0000002e   Code   RO         4286    i.UART_EndTransmit_IT  stm32f7xx_hal_uart.o
    0x08009806   0x08009806   0x000000ce   Code   RO         4288    i.UART_RxISR_16BIT  stm32f7xx_hal_uart.o
    0x080098d4   0x080098d4   0x000000ca   Code   RO         4289    i.UART_RxISR_8BIT   stm32f7xx_hal_uart.o
    0x0800999e   0x0800999e   0x00000002   PAD
    0x080099a0   0x080099a0   0x0000033c   Code   RO         4290    i.UART_SetConfig    stm32f7xx_hal_uart.o
    0x08009cdc   0x08009cdc   0x000000fc   Code   RO         4292    i.UART_Start_Receive_IT  stm32f7xx_hal_uart.o
    0x08009dd8   0x08009dd8   0x000000f8   Code   RO         4295    i.UART_WaitOnFlagUntilTimeout  stm32f7xx_hal_uart.o
    0x08009ed0   0x08009ed0   0x0000004c   Code   RO          589    i.USART2_IRQHandler  usart.o
    0x08009f1c   0x08009f1c   0x00000004   Code   RO          658    i.UsageFault_Handler  stm32f7xx_it.o
    0x08009f20   0x08009f20   0x000001c4   Code   RO           32    i.VoltJudge         main.o
    0x0800a0e4   0x0800a0e4   0x00000042   Code   RO         4921    i.W25Q256_enableWrite  w25q256.o
    0x0800a126   0x0800a126   0x00000042   Code   RO         4922    i.W25Q256_erase     w25q256.o
    0x0800a168   0x0800a168   0x000000d0   Code   RO         4924    i.W25Q256_initHardware  w25q256.o
    0x0800a238   0x0800a238   0x0000003a   Code   RO         4925    i.W25Q256_read      w25q256.o
    0x0800a272   0x0800a272   0x00000002   PAD
    0x0800a274   0x0800a274   0x00000068   Code   RO         4926    i.W25Q256_readId    w25q256.o
    0x0800a2dc   0x0800a2dc   0x0000005c   Code   RO         4927    i.W25Q256_readRegister  w25q256.o
    0x0800a338   0x0800a338   0x00000026   Code   RO         4928    i.W25Q256_receive   w25q256.o
    0x0800a35e   0x0800a35e   0x00000026   Code   RO         4929    i.W25Q256_transmit  w25q256.o
    0x0800a384   0x0800a384   0x0000001a   Code   RO         4930    i.W25Q256_waitBusy  w25q256.o
    0x0800a39e   0x0800a39e   0x00000002   PAD
    0x0800a3a0   0x0800a3a0   0x000000d4   Code   RO         4931    i.W25Q256_write     w25q256.o
    0x0800a474   0x0800a474   0x00000058   Code   RO         4932    i.W25Q256_write0    w25q256.o
    0x0800a4cc   0x0800a4cc   0x00000050   Code   RO         4933    i.W25Q256_writeCommand  w25q256.o
    0x0800a51c   0x0800a51c   0x0000004e   Code   RO         4934    i.W25Q256_writeInPage  w25q256.o
    0x0800a56a   0x0800a56a   0x00000058   Code   RO         4935    i.W25Q256_writeRegister  w25q256.o
    0x0800a5c2   0x0800a5c2   0x00000002   PAD
    0x0800a5c4   0x0800a5c4   0x00000020   Code   RO         6125    i.__0printf         mc_w.l(printfa.o)
    0x0800a5e4   0x0800a5e4   0x00000028   Code   RO         6127    i.__0sprintf        mc_w.l(printfa.o)
    0x0800a60c   0x0800a60c   0x00000010   Code   RO          768    i.__NVIC_GetPriorityGrouping  stm32f7xx_hal_cortex.o
    0x0800a61c   0x0800a61c   0x00000028   Code   RO          769    i.__NVIC_SetPriority  stm32f7xx_hal_cortex.o
    0x0800a644   0x0800a644   0x0000000e   Code   RO         6303    i.__scatterload_copy  mc_w.l(handlers.o)
    0x0800a652   0x0800a652   0x00000002   Code   RO         6304    i.__scatterload_null  mc_w.l(handlers.o)
    0x0800a654   0x0800a654   0x0000000e   Code   RO         6305    i.__scatterload_zeroinit  mc_w.l(handlers.o)
    0x0800a662   0x0800a662   0x00000002   PAD
    0x0800a664   0x0800a664   0x00000184   Code   RO         6132    i._fp_digits        mc_w.l(printfa.o)
    0x0800a7e8   0x0800a7e8   0x000006b4   Code   RO         6133    i._printf_core      mc_w.l(printfa.o)
    0x0800ae9c   0x0800ae9c   0x00000024   Code   RO         6134    i._printf_post_padding  mc_w.l(printfa.o)
    0x0800aec0   0x0800aec0   0x0000002e   Code   RO         6135    i._printf_pre_padding  mc_w.l(printfa.o)
    0x0800aeee   0x0800aeee   0x0000000a   Code   RO         6137    i._sputc            mc_w.l(printfa.o)
    0x0800aef8   0x0800aef8   0x00000012   Code   RO         4800    i.ad9959_delay      ad9959.o
    0x0800af0a   0x0800af0a   0x00000002   PAD
    0x0800af0c   0x0800af0c   0x0000009c   Code   RO         4801    i.ad9959_init       ad9959.o
    0x0800afa8   0x0800afa8   0x00000184   Code   RO         4802    i.ad9959_io_init    ad9959.o
    0x0800b12c   0x0800b12c   0x00000038   Code   RO         4803    i.ad9959_io_update  ad9959.o
    0x0800b164   0x0800b164   0x00000034   Code   RO         4804    i.ad9959_reset      ad9959.o
    0x0800b198   0x0800b198   0x00000036   Code   RO         4805    i.ad9959_write_amplitude  ad9959.o
    0x0800b1ce   0x0800b1ce   0x00000002   PAD
    0x0800b1d0   0x0800b1d0   0x0000010c   Code   RO         4806    i.ad9959_write_data  ad9959.o
    0x0800b2dc   0x0800b2dc   0x00000060   Code   RO         4807    i.ad9959_write_frequency  ad9959.o
    0x0800b33c   0x0800b33c   0x00000030   Code   RO         4808    i.ad9959_write_phase  ad9959.o
    0x0800b36c   0x0800b36c   0x00000038   Code   RO           35    i.fputc             main.o
    0x0800b3a4   0x0800b3a4   0x000002f8   Code   RO           36    i.main              main.o
    0x0800b69c   0x0800b69c   0x0000006c   Code   RO         6154    i.malloc            mc_w.l(malloc.o)
    0x0800b708   0x0800b708   0x00010a4c   Data   RO           38    .constdata          main.o
    0x0801c154   0x0801c154   0x00000008   Data   RO         1510    .constdata          stm32f7xx_hal_dma.o
    0x0801c15c   0x0801c15c   0x00000018   Data   RO         4717    .constdata          system_stm32f7xx.o
    0x0801c174   0x0801c174   0x00000020   Data   RO         6301    Region$$Table       anon$$obj.o


    Execution Region RW_IRAM1 (Exec base: 0x20000000, Load base: 0x0801c194, Size: 0x0003fb08, Max: 0x00080000, ABSOLUTE, COMPRESSED[0x000004ac])

    Exec Addr    Load Addr    Size         Type   Attr      Idx    E Section Name        Object

    0x20000000   COMPRESSED   0x000004d1   Data   RW           39    .data               main.o
    0x200004d1   COMPRESSED   0x00000003   PAD
    0x200004d4   COMPRESSED   0x00000008   Data   RW          430    .data               fmc.o
    0x200004dc   COMPRESSED   0x00000003   Data   RW          591    .data               usart.o
    0x200004df   COMPRESSED   0x00000001   PAD
    0x200004e0   COMPRESSED   0x00000009   Data   RW         1889    .data               stm32f7xx_hal.o
    0x200004e9   COMPRESSED   0x00000003   PAD
    0x200004ec   COMPRESSED   0x00000004   Data   RW         4718    .data               system_stm32f7xx.o
    0x200004f0   COMPRESSED   0x00000009   Data   RW         4756    .data               ad7606c.o
    0x200004f9   COMPRESSED   0x00000011   Data   RW         4809    .data               ad9959.o
    0x2000050a   COMPRESSED   0x00000002   PAD
    0x2000050c   COMPRESSED   0x00000004   Data   RW         6262    .data               mc_w.l(stdout.o)
    0x20000510   COMPRESSED   0x00000004   Data   RW         6273    .data               mc_w.l(mvars.o)
    0x20000514   COMPRESSED   0x00000004   Data   RW         6274    .data               mc_w.l(mvars.o)
    0x20000518        -       0x0003b03c   Zero   RW           37    .bss                main.o
    0x2003b554        -       0x00000080   Zero   RW          429    .bss                fmc.o
    0x2003b5d4        -       0x0000004c   Zero   RW          490    .bss                quadspi.o
    0x2003b620        -       0x000000f8   Zero   RW          534    .bss                tim.o
    0x2003b718        -       0x000001f0   Zero   RW          590    .bss                usart.o
    0x2003b908        -       0x00001000   Zero   RW         4936    .bss                w25q256.o
    0x2003c908        -       0x00001200   Zero   RW            2    HEAP                startup_stm32f767xx.o
    0x2003db08        -       0x00002000   Zero   RW            1    STACK               startup_stm32f767xx.o


==============================================================================

Image component sizes


      Code (inc. data)   RO Data    RW Data    ZI Data      Debug   Object Name

       436         32          0          9          0       3448   ad7606c.o
      1136         72          0         17          0       6767   ad9959.o
        52          4          0          0          0        770   dma.o
       488         40          0          8        128       3058   fmc.o
       552         24          0          0          0       1399   gpio.o
     19304       1872      68172       1233     241724     938640   main.o
       304         26          0          0         76       1829   quadspi.o
        36          8        504          0      12800        840   startup_stm32f767xx.o
       174         30          0          9          0       9217   stm32f7xx_hal.o
       504         38          0          0          0      41637   stm32f7xx_hal_cortex.o
      1342         22          8          0          0       6274   stm32f7xx_hal_dma.o
       552         52          0          0          0       2835   stm32f7xx_hal_gpio.o
        64          4          0          0          0        858   stm32f7xx_hal_msp.o
       144          8          0          0          0       1284   stm32f7xx_hal_pwr_ex.o
      1364          8          0          0          0       7048   stm32f7xx_hal_qspi.o
      1956         74          0          0          0       5628   stm32f7xx_hal_rcc.o
      1884         16          0          0          0       2248   stm32f7xx_hal_rcc_ex.o
        64          0          0          0          0       1177   stm32f7xx_hal_sdram.o
        94          0          0          0          0       1216   stm32f7xx_hal_sram.o
      3034        204          0          0          0      20016   stm32f7xx_hal_tim.o
       210         30          0          0          0       3136   stm32f7xx_hal_tim_ex.o
      3550         84          0          0          0      16733   stm32f7xx_hal_uart.o
        32          0          0          0          0       4270   stm32f7xx_it.o
       590         14          0          0          0       5177   stm32f7xx_ll_fmc.o
        20          6         24          4          0       1147   system_stm32f7xx.o
       600         58          0          0        248       3266   tim.o
       772         74          0          3        496       4342   usart.o
       482         16          0          0          0       4083   user_function.o
      1242         20          0          0       4096      11917   w25q256.o

    ----------------------------------------------------------------------
     41016       2836      68740       1292     259568    1110260   Object Totals
         0          0         32          0          0          0   (incl. Generated)
        34          0          0          9          0          0   (incl. Padding)

    ----------------------------------------------------------------------

      Code (inc. data)   RO Data    RW Data    ZI Data      Debug   Library Member Name

         0          0          0          0          0       3064   arm_cmplx_mag_f32.o
      1468          6          0          0          0      17200   arm_correlate_f32.o
        58          0          0          0          0          0   __dczerorl.o
         0          0          0          0          0          0   entry.o
         0          0          0          0          0          0   entry10a.o
         0          0          0          0          0          0   entry11a.o
         4          0          0          0          0          0   entry12b.o
         8          4          0          0          0          0   entry2.o
         4          0          0          0          0          0   entry5.o
         0          0          0          0          0          0   entry7b.o
         0          0          0          0          0          0   entry8b.o
         8          4          0          0          0          0   entry9a.o
        30          0          0          0          0          0   handlers.o
        36          8          0          0          0         68   init.o
         0          0          0          0          0          0   iusefp.o
        30          0          0          0          0         68   llshl.o
        36          0          0          0          0         68   llsshr.o
        32          0          0          0          0         68   llushr.o
       108         16          0          0          0         84   malloc.o
        36          0          0          0          0        108   memseta.o
         0          0          0          8          0          0   mvars.o
      2268         96          0          0          0        616   printfa.o
         0          0          0          4          0          0   stdout.o
        44          0          0          0          0         80   uidiv.o
        98          0          0          0          0         92   uldiv.o
        48          0          0          0          0         68   cdrcmple.o
       334          0          0          0          0        148   dadd.o
       222          0          0          0          0        100   ddiv.o
       186          0          0          0          0        176   depilogue.o
        48          0          0          0          0         68   dfixul.o
       228          0          0          0          0         96   dmul.o

    ----------------------------------------------------------------------
      5336        134          0         12          0      22172   Library Totals
         2          0          0          0          0          0   (incl. Padding)

    ----------------------------------------------------------------------

      Code (inc. data)   RO Data    RW Data    ZI Data      Debug   Library Name

      1468          6          0          0          0      20264   arm_cortexM7lfdp_math.lib
      2800        128          0         12          0       1252   mc_w.l
      1066          0          0          0          0        656   mf_w.l

    ----------------------------------------------------------------------
      5336        134          0         12          0      22172   Library Totals

    ----------------------------------------------------------------------

==============================================================================


      Code (inc. data)   RO Data    RW Data    ZI Data      Debug   

     46352       2970      68740       1304     259568    1115128   Grand Totals
     46352       2970      68740       1196     259568    1115128   ELF Image Totals (compressed)
     46352       2970      68740       1196          0          0   ROM Totals

==============================================================================

    Total RO  Size (Code + RO Data)               115092 ( 112.39kB)
    Total RW  Size (RW Data + ZI Data)            260872 ( 254.76kB)
    Total ROM Size (Code + RO Data + RW Data)     116288 ( 113.56kB)

==============================================================================

