Component: ARM Compiler 5.06 update 7 (build 960) Tool: armlink [4d3601]

==============================================================================

Section Cross References

    startup_stm32f767xx.o(RESET) refers to startup_stm32f767xx.o(STACK) for __initial_sp
    startup_stm32f767xx.o(RESET) refers to startup_stm32f767xx.o(.text) for Reset_Handler
    startup_stm32f767xx.o(RESET) refers to stm32f7xx_it.o(i.NMI_Handler) for NMI_Handler
    startup_stm32f767xx.o(RESET) refers to stm32f7xx_it.o(i.HardFault_Handler) for HardFault_Handler
    startup_stm32f767xx.o(RESET) refers to stm32f7xx_it.o(i.MemManage_Handler) for MemManage_Handler
    startup_stm32f767xx.o(RESET) refers to stm32f7xx_it.o(i.BusFault_Handler) for BusFault_Handler
    startup_stm32f767xx.o(RESET) refers to stm32f7xx_it.o(i.UsageFault_Handler) for UsageFault_Handler
    startup_stm32f767xx.o(RESET) refers to stm32f7xx_it.o(i.SVC_Handler) for SVC_Handler
    startup_stm32f767xx.o(RESET) refers to stm32f7xx_it.o(i.DebugMon_Handler) for DebugMon_Handler
    startup_stm32f767xx.o(RESET) refers to stm32f7xx_it.o(i.PendSV_Handler) for PendSV_Handler
    startup_stm32f767xx.o(RESET) refers to stm32f7xx_it.o(i.SysTick_Handler) for SysTick_Handler
    startup_stm32f767xx.o(RESET) refers to main.o(i.DMA1_Stream6_IRQHandler) for DMA1_Stream6_IRQHandler
    startup_stm32f767xx.o(RESET) refers to main.o(i.EXTI9_5_IRQHandler) for EXTI9_5_IRQHandler
    startup_stm32f767xx.o(RESET) refers to main.o(i.TIM4_IRQHandler) for TIM4_IRQHandler
    startup_stm32f767xx.o(RESET) refers to usart.o(i.USART2_IRQHandler) for USART2_IRQHandler
    startup_stm32f767xx.o(.text) refers to system_stm32f7xx.o(i.SystemInit) for SystemInit
    startup_stm32f767xx.o(.text) refers to entry.o(.ARM.Collect$$$$00000000) for __main
    main.o(i.AD7606C_MEASURE) refers to stm32f7xx_hal_tim.o(i.HAL_TIM_PWM_Start) for HAL_TIM_PWM_Start
    main.o(i.AD7606C_MEASURE) refers to stm32f7xx_hal_tim.o(i.HAL_TIM_Base_Start) for HAL_TIM_Base_Start
    main.o(i.AD7606C_MEASURE) refers to stm32f7xx_hal_tim.o(i.HAL_TIM_Base_Stop) for HAL_TIM_Base_Stop
    main.o(i.AD7606C_MEASURE) refers to stm32f7xx_hal_tim.o(i.HAL_TIM_PWM_Stop) for HAL_TIM_PWM_Stop
    main.o(i.AD7606C_MEASURE) refers to main.o(.data) for sampflag
    main.o(i.AD7606C_MEASURE) refers to tim.o(.bss) for htim4
    main.o(i.AD7606C_MEASURE) refers to main.o(.bss) for data
    main.o(i.AD7606C_MEASURE_Mode2) refers to stm32f7xx_hal_tim.o(i.HAL_TIM_PWM_Start) for HAL_TIM_PWM_Start
    main.o(i.AD7606C_MEASURE_Mode2) refers to stm32f7xx_hal_tim.o(i.HAL_TIM_Base_Start) for HAL_TIM_Base_Start
    main.o(i.AD7606C_MEASURE_Mode2) refers to stm32f7xx_hal_tim.o(i.HAL_TIM_Base_Stop) for HAL_TIM_Base_Stop
    main.o(i.AD7606C_MEASURE_Mode2) refers to stm32f7xx_hal_tim.o(i.HAL_TIM_PWM_Stop) for HAL_TIM_PWM_Stop
    main.o(i.AD7606C_MEASURE_Mode2) refers to main.o(.data) for sampflag
    main.o(i.AD7606C_MEASURE_Mode2) refers to tim.o(.bss) for htim4
    main.o(i.AD7606C_MEASURE_Mode2) refers to main.o(.bss) for data_mode2
    main.o(i.ADC_BitToFloat) refers to main.o(.bss) for data
    main.o(i.ADC_BitToFloat) refers to main.o(.data) for SAMP_DIV
    main.o(i.ADC_BitToFloat_Mode2) refers to main.o(.bss) for data_mode2
    main.o(i.ADC_BitToFloat_Mode2) refers to main.o(.data) for SAMP_DIV
    main.o(i.DMA1_Stream6_IRQHandler) refers to stm32f7xx_hal_dma.o(i.HAL_DMA_IRQHandler) for HAL_DMA_IRQHandler
    main.o(i.DMA1_Stream6_IRQHandler) refers to stm32f7xx_hal_tim.o(i.HAL_TIM_Base_Stop) for HAL_TIM_Base_Stop
    main.o(i.DMA1_Stream6_IRQHandler) refers to stm32f7xx_hal_tim.o(i.HAL_TIM_PWM_Stop) for HAL_TIM_PWM_Stop
    main.o(i.DMA1_Stream6_IRQHandler) refers to tim.o(.bss) for hdma_tim4_up
    main.o(i.DMA1_Stream6_IRQHandler) refers to main.o(.data) for AD7606C_flag
    main.o(i.EXTI9_5_IRQHandler) refers to main.o(.data) for sampflag
    main.o(i.HMISend) refers to stm32f7xx_hal_uart.o(i.HAL_UART_Transmit) for HAL_UART_Transmit
    main.o(i.HMISend) refers to usart.o(.bss) for huart2
    main.o(i.HMISends) refers to stm32f7xx_hal_uart.o(i.HAL_UART_Transmit) for HAL_UART_Transmit
    main.o(i.HMISends) refers to usart.o(.bss) for huart2
    main.o(i.MPU_Config) refers to stm32f7xx_hal_cortex.o(i.HAL_MPU_Disable) for HAL_MPU_Disable
    main.o(i.MPU_Config) refers to stm32f7xx_hal_cortex.o(i.HAL_MPU_ConfigRegion) for HAL_MPU_ConfigRegion
    main.o(i.MPU_Config) refers to stm32f7xx_hal_cortex.o(i.HAL_MPU_Enable) for HAL_MPU_Enable
    main.o(i.Neg_Init) refers to stm32f7xx_hal_tim.o(i.HAL_TIM_Base_Stop) for HAL_TIM_Base_Stop
    main.o(i.Neg_Init) refers to stm32f7xx_hal_tim.o(i.HAL_TIM_PWM_Stop) for HAL_TIM_PWM_Stop
    main.o(i.Neg_Init) refers to main.o(.data) for SAMP_DIV
    main.o(i.Neg_Init) refers to tim.o(.bss) for htim4
    main.o(i.NormMode2) refers to main.o(.bss) for Norm_Mode2
    main.o(i.NormMode2) refers to main.o(.constdata) for a01_CH1
[...]
    STACK                                    0x2003d688   Section     8192  startup_stm32f767xx.o(STACK)

    Global Symbols

    Symbol Name                              Value     Ov Type        Size  Object(Section)

    BuildAttributes$$THM_ISAv4$E$P$D$K$B$S$7EM$VFPv5_D16$PE$PLD8$A:L22UL41UL21$X:L11$S22US41US21$IEEE1$IW$USESV6$~STKCKD$USESV7$~SHL$OTIME$ROPI$IEEEX$EBA8$MICROLIB$REQ8$PRES8$EABIv2 0x00000000   Number         0  anon$$obj.o ABSOLUTE
    __ARM_use_no_argv                        0x00000000   Number         0  main.o ABSOLUTE
    _printf_a                                0x00000000   Number         0  stubs.o ABSOLUTE
    _printf_c                                0x00000000   Number         0  stubs.o ABSOLUTE
    _printf_charcount                        0x00000000   Number         0  stubs.o ABSOLUTE
    _printf_d                                0x00000000   Number         0  stubs.o ABSOLUTE
    _printf_e                                0x00000000   Number         0  stubs.o ABSOLUTE
    _printf_f                                0x00000000   Number         0  stubs.o ABSOLUTE
    _printf_flags                            0x00000000   Number         0  stubs.o ABSOLUTE
    _printf_fp_dec                           0x00000000   Number         0  stubs.o ABSOLUTE
    _printf_fp_hex                           0x00000000   Number         0  stubs.o ABSOLUTE
    _printf_g                                0x00000000   Number         0  stubs.o ABSOLUTE
    _printf_i                                0x00000000   Number         0  stubs.o ABSOLUTE
    _printf_int_dec                          0x00000000   Number         0  stubs.o ABSOLUTE
    _printf_l                                0x00000000   Number         0  stubs.o ABSOLUTE
    _printf_lc                               0x00000000   Number         0  stubs.o ABSOLUTE
    _printf_ll                               0x00000000   Number         0  stubs.o ABSOLUTE
    _printf_lld                              0x00000000   Number         0  stubs.o ABSOLUTE
    _printf_lli                              0x00000000   Number         0  stubs.o ABSOLUTE
    _printf_llo                              0x00000000   Number         0  stubs.o ABSOLUTE
    _printf_llu                              0x00000000   Number         0  stubs.o ABSOLUTE
    _printf_llx                              0x00000000   Number         0  stubs.o ABSOLUTE
    _printf_longlong_dec                     0x00000000   Number         0  stubs.o ABSOLUTE
    _printf_longlong_hex                     0x00000000   Number         0  stubs.o ABSOLUTE
    _printf_longlong_oct                     0x00000000   Number         0  stubs.o ABSOLUTE
    _printf_ls                               0x00000000   Number         0  stubs.o ABSOLUTE
    _printf_mbtowc                           0x00000000   Number         0  stubs.o ABSOLUTE
    _printf_n                                0x00000000   Number         0  stubs.o ABSOLUTE
    _printf_o                                0x00000000   Number         0  stubs.o ABSOLUTE
    _printf_p                                0x00000000   Number         0  stubs.o ABSOLUTE
    _printf_percent                          0x00000000   Number         0  stubs.o ABSOLUTE
    _printf_pre_padding                      0x00000000   Number         0  stubs.o ABSOLUTE
    _printf_return_value                     0x00000000   Number         0  stubs.o ABSOLUTE
    _printf_s                                0x00000000   Number         0  stubs.o ABSOLUTE
    _printf_sizespec                         0x00000000   Number         0  stubs.o ABSOLUTE
    _printf_str                              0x00000000   Number         0  stubs.o ABSOLUTE
    _printf_truncate_signed                  0x00000000   Number         0  stubs.o ABSOLUTE
    _printf_truncate_unsigned                0x00000000   Number         0  stubs.o ABSOLUTE
    _printf_u                                0x00000000   Number         0  stubs.o ABSOLUTE
    _printf_wc                               0x00000000   Number         0  stubs.o ABSOLUTE
    _printf_wctomb                           0x00000000   Number         0  stubs.o ABSOLUTE
    _printf_widthprec                        0x00000000   Number         0  stubs.o ABSOLUTE
    _printf_x                                0x00000000   Number         0  stubs.o ABSOLUTE
    AD7606C_DmaCplCb                          - Undefined Weak Reference
    __arm_fini_                               - Undefined Weak Reference
    __cpp_initialize__aeabi_                  - Undefined Weak Reference
    __cxa_finalize                            - Undefined Weak Reference
    __decompress                              - Undefined Weak Reference
    _clock_init                               - Undefined Weak Reference
    _microlib_exit                            - Undefined Weak Reference
    __Vectors_Size                           0x000001f8   Number         0  startup_stm32f767xx.o ABSOLUTE
    __Vectors                                0x08000000   Data           4  startup_stm32f767xx.o(RESET)
    __Vectors_End                            0x080001f8   Data           0  startup_stm32f767xx.o(RESET)
    __main                                   0x080001f9   Thumb Code     0  entry.o(.ARM.Collect$$$$00000000)
    _main_stk                                0x080001f9   Thumb Code     0  entry2.o(.ARM.Collect$$$$00000001)
    _main_scatterload                        0x080001fd   Thumb Code     0  entry5.o(.ARM.Collect$$$$00000004)
    __main_after_scatterload                 0x08000201   Thumb Code     0  entry5.o(.ARM.Collect$$$$00000004)
    _main_clock                              0x08000201   Thumb Code     0  entry7b.o(.ARM.Collect$$$$00000008)
    _main_cpp_init                           0x08000201   Thumb Code     0  entry8b.o(.ARM.Collect$$$$0000000A)
    _main_init                               0x08000201   Thumb Code     0  entry9a.o(.ARM.Collect$$$$0000000B)
    __rt_lib_shutdown_fini                   0x08000209   Thumb Code     0  entry12b.o(.ARM.Collect$$$$0000000E)
    __rt_final_cpp                           0x0800020d   Thumb Code     0  entry10a.o(.ARM.Collect$$$$0000000F)
    __rt_final_exit                          0x0800020d   Thumb Code     0  entry11a.o(.ARM.Collect$$$$00000011)
    Reset_Handler                            0x08000211   Thumb Code     8  startup_stm32f767xx.o(.text)
    ADC_IRQHandler                           0x0800022b   Thumb Code     0  startup_stm32f767xx.o(.text)
    CAN1_RX0_IRQHandler                      0x0800022b   Thumb Code     0  startup_stm32f767xx.o(.text)
    CAN1_RX1_IRQHandler                      0x0800022b   Thumb Code     0  startup_stm32f767xx.o(.text)
    CAN1_SCE_IRQHandler                      0x0800022b   Thumb Code     0  startup_stm32f767xx.o(.text)
    CAN1_TX_IRQHandler                       0x0800022b   Thumb Code     0  startup_stm32f767xx.o(.text)
    CAN2_RX0_IRQHandler                      0x0800022b   Thumb Code     0  startup_stm32f767xx.o(.text)
    CAN2_RX1_IRQHandler                      0x0800022b   Thumb Code     0  startup_stm32f767xx.o(.text)
    CAN2_SCE_IRQHandler                      0x0800022b   Thumb Code     0  startup_stm32f767xx.o(.text)
    CAN2_TX_IRQHandler                       0x0800022b   Thumb Code     0  startup_stm32f767xx.o(.text)
    CAN3_RX0_IRQHandler                      0x0800022b   Thumb Code     0  startup_stm32f767xx.o(.text)
    CAN3_RX1_IRQHandler                      0x0800022b   Thumb Code     0  startup_stm32f767xx.o(.text)
    CAN3_SCE_IRQHandler                      0x0800022b   Thumb Code     0  startup_stm32f767xx.o(.text)
    CAN3_TX_IRQHandler                       0x0800022b   Thumb Code     0  startup_stm32f767xx.o(.text)
    CEC_IRQHandler                           0x0800022b   Thumb Code     0  startup_stm32f767xx.o(.text)
    DCMI_IRQHandler                          0x0800022b   Thumb Code     0  startup_stm32f767xx.o(.text)
    DFSDM1_FLT0_IRQHandler                   0x0800022b   Thumb Code     0  startup_stm32f767xx.o(.text)
    DFSDM1_FLT1_IRQHandler                   0x0800022b   Thumb Code     0  startup_stm32f767xx.o(.text)
    DFSDM1_FLT2_IRQHandler                   0x0800022b   Thumb Code     0  startup_stm32f767xx.o(.text)
    DFSDM1_FLT3_IRQHandler                   0x0800022b   Thumb Code     0  startup_stm32f767xx.o(.text)
    DMA1_Stream0_IRQHandler                  0x0800022b   Thumb Code     0  startup_stm32f767xx.o(.text)
    DMA1_Stream1_IRQHandler                  0x0800022b   Thumb Code     0  startup_stm32f767xx.o(.text)
    DMA1_Stream2_IRQHandler                  0x0800022b   Thumb Code     0  startup_stm32f767xx.o(.text)
    DMA1_Stream3_IRQHandler                  0x0800022b   Thumb Code     0  startup_stm32f767xx.o(.text)
    DMA1_Stream4_IRQHandler                  0x0800022b   Thumb Code     0  startup_stm32f767xx.o(.text)
    DMA1_Stream5_IRQHandler                  0x0800022b   Thumb Code     0  startup_stm32f767xx.o(.text)
    DMA1_Stream7_IRQHandler                  0x0800022b   Thumb Code     0  startup_stm32f767xx.o(.text)
    DMA2D_IRQHandler                         0x0800022b   Thumb Code     0  startup_stm32f767xx.o(.text)
    DMA2_Stream0_IRQHandler                  0x0800022b   Thumb Code     0  startup_stm32f767xx.o(.text)
    DMA2_Stream1_IRQHandler                  0x0800022b   Thumb Code     0  startup_stm32f767xx.o(.text)
    DMA2_Stream2_IRQHandler                  0x0800022b   Thumb Code     0  startup_stm32f767xx.o(.text)
    DMA2_Stream3_IRQHandler                  0x0800022b   Thumb Code     0  startup_stm32f767xx.o(.text)
    DMA2_Stream4_IRQHandler                  0x0800022b   Thumb Code     0  startup_stm32f767xx.o(.text)
    DMA2_Stream5_IRQHandler                  0x0800022b   Thumb Code     0  startup_stm32f767xx.o(.text)
    DMA2_Stream6_IRQHandler                  0x0800022b   Thumb Code     0  startup_stm32f767xx.o(.text)
    DMA2_Stream7_IRQHandler                  0x0800022b   Thumb Code     0  startup_stm32f767xx.o(.text)
    ETH_IRQHandler                           0x0800022b   Thumb Code     0  startup_stm32f767xx.o(.text)
    ETH_WKUP_IRQHandler                      0x0800022b   Thumb Code     0  startup_stm32f767xx.o(.text)
    EXTI0_IRQHandler                         0x0800022b   Thumb Code     0  startup_stm32f767xx.o(.text)
    EXTI15_10_IRQHandler                     0x0800022b   Thumb Code     0  startup_stm32f767xx.o(.text)
    EXTI1_IRQHandler                         0x0800022b   Thumb Code     0  startup_stm32f767xx.o(.text)
    EXTI2_IRQHandler                         0x0800022b   Thumb Code     0  startup_stm32f767xx.o(.text)
    EXTI3_IRQHandler                         0x0800022b   Thumb Code     0  startup_stm32f767xx.o(.text)
    EXTI4_IRQHandler                         0x0800022b   Thumb Code     0  startup_stm32f767xx.o(.text)
    FLASH_IRQHandler                         0x0800022b   Thumb Code     0  startup_stm32f767xx.o(.text)
    FMC_IRQHandler                           0x0800022b   Thumb Code     0  startup_stm32f767xx.o(.text)
    FPU_IRQHandler                           0x0800022b   Thumb Code     0  startup_stm32f767xx.o(.text)
    I2C1_ER_IRQHandler                       0x0800022b   Thumb Code     0  startup_stm32f767xx.o(.text)
    I2C1_EV_IRQHandler                       0x0800022b   Thumb Code     0  startup_stm32f767xx.o(.text)
    I2C2_ER_IRQHandler                       0x0800022b   Thumb Code     0  startup_stm32f767xx.o(.text)
    I2C2_EV_IRQHandler                       0x0800022b   Thumb Code     0  startup_stm32f767xx.o(.text)
    I2C3_ER_IRQHandler                       0x0800022b   Thumb Code     0  startup_stm32f767xx.o(.text)
    I2C3_EV_IRQHandler                       0x0800022b   Thumb Code     0  startup_stm32f767xx.o(.text)
    I2C4_ER_IRQHandler                       0x0800022b   Thumb Code     0  startup_stm32f767xx.o(.text)
    I2C4_EV_IRQHandler                       0x0800022b   Thumb Code     0  startup_stm32f767xx.o(.text)
    JPEG_IRQHandler                          0x0800022b   Thumb Code     0  startup_stm32f767xx.o(.text)
    LPTIM1_IRQHandler                        0x0800022b   Thumb Code     0  startup_stm32f767xx.o(.text)
    LTDC_ER_IRQHandler                       0x0800022b   Thumb Code     0  startup_stm32f767xx.o(.text)
    LTDC_IRQHandler                          0x0800022b   Thumb Code     0  startup_stm32f767xx.o(.text)
    MDIOS_IRQHandler                         0x0800022b   Thumb Code     0  startup_stm32f767xx.o(.text)
    OTG_FS_IRQHandler                        0x0800022b   Thumb Code     0  startup_stm32f767xx.o(.text)
    OTG_FS_WKUP_IRQHandler                   0x0800022b   Thumb Code     0  startup_stm32f767xx.o(.text)
    OTG_HS_EP1_IN_IRQHandler                 0x0800022b   Thumb Code     0  startup_stm32f767xx.o(.text)
    OTG_HS_EP1_OUT_IRQHandler                0x0800022b   Thumb Code     0  startup_stm32f767xx.o(.text)
    OTG_HS_IRQHandler                        0x0800022b   Thumb Code     0  startup_stm32f767xx.o(.text)
    OTG_HS_WKUP_IRQHandler                   0x0800022b   Thumb Code     0  startup_stm32f767xx.o(.text)
    PVD_IRQHandler                           0x0800022b   Thumb Code     0  startup_stm32f767xx.o(.text)
    QUADSPI_IRQHandler                       0x0800022b   Thumb Code     0  startup_stm32f767xx.o(.text)
    RCC_IRQHandler                           0x0800022b   Thumb Code     0  startup_stm32f767xx.o(.text)
    RNG_IRQHandler                           0x0800022b   Thumb Code     0  startup_stm32f767xx.o(.text)
    RTC_Alarm_IRQHandler                     0x0800022b   Thumb Code     0  startup_stm32f767xx.o(.text)
    RTC_WKUP_IRQHandler                      0x0800022b   Thumb Code     0  startup_stm32f767xx.o(.text)
    SAI1_IRQHandler                          0x0800022b   Thumb Code     0  startup_stm32f767xx.o(.text)
    SAI2_IRQHandler                          0x0800022b   Thumb Code     0  startup_stm32f767xx.o(.text)
    SDMMC1_IRQHandler                        0x0800022b   Thumb Code     0  startup_stm32f767xx.o(.text)
    SDMMC2_IRQHandler                        0x0800022b   Thumb Code     0  startup_stm32f767xx.o(.text)
    SPDIF_RX_IRQHandler                      0x0800022b   Thumb Code     0  startup_stm32f767xx.o(.text)
    SPI1_IRQHandler                          0x0800022b   Thumb Code     0  startup_stm32f767xx.o(.text)
    SPI2_IRQHandler                          0x0800022b   Thumb Code     0  startup_stm32f767xx.o(.text)
    SPI3_IRQHandler                          0x0800022b   Thumb Code     0  startup_stm32f767xx.o(.text)
    SPI4_IRQHandler                          0x0800022b   Thumb Code     0  startup_stm32f767xx.o(.text)
    SPI5_IRQHandler                          0x0800022b   Thumb Code     0  startup_stm32f767xx.o(.text)
    SPI6_IRQHandler                          0x0800022b   Thumb Code     0  startup_stm32f767xx.o(.text)
    TAMP_STAMP_IRQHandler                    0x0800022b   Thumb Code     0  startup_stm32f767xx.o(.text)
    TIM1_BRK_TIM9_IRQHandler                 0x0800022b   Thumb Code     0  startup_stm32f767xx.o(.text)
    TIM1_CC_IRQHandler                       0x0800022b   Thumb Code     0  startup_stm32f767xx.o(.text)
    TIM1_TRG_COM_TIM11_IRQHandler            0x0800022b   Thumb Code     0  startup_stm32f767xx.o(.text)
    TIM1_UP_TIM10_IRQHandler                 0x0800022b   Thumb Code     0  startup_stm32f767xx.o(.text)
    TIM2_IRQHandler                          0x0800022b   Thumb Code     0  startup_stm32f767xx.o(.text)
    TIM3_IRQHandler                          0x0800022b   Thumb Code     0  startup_stm32f767xx.o(.text)
    TIM5_IRQHandler                          0x0800022b   Thumb Code     0  startup_stm32f767xx.o(.text)
    TIM6_DAC_IRQHandler                      0x0800022b   Thumb Code     0  startup_stm32f767xx.o(.text)
    TIM7_IRQHandler                          0x0800022b   Thumb Code     0  startup_stm32f767xx.o(.text)
    TIM8_BRK_TIM12_IRQHandler                0x0800022b   Thumb Code     0  startup_stm32f767xx.o(.text)
    TIM8_CC_IRQHandler                       0x0800022b   Thumb Code     0  startup_stm32f767xx.o(.text)
    TIM8_TRG_COM_TIM14_IRQHandler            0x0800022b   Thumb Code     0  startup_stm32f767xx.o(.text)
    TIM8_UP_TIM13_IRQHandler                 0x0800022b   Thumb Code     0  startup_stm32f767xx.o(.text)
    UART4_IRQHandler                         0x0800022b   Thumb Code     0  startup_stm32f767xx.o(.text)
    UART5_IRQHandler                         0x0800022b   Thumb Code     0  startup_stm32f767xx.o(.text)
    UART7_IRQHandler                         0x0800022b   Thumb Code     0  startup_stm32f767xx.o(.text)
    UART8_IRQHandler                         0x0800022b   Thumb Code     0  startup_stm32f767xx.o(.text)
    USART1_IRQHandler                        0x0800022b   Thumb Code     0  startup_stm32f767xx.o(.text)
    USART3_IRQHandler                        0x0800022b   Thumb Code     0  startup_stm32f767xx.o(.text)
    USART6_IRQHandler                        0x0800022b   Thumb Code     0  startup_stm32f767xx.o(.text)
    WWDG_IRQHandler                          0x0800022b   Thumb Code     0  startup_stm32f767xx.o(.text)
    arm_correlate_f32                        0x08000235   Thumb Code  1468  arm_correlate_f32.o(.text)
    __aeabi_uldivmod                         0x080007f1   Thumb Code    98  uldiv.o(.text)
    __aeabi_memset                           0x08000853   Thumb Code    14  memseta.o(.text)
    __aeabi_memset4                          0x08000853   Thumb Code     0  memseta.o(.text)
    __aeabi_memset8                          0x08000853   Thumb Code     0  memseta.o(.text)
    __aeabi_memclr                           0x08000861   Thumb Code     4  memseta.o(.text)
    __aeabi_memclr4                          0x08000861   Thumb Code     0  memseta.o(.text)
    __aeabi_memclr8                          0x08000861   Thumb Code     0  memseta.o(.text)
    _memset$wrapper                          0x08000865   Thumb Code    18  memseta.o(.text)
    __aeabi_uidiv                            0x08000877   Thumb Code     0  uidiv.o(.text)
    __aeabi_uidivmod                         0x08000877   Thumb Code    44  uidiv.o(.text)
    __aeabi_llsl                             0x080008a3   Thumb Code    30  llshl.o(.text)
    _ll_shift_l                              0x080008a3   Thumb Code     0  llshl.o(.text)
    __aeabi_llsr                             0x080008c1   Thumb Code    32  llushr.o(.text)
    _ll_ushift_r                             0x080008c1   Thumb Code     0  llushr.o(.text)
    __I$use$fp                               0x080008e1   Thumb Code     0  iusefp.o(.text)
    __aeabi_dadd                             0x080008e1   Thumb Code   322  dadd.o(.text)
    __aeabi_dsub                             0x08000a23   Thumb Code     6  dadd.o(.text)
    __aeabi_drsub                            0x08000a29   Thumb Code     6  dadd.o(.text)
    __aeabi_dmul                             0x08000a2f   Thumb Code   228  dmul.o(.text)
    __aeabi_ddiv                             0x08000b13   Thumb Code   222  ddiv.o(.text)
    __aeabi_d2ulz                            0x08000bf1   Thumb Code    48  dfixul.o(.text)
    __aeabi_cdrcmple                         0x08000c21   Thumb Code    48  cdrcmple.o(.text)
    __scatterload                            0x08000c51   Thumb Code    28  init.o(.text)
    __scatterload_rt2                        0x08000c51   Thumb Code     0  init.o(.text)
    __aeabi_lasr                             0x08000c75   Thumb Code    36  llsshr.o(.text)
    _ll_sshift_r                             0x08000c75   Thumb Code     0  llsshr.o(.text)
    _double_round                            0x08000c99   Thumb Code    30  depilogue.o(.text)
    _double_epilogue                         0x08000cb7   Thumb Code   156  depilogue.o(.text)
    AD7606C_Init                             0x08000d53   Thumb Code   120  ad7606c.o(i.AD7606C_Init)
    AD7606C_MEASURE                          0x08000dcd   Thumb Code   258  main.o(i.AD7606C_MEASURE)
    AD7606C_MEASURE_Mode2                    0x08000eed   Thumb Code   260  main.o(i.AD7606C_MEASURE_Mode2)
    ADC_BitToFloat                           0x0800100d   Thumb Code   150  main.o(i.ADC_BitToFloat)
    ADC_BitToFloat_Mode2                     0x080010b5   Thumb Code   150  main.o(i.ADC_BitToFloat_Mode2)
    BusFault_Handler                         0x0800115d   Thumb Code     4  stm32f7xx_it.o(i.BusFault_Handler)
    DMA1_Stream6_IRQHandler                  0x08001161   Thumb Code    30  main.o(i.DMA1_Stream6_IRQHandler)
    DebugMon_Handler                         0x0800126b   Thumb Code     2  stm32f7xx_it.o(i.DebugMon_Handler)
    EXTI9_5_IRQHandler                       0x0800126d   Thumb Code    14  main.o(i.EXTI9_5_IRQHandler)
    Error_Handler                            0x08001285   Thumb Code     2  main.o(i.Error_Handler)
    FMC_NORSRAM_Extended_Timing_Init         0x08001289   Thumb Code    62  stm32f7xx_ll_fmc.o(i.FMC_NORSRAM_Extended_Timing_Init)
    FMC_NORSRAM_Init                         0x080012cd   Thumb Code   160  stm32f7xx_ll_fmc.o(i.FMC_NORSRAM_Init)
    FMC_NORSRAM_Timing_Init                  0x08001371   Thumb Code   102  stm32f7xx_ll_fmc.o(i.FMC_NORSRAM_Timing_Init)
    FMC_SDRAM_Init                           0x080013d7   Thumb Code   108  stm32f7xx_ll_fmc.o(i.FMC_SDRAM_Init)
    FMC_SDRAM_ProgramRefreshRate             0x08001443   Thumb Code    20  stm32f7xx_ll_fmc.o(i.FMC_SDRAM_ProgramRefreshRate)
    FMC_SDRAM_SendCommand                    0x08001457   Thumb Code    38  stm32f7xx_ll_fmc.o(i.FMC_SDRAM_SendCommand)
    FMC_SDRAM_Timing_Init                    0x0800147d   Thumb Code   144  stm32f7xx_ll_fmc.o(i.FMC_SDRAM_Timing_Init)
    HAL_DMA_Abort                            0x08001511   Thumb Code   172  stm32f7xx_hal_dma.o(i.HAL_DMA_Abort)
    HAL_DMA_Abort_IT                         0x080015bd   Thumb Code    40  stm32f7xx_hal_dma.o(i.HAL_DMA_Abort_IT)
    HAL_DMA_IRQHandler                       0x080015e5   Thumb Code   570  stm32f7xx_hal_dma.o(i.HAL_DMA_IRQHandler)
    HAL_DMA_Init                             0x08001825   Thumb Code   232  stm32f7xx_hal_dma.o(i.HAL_DMA_Init)
    HAL_DMA_RegisterCallback                 0x08001911   Thumb Code    96  stm32f7xx_hal_dma.o(i.HAL_DMA_RegisterCallback)
    HAL_Delay                                0x08001971   Thumb Code    36  stm32f7xx_hal.o(i.HAL_Delay)
    HAL_GPIO_Init                            0x08001a85   Thumb Code   472  stm32f7xx_hal_gpio.o(i.HAL_GPIO_Init)
    HAL_GPIO_ReadPin                         0x08001c91   Thumb Code    16  stm32f7xx_hal_gpio.o(i.HAL_GPIO_ReadPin)
    HAL_GPIO_WritePin                        0x08001ca1   Thumb Code    12  stm32f7xx_hal_gpio.o(i.HAL_GPIO_WritePin)
    HAL_GetTick                              0x08001cad   Thumb Code     6  stm32f7xx_hal.o(i.HAL_GetTick)
    HAL_IncTick                              0x08001cb9   Thumb Code    16  stm32f7xx_hal.o(i.HAL_IncTick)
    HAL_Init                                 0x08001cd1   Thumb Code    22  stm32f7xx_hal.o(i.HAL_Init)
    HAL_InitTick                             0x08001ce9   Thumb Code    64  stm32f7xx_hal.o(i.HAL_InitTick)
    HAL_MPU_ConfigRegion                     0x08001d35   Thumb Code    88  stm32f7xx_hal_cortex.o(i.HAL_MPU_ConfigRegion)
    HAL_MPU_Disable                          0x08001d91   Thumb Code    38  stm32f7xx_hal_cortex.o(i.HAL_MPU_Disable)
    HAL_MPU_Enable                           0x08001dbd   Thumb Code    58  stm32f7xx_hal_cortex.o(i.HAL_MPU_Enable)
    HAL_MspInit                              0x08001dfd   Thumb Code    60  stm32f7xx_hal_msp.o(i.HAL_MspInit)
    HAL_NVIC_EnableIRQ                       0x08001e3d   Thumb Code    32  stm32f7xx_hal_cortex.o(i.HAL_NVIC_EnableIRQ)
    HAL_NVIC_SetPriority                     0x08001e5d   Thumb Code   124  stm32f7xx_hal_cortex.o(i.HAL_NVIC_SetPriority)
    HAL_NVIC_SetPriorityGrouping             0x08001ed9   Thumb Code    32  stm32f7xx_hal_cortex.o(i.HAL_NVIC_SetPriorityGrouping)
    HAL_PWREx_EnableOverDrive                0x08001f01   Thumb Code   136  stm32f7xx_hal_pwr_ex.o(i.HAL_PWREx_EnableOverDrive)
    HAL_QSPI_Command                         0x08001f91   Thumb Code   164  stm32f7xx_hal_qspi.o(i.HAL_QSPI_Command)
    HAL_QSPI_Init                            0x08002035   Thumb Code   184  stm32f7xx_hal_qspi.o(i.HAL_QSPI_Init)
    HAL_QSPI_MspInit                         0x080020f5   Thumb Code   226  quadspi.o(i.HAL_QSPI_MspInit)
    HAL_QSPI_Receive                         0x080021e9   Thumb Code   228  stm32f7xx_hal_qspi.o(i.HAL_QSPI_Receive)
    HAL_QSPI_SetTimeout                      0x080022cd   Thumb Code     4  stm32f7xx_hal_qspi.o(i.HAL_QSPI_SetTimeout)
    HAL_QSPI_Transmit                        0x080022d1   Thumb Code   212  stm32f7xx_hal_qspi.o(i.HAL_QSPI_Transmit)
    HAL_RCCEx_PeriphCLKConfig                0x080023a5   Thumb Code  1880  stm32f7xx_hal_rcc_ex.o(i.HAL_RCCEx_PeriphCLKConfig)
    HAL_RCC_ClockConfig                      0x08002b01   Thumb Code   384  stm32f7xx_hal_rcc.o(i.HAL_RCC_ClockConfig)
    HAL_RCC_GetHCLKFreq                      0x08002c95   Thumb Code     6  stm32f7xx_hal_rcc.o(i.HAL_RCC_GetHCLKFreq)
    HAL_RCC_GetPCLK1Freq                     0x08002ca1   Thumb Code    22  stm32f7xx_hal_rcc.o(i.HAL_RCC_GetPCLK1Freq)
    HAL_RCC_GetPCLK2Freq                     0x08002cc1   Thumb Code    22  stm32f7xx_hal_rcc.o(i.HAL_RCC_GetPCLK2Freq)
    HAL_RCC_GetSysClockFreq                  0x08002ce1   Thumb Code   162  stm32f7xx_hal_rcc.o(i.HAL_RCC_GetSysClockFreq)
    HAL_RCC_OscConfig                        0x08002d91   Thumb Code  1296  stm32f7xx_hal_rcc.o(i.HAL_RCC_OscConfig)
    HAL_SDRAM_Init                           0x080032a5   Thumb Code    64  stm32f7xx_hal_sdram.o(i.HAL_SDRAM_Init)
    HAL_SDRAM_MspInit                        0x080032e5   Thumb Code    10  fmc.o(i.HAL_SDRAM_MspInit)
    HAL_SDRAM_ProgramRefreshRate             0x080032ef   Thumb Code    54  stm32f7xx_hal_sdram.o(i.HAL_SDRAM_ProgramRefreshRate)
    HAL_SDRAM_SendCommand                    0x08003325   Thumb Code    78  stm32f7xx_hal_sdram.o(i.HAL_SDRAM_SendCommand)
    HAL_SRAM_Init                            0x08003373   Thumb Code    94  stm32f7xx_hal_sram.o(i.HAL_SRAM_Init)
    HAL_SRAM_MspInit                         0x080033d1   Thumb Code    10  fmc.o(i.HAL_SRAM_MspInit)
    HAL_SYSTICK_Config                       0x080033db   Thumb Code    52  stm32f7xx_hal_cortex.o(i.HAL_SYSTICK_Config)
    HAL_TIMEx_Break2Callback                 0x0800340f   Thumb Code     2  stm32f7xx_hal_tim_ex.o(i.HAL_TIMEx_Break2Callback)
    HAL_TIMEx_BreakCallback                  0x08003411   Thumb Code     2  stm32f7xx_hal_tim_ex.o(i.HAL_TIMEx_BreakCallback)
    HAL_TIMEx_CommutCallback                 0x08003413   Thumb Code     2  stm32f7xx_hal_tim_ex.o(i.HAL_TIMEx_CommutCallback)
    HAL_TIMEx_MasterConfigSynchronization    0x08003415   Thumb Code   174  stm32f7xx_hal_tim_ex.o(i.HAL_TIMEx_MasterConfigSynchronization)
    HAL_TIM_Base_Init                        0x080034e1   Thumb Code   110  stm32f7xx_hal_tim.o(i.HAL_TIM_Base_Init)
    HAL_TIM_Base_MspInit                     0x08003551   Thumb Code   200  tim.o(i.HAL_TIM_Base_MspInit)
    HAL_TIM_Base_Start                       0x08003635   Thumb Code   134  stm32f7xx_hal_tim.o(i.HAL_TIM_Base_Start)
    HAL_TIM_Base_Stop                        0x080036dd   Thumb Code    50  stm32f7xx_hal_tim.o(i.HAL_TIM_Base_Stop)
    HAL_TIM_ConfigClockSource                0x08003711   Thumb Code   268  stm32f7xx_hal_tim.o(i.HAL_TIM_ConfigClockSource)
    HAL_TIM_IC_CaptureCallback               0x08003821   Thumb Code     2  stm32f7xx_hal_tim.o(i.HAL_TIM_IC_CaptureCallback)
    HAL_TIM_IRQHandler                       0x08003823   Thumb Code   440  stm32f7xx_hal_tim.o(i.HAL_TIM_IRQHandler)
    HAL_TIM_MspPostInit                      0x080039dd   Thumb Code    80  tim.o(i.HAL_TIM_MspPostInit)
    HAL_TIM_OC_DelayElapsedCallback          0x08003a39   Thumb Code     2  stm32f7xx_hal_tim.o(i.HAL_TIM_OC_DelayElapsedCallback)
    HAL_TIM_PWM_ConfigChannel                0x08003a3b   Thumb Code   368  stm32f7xx_hal_tim.o(i.HAL_TIM_PWM_ConfigChannel)
    HAL_TIM_PWM_Init                         0x08003bab   Thumb Code   110  stm32f7xx_hal_tim.o(i.HAL_TIM_PWM_Init)
    HAL_TIM_PWM_MspInit                      0x08003c19   Thumb Code     2  stm32f7xx_hal_tim.o(i.HAL_TIM_PWM_MspInit)
    HAL_TIM_PWM_PulseFinishedCallback        0x08003c1b   Thumb Code     2  stm32f7xx_hal_tim.o(i.HAL_TIM_PWM_PulseFinishedCallback)
    HAL_TIM_PWM_Start                        0x08003c1d   Thumb Code   290  stm32f7xx_hal_tim.o(i.HAL_TIM_PWM_Start)
    HAL_TIM_PWM_Stop                         0x08003d61   Thumb Code   184  stm32f7xx_hal_tim.o(i.HAL_TIM_PWM_Stop)
    HAL_TIM_PeriodElapsedCallback            0x08003e21   Thumb Code     2  stm32f7xx_hal_tim.o(i.HAL_TIM_PeriodElapsedCallback)
    HAL_TIM_TriggerCallback                  0x08003e23   Thumb Code     2  stm32f7xx_hal_tim.o(i.HAL_TIM_TriggerCallback)
    HAL_UARTEx_RxEventCallback               0x08003e25   Thumb Code     2  stm32f7xx_hal_uart.o(i.HAL_UARTEx_RxEventCallback)
    HAL_UARTEx_WakeupCallback                0x08003e27   Thumb Code     2  stm32f7xx_hal_uart.o(i.HAL_UARTEx_WakeupCallback)
    HAL_UART_ErrorCallback                   0x08003e29   Thumb Code     2  stm32f7xx_hal_uart.o(i.HAL_UART_ErrorCallback)
    HAL_UART_GetState                        0x08003e2b   Thumb Code    12  stm32f7xx_hal_uart.o(i.HAL_UART_GetState)
    HAL_UART_IRQHandler                      0x08003e39   Thumb Code   828  stm32f7xx_hal_uart.o(i.HAL_UART_IRQHandler)
    HAL_UART_Init                            0x0800417d   Thumb Code   116  stm32f7xx_hal_uart.o(i.HAL_UART_Init)
    HAL_UART_MspInit                         0x080041f1   Thumb Code   354  usart.o(i.HAL_UART_MspInit)
    HAL_UART_Receive_IT                      0x0800436d   Thumb Code   100  stm32f7xx_hal_uart.o(i.HAL_UART_Receive_IT)
    HAL_UART_RxCpltCallback                  0x080043d1   Thumb Code   120  usart.o(i.HAL_UART_RxCpltCallback)
    HAL_UART_Transmit                        0x08004459   Thumb Code   210  stm32f7xx_hal_uart.o(i.HAL_UART_Transmit)
    HAL_UART_TxCpltCallback                  0x0800452b   Thumb Code     2  stm32f7xx_hal_uart.o(i.HAL_UART_TxCpltCallback)
    HMISend                                  0x0800452d   Thumb Code    58  main.o(i.HMISend)
    HMISends                                 0x0800456d   Thumb Code    52  main.o(i.HMISends)
    HardFault_Handler                        0x080045a5   Thumb Code     4  stm32f7xx_it.o(i.HardFault_Handler)
    MX_DMA_Init                              0x08004645   Thumb Code    48  dma.o(i.MX_DMA_Init)
    MX_FMC_Init                              0x08004679   Thumb Code   220  fmc.o(i.MX_FMC_Init)
    MX_GPIO_Init                             0x08004761   Thumb Code   528  gpio.o(i.MX_GPIO_Init)
    MX_QUADSPI_Init                          0x08004989   Thumb Code    52  quadspi.o(i.MX_QUADSPI_Init)
    MX_TIM4_Init                             0x080049c5   Thumb Code   162  tim.o(i.MX_TIM4_Init)
    MX_TIM5_Init                             0x08004a71   Thumb Code   100  tim.o(i.MX_TIM5_Init)
    MX_USART1_UART_Init                      0x08004add   Thumb Code    56  usart.o(i.MX_USART1_UART_Init)
    MX_USART2_UART_Init                      0x08004b1d   Thumb Code    56  usart.o(i.MX_USART2_UART_Init)
    MX_USART3_UART_Init                      0x08004b5d   Thumb Code    44  usart.o(i.MX_USART3_UART_Init)
    MemManage_Handler                        0x08004b91   Thumb Code     4  stm32f7xx_it.o(i.MemManage_Handler)
    NMI_Handler                              0x08004b95   Thumb Code     2  stm32f7xx_it.o(i.NMI_Handler)
    Neg_Init                                 0x08004b99   Thumb Code    78  main.o(i.Neg_Init)
    NormMode2                                0x08004bf9   Thumb Code 12546  main.o(i.NormMode2)
    OY_FindMax                               0x08007d1d   Thumb Code    70  user_function.o(i.OY_FindMax)
    OY_FindMaxMin                            0x08007d69   Thumb Code   136  main.o(i.OY_FindMaxMin)
    OY_FindMin                               0x08007df5   Thumb Code    72  user_function.o(i.OY_FindMin)
    OY_Norm                                  0x08007e3d   Thumb Code    86  user_function.o(i.OY_Norm)
    OY_Normalization                         0x08007e99   Thumb Code   102  user_function.o(i.OY_Normalization)
    PendSV_Handler                           0x08007eff   Thumb Code     2  stm32f7xx_it.o(i.PendSV_Handler)
    PosM4_Test                               0x08007f01   Thumb Code   664  main.o(i.PosM4_Test)
    Pos_Init                                 0x0800822d   Thumb Code    96  main.o(i.Pos_Init)
    Pos_Storage                              0x080082a1   Thumb Code   792  main.o(i.Pos_Storage)
    SVC_Handler                              0x080088d5   Thumb Code     2  stm32f7xx_it.o(i.SVC_Handler)
    Signal_Samp_Neg                          0x080088d9   Thumb Code  1532  main.o(i.Signal_Samp_Neg)
    Signal_Samp_Pos                          0x08008f31   Thumb Code   462  main.o(i.Signal_Samp_Pos)
    SysTick_Handler                          0x0800919d   Thumb Code     8  stm32f7xx_it.o(i.SysTick_Handler)
    SystemClock_Config                       0x080091a5   Thumb Code   206  main.o(i.SystemClock_Config)
    SystemInit                               0x0800927d   Thumb Code    14  system_stm32f7xx.o(i.SystemInit)
    TIM4_IRQHandler                          0x08009291   Thumb Code    10  main.o(i.TIM4_IRQHandler)
    TIM_Base_SetConfig                       0x080092a1   Thumb Code   170  stm32f7xx_hal_tim.o(i.TIM_Base_SetConfig)
    TIM_CCxChannelCmd                        0x08009379   Thumb Code    34  stm32f7xx_hal_tim.o(i.TIM_CCxChannelCmd)
    TIM_ETR_SetConfig                        0x0800939b   Thumb Code    22  stm32f7xx_hal_tim.o(i.TIM_ETR_SetConfig)
    TIM_OC2_SetConfig                        0x08009439   Thumb Code   114  stm32f7xx_hal_tim.o(i.TIM_OC2_SetConfig)
    UART_AdvFeatureConfig                    0x0800967f   Thumb Code   248  stm32f7xx_hal_uart.o(i.UART_AdvFeatureConfig)
    UART_CheckIdleState                      0x08009777   Thumb Code   114  stm32f7xx_hal_uart.o(i.UART_CheckIdleState)
    UART_SetConfig                           0x08009a2d   Thumb Code   782  stm32f7xx_hal_uart.o(i.UART_SetConfig)
    UART_Start_Receive_IT                    0x08009d69   Thumb Code   242  stm32f7xx_hal_uart.o(i.UART_Start_Receive_IT)
    UART_WaitOnFlagUntilTimeout              0x08009e65   Thumb Code   248  stm32f7xx_hal_uart.o(i.UART_WaitOnFlagUntilTimeout)
    USART2_IRQHandler                        0x08009f5d   Thumb Code    68  usart.o(i.USART2_IRQHandler)
    UsageFault_Handler                       0x08009fa9   Thumb Code     4  stm32f7xx_it.o(i.UsageFault_Handler)
    VoltJudge                                0x08009fad   Thumb Code   418  main.o(i.VoltJudge)
    W25Q256_erase                            0x0800a1b3   Thumb Code    66  w25q256.o(i.W25Q256_erase)
    W25Q256_initHardware                     0x0800a1f5   Thumb Code   202  w25q256.o(i.W25Q256_initHardware)
    W25Q256_read                             0x0800a2c5   Thumb Code    58  w25q256.o(i.W25Q256_read)
    W25Q256_write                            0x0800a42d   Thumb Code   208  w25q256.o(i.W25Q256_write)
    W25Q256_write0                           0x0800a501   Thumb Code    88  w25q256.o(i.W25Q256_write0)
    W25Q256_writeInPage                      0x0800a5a9   Thumb Code    78  w25q256.o(i.W25Q256_writeInPage)
    W9825G6KH_clear                          0x0800a64f   Thumb Code    32  w9825g6kh.o(i.W9825G6KH_clear)
    W9825G6KH_initHardware                   0x0800a66f   Thumb Code   192  w9825g6kh.o(i.W9825G6KH_initHardware)
    __0printf                                0x0800a771   Thumb Code    22  printfa.o(i.__0printf)
    __1printf                                0x0800a771   Thumb Code     0  printfa.o(i.__0printf)
    __2printf                                0x0800a771   Thumb Code     0  printfa.o(i.__0printf)
    __c89printf                              0x0800a771   Thumb Code     0  printfa.o(i.__0printf)
    printf                                   0x0800a771   Thumb Code     0  printfa.o(i.__0printf)
    __0sprintf                               0x0800a791   Thumb Code    34  printfa.o(i.__0sprintf)
    __1sprintf                               0x0800a791   Thumb Code     0  printfa.o(i.__0sprintf)
    __2sprintf                               0x0800a791   Thumb Code     0  printfa.o(i.__0sprintf)
    __c89sprintf                             0x0800a791   Thumb Code     0  printfa.o(i.__0sprintf)
    sprintf                                  0x0800a791   Thumb Code     0  printfa.o(i.__0sprintf)
    __scatterload_copy                       0x0800a7f1   Thumb Code    14  handlers.o(i.__scatterload_copy)
    __scatterload_null                       0x0800a7ff   Thumb Code     2  handlers.o(i.__scatterload_null)
    __scatterload_zeroinit                   0x0800a801   Thumb Code    14  handlers.o(i.__scatterload_zeroinit)
    ad9959_init                              0x0800b0b9   Thumb Code   146  ad9959.o(i.ad9959_init)
    ad9959_io_init                           0x0800b155   Thumb Code   366  ad9959.o(i.ad9959_io_init)
    ad9959_io_update                         0x0800b2d9   Thumb Code    50  ad9959.o(i.ad9959_io_update)
    ad9959_reset                             0x0800b311   Thumb Code    46  ad9959.o(i.ad9959_reset)
    ad9959_write_amplitude                   0x0800b345   Thumb Code    54  ad9959.o(i.ad9959_write_amplitude)
    ad9959_write_data                        0x0800b37d   Thumb Code   256  ad9959.o(i.ad9959_write_data)
    ad9959_write_frequency                   0x0800b489   Thumb Code    86  ad9959.o(i.ad9959_write_frequency)
    ad9959_write_phase                       0x0800b4e9   Thumb Code    42  ad9959.o(i.ad9959_write_phase)
    fputc                                    0x0800b519   Thumb Code    44  main.o(i.fputc)
    free                                     0x0800b551   Thumb Code    76  malloc.o(i.free)
    main                                     0x0800b5a1   Thumb Code   590  main.o(i.main)
    malloc                                   0x0800b841   Thumb Code    92  malloc.o(i.malloc)
    a01_CH1                                  0x0800b8ac   Data         468  main.o(.constdata)
    a02_CH1                                  0x0800ba80   Data         468  main.o(.constdata)
    a03_CH1                                  0x0800bc54   Data         468  main.o(.constdata)
    a04_CH1                                  0x0800be28   Data         468  main.o(.constdata)
    a05_CH1                                  0x0800bffc   Data         468  main.o(.constdata)
    a06_CH1                                  0x0800c1d0   Data         468  main.o(.constdata)
    a07_CH1                                  0x0800c3a4   Data         468  main.o(.constdata)
    a08_CH1                                  0x0800c578   Data         468  main.o(.constdata)
    a09_CH1                                  0x0800c74c   Data         468  main.o(.constdata)
    a10_CH1                                  0x0800c920   Data         468  main.o(.constdata)
    a11_CH1                                  0x0800caf4   Data         468  main.o(.constdata)
    a12_CH1                                  0x0800ccc8   Data         468  main.o(.constdata)
    b01_CH1                                  0x0800ce9c   Data         468  main.o(.constdata)
    b02_CH1                                  0x0800d070   Data         468  main.o(.constdata)
    b03_CH1                                  0x0800d244   Data         468  main.o(.constdata)
    b04_CH1                                  0x0800d418   Data         468  main.o(.constdata)
    b05_CH1                                  0x0800d5ec   Data         468  main.o(.constdata)
    b06_CH1                                  0x0800d7c0   Data         468  main.o(.constdata)
    b07_CH1                                  0x0800d994   Data         468  main.o(.constdata)
    b08_CH1                                  0x0800db68   Data         468  main.o(.constdata)
    b09_CH1                                  0x0800dd3c   Data         468  main.o(.constdata)
    b10_CH1                                  0x0800df10   Data         468  main.o(.constdata)
    b11_CH1                                  0x0800e0e4   Data         468  main.o(.constdata)
    b12_CH1                                  0x0800e2b8   Data         468  main.o(.constdata)
    c01_CH1                                  0x0800e48c   Data         468  main.o(.constdata)
    c02_CH1                                  0x0800e660   Data         468  main.o(.constdata)
    c03_CH1                                  0x0800e834   Data         468  main.o(.constdata)
    c04_CH1                                  0x0800ea08   Data         468  main.o(.constdata)
    c05_CH1                                  0x0800ebdc   Data         468  main.o(.constdata)
    c06_CH1                                  0x0800edb0   Data         468  main.o(.constdata)
    c07_CH1                                  0x0800ef84   Data         468  main.o(.constdata)
    c08_CH1                                  0x0800f158   Data         468  main.o(.constdata)
    c09_CH1                                  0x0800f32c   Data         468  main.o(.constdata)
    c10_CH1                                  0x0800f500   Data         468  main.o(.constdata)
    c11_CH1                                  0x0800f6d4   Data         468  main.o(.constdata)
    c12_CH1                                  0x0800f8a8   Data         468  main.o(.constdata)
    d01_CH1                                  0x0800fa7c   Data         468  main.o(.constdata)
    d02_CH1                                  0x0800fc50   Data         468  main.o(.constdata)
    d03_CH1                                  0x0800fe24   Data         468  main.o(.constdata)
    d04_CH1                                  0x0800fff8   Data         468  main.o(.constdata)
    d05_CH1                                  0x080101cc   Data         468  main.o(.constdata)
    d06_CH1                                  0x080103a0   Data         468  main.o(.constdata)
    d07_CH1                                  0x08010574   Data         468  main.o(.constdata)
    d08_CH1                                  0x08010748   Data         468  main.o(.constdata)
    d09_CH1                                  0x0801091c   Data         468  main.o(.constdata)
    d10_CH1                                  0x08010af0   Data         468  main.o(.constdata)
    d11_CH1                                  0x08010cc4   Data         468  main.o(.constdata)
    d12_CH1                                  0x08010e98   Data         468  main.o(.constdata)
    e01_CH1                                  0x0801106c   Data         468  main.o(.constdata)
    e02_CH1                                  0x08011240   Data         468  main.o(.constdata)
    e03_CH1                                  0x08011414   Data         468  main.o(.constdata)
    e04_CH1                                  0x080115e8   Data         468  main.o(.constdata)
    e05_CH1                                  0x080117bc   Data         468  main.o(.constdata)
    e06_CH1                                  0x08011990   Data         468  main.o(.constdata)
    e07_CH1                                  0x08011b64   Data         468  main.o(.constdata)
    e08_CH1                                  0x08011d38   Data         468  main.o(.constdata)
    e09_CH1                                  0x08011f0c   Data         468  main.o(.constdata)
    e10_CH1                                  0x080120e0   Data         468  main.o(.constdata)
    e11_CH1                                  0x080122b4   Data         468  main.o(.constdata)
    e12_CH1                                  0x08012488   Data         468  main.o(.constdata)
    f01_CH1                                  0x0801265c   Data         468  main.o(.constdata)
    f02_CH1                                  0x08012830   Data         468  main.o(.constdata)
    f03_CH1                                  0x08012a04   Data         468  main.o(.constdata)
    f04_CH1                                  0x08012bd8   Data         468  main.o(.constdata)
    f05_CH1                                  0x08012dac   Data         468  main.o(.constdata)
    f06_CH1                                  0x08012f80   Data         468  main.o(.constdata)
    f07_CH1                                  0x08013154   Data         468  main.o(.constdata)
    f08_CH1                                  0x08013328   Data         468  main.o(.constdata)
    f09_CH1                                  0x080134fc   Data         468  main.o(.constdata)
    f10_CH1                                  0x080136d0   Data         468  main.o(.constdata)
    f11_CH1                                  0x080138a4   Data         468  main.o(.constdata)
    f12_CH1                                  0x08013a78   Data         468  main.o(.constdata)
    g01_CH1                                  0x08013c4c   Data         468  main.o(.constdata)
    g02_CH1                                  0x08013e20   Data         468  main.o(.constdata)
    g03_CH1                                  0x08013ff4   Data         468  main.o(.constdata)
    g04_CH1                                  0x080141c8   Data         468  main.o(.constdata)
    g05_CH1                                  0x0801439c   Data         468  main.o(.constdata)
    g06_CH1                                  0x08014570   Data         468  main.o(.constdata)
    g07_CH1                                  0x08014744   Data         468  main.o(.constdata)
    g08_CH1                                  0x08014918   Data         468  main.o(.constdata)
    g09_CH1                                  0x08014aec   Data         468  main.o(.constdata)
    g10_CH1                                  0x08014cc0   Data         468  main.o(.constdata)
    g11_CH1                                  0x08014e94   Data         468  main.o(.constdata)
    g12_CH1                                  0x08015068   Data         468  main.o(.constdata)
    h01_CH1                                  0x0801523c   Data         468  main.o(.constdata)
    h02_CH1                                  0x08015410   Data         468  main.o(.constdata)
    h03_CH1                                  0x080155e4   Data         468  main.o(.constdata)
    h04_CH1                                  0x080157b8   Data         468  main.o(.constdata)
    h05_CH1                                  0x0801598c   Data         468  main.o(.constdata)
    h06_CH1                                  0x08015b60   Data         468  main.o(.constdata)
    h07_CH1                                  0x08015d34   Data         468  main.o(.constdata)
    h08_CH1                                  0x08015f08   Data         468  main.o(.constdata)
    h09_CH1                                  0x080160dc   Data         468  main.o(.constdata)
    h10_CH1                                  0x080162b0   Data         468  main.o(.constdata)
    h11_CH1                                  0x08016484   Data         468  main.o(.constdata)
    h12_CH1                                  0x08016658   Data         468  main.o(.constdata)
    i01_CH1                                  0x0801682c   Data         468  main.o(.constdata)
    i02_CH1                                  0x08016a00   Data         468  main.o(.constdata)
    i03_CH1                                  0x08016bd4   Data         468  main.o(.constdata)
    i04_CH1                                  0x08016da8   Data         468  main.o(.constdata)
    i05_CH1                                  0x08016f7c   Data         468  main.o(.constdata)
    i06_CH1                                  0x08017150   Data         468  main.o(.constdata)
    i07_CH1                                  0x08017324   Data         468  main.o(.constdata)
    i08_CH1                                  0x080174f8   Data         468  main.o(.constdata)
    i09_CH1                                  0x080176cc   Data         468  main.o(.constdata)
    i10_CH1                                  0x080178a0   Data         468  main.o(.constdata)
    i11_CH1                                  0x08017a74   Data         468  main.o(.constdata)
    i12_CH1                                  0x08017c48   Data         468  main.o(.constdata)
    j01_CH1                                  0x08017e1c   Data         468  main.o(.constdata)
    j02_CH1                                  0x08017ff0   Data         468  main.o(.constdata)
    j03_CH1                                  0x080181c4   Data         468  main.o(.constdata)
    j04_CH1                                  0x08018398   Data         468  main.o(.constdata)
    j05_CH1                                  0x0801856c   Data         468  main.o(.constdata)
    j06_CH1                                  0x08018740   Data         468  main.o(.constdata)
    j07_CH1                                  0x08018914   Data         468  main.o(.constdata)
    j08_CH1                                  0x08018ae8   Data         468  main.o(.constdata)
    j09_CH1                                  0x08018cbc   Data         468  main.o(.constdata)
    j10_CH1                                  0x08018e90   Data         468  main.o(.constdata)
    j11_CH1                                  0x08019064   Data         468  main.o(.constdata)
    j12_CH1                                  0x08019238   Data         468  main.o(.constdata)
    k01_CH1                                  0x0801940c   Data         468  main.o(.constdata)
    k02_CH1                                  0x080195e0   Data         468  main.o(.constdata)
    k03_CH1                                  0x080197b4   Data         468  main.o(.constdata)
    k04_CH1                                  0x08019988   Data         468  main.o(.constdata)
    k05_CH1                                  0x08019b5c   Data         468  main.o(.constdata)
    k06_CH1                                  0x08019d30   Data         468  main.o(.constdata)
    k07_CH1                                  0x08019f04   Data         468  main.o(.constdata)
    k08_CH1                                  0x0801a0d8   Data         468  main.o(.constdata)
    k09_CH1                                  0x0801a2ac   Data         468  main.o(.constdata)
    k10_CH1                                  0x0801a480   Data         468  main.o(.constdata)
    k11_CH1                                  0x0801a654   Data         468  main.o(.constdata)
    k12_CH1                                  0x0801a828   Data         468  main.o(.constdata)
    l01_CH1                                  0x0801a9fc   Data         468  main.o(.constdata)
    l02_CH1                                  0x0801abd0   Data         468  main.o(.constdata)
    l03_CH1                                  0x0801ada4   Data         468  main.o(.constdata)
    l04_CH1                                  0x0801af78   Data         468  main.o(.constdata)
    l05_CH1                                  0x0801b14c   Data         468  main.o(.constdata)
    l06_CH1                                  0x0801b320   Data         468  main.o(.constdata)
    l07_CH1                                  0x0801b4f4   Data         468  main.o(.constdata)
    l08_CH1                                  0x0801b6c8   Data         468  main.o(.constdata)
    l09_CH1                                  0x0801b89c   Data         468  main.o(.constdata)
    l10_CH1                                  0x0801ba70   Data         468  main.o(.constdata)
    l11_CH1                                  0x0801bc44   Data         468  main.o(.constdata)
    l12_CH1                                  0x0801be18   Data         468  main.o(.constdata)
    BoardNullV                               0x0801bfec   Data         468  main.o(.constdata)
    DE67                                     0x0801c1c0   Data         156  main.o(.constdata)
    EF56                                     0x0801c25c   Data         156  main.o(.constdata)
    AHBPrescTable                            0x0801c300   Data          16  system_stm32f7xx.o(.constdata)
    APBPrescTable                            0x0801c310   Data           8  system_stm32f7xx.o(.constdata)
    Region$$Table$$Base                      0x0801c318   Number         0  anon$$obj.o(Region$$Table)
    Region$$Table$$Limit                     0x0801c338   Number         0  anon$$obj.o(Region$$Table)
    uartuse                                  0x20000000   Data           1  main.o(.data)
    p                                        0x20000004   Data           4  main.o(.data)
    qspi_handler                             0x20000008   Data           4  main.o(.data)
    pp                                       0x2000000c   Data           4  main.o(.data)
    SAMP_DIV                                 0x20000010   Data           1  main.o(.data)
    re                                       0x20000011   Data           1  main.o(.data)
    start_address                            0x20000014   Data           4  main.o(.data)
    find_address                             0x20000018   Data           4  main.o(.data)
    AVE_NUM                                  0x2000001c   Data           1  main.o(.data)
    sapa                                     0x2000001d   Data           1  main.o(.data)
    calibration_num                          0x2000001e   Data           1  main.o(.data)
    Pos_Storage_Num                          0x20000020   Data           2  main.o(.data)
    Knock_flag                               0x20000022   Data           1  main.o(.data)
    dds_stopflag                             0x20000023   Data           1  main.o(.data)
    AD7606C_flag                             0x20000024   Data           1  main.o(.data)
    sampflag                                 0x20000025   Data           1  main.o(.data)
    pr_flag                                  0x20000026   Data           4  main.o(.data)
    loc                                      0x2000002a   Data           8  main.o(.data)
    chf                                      0x20000032   Data           2  main.o(.data)
    AD7606C_ID                               0x20000034   Data           2  main.o(.data)
    start                                    0x20000036   Data           2  main.o(.data)
    stop                                     0x20000038   Data           2  main.o(.data)
    cnt                                      0x2000003c   Data           4  main.o(.data)
    cnt_ave                                  0x20000040   Data           4  main.o(.data)
    freq                                     0x20000044   Data           2  main.o(.data)
    row_neg                                  0x20000046   Data           2  main.o(.data)
    min_neg                                  0x20000048   Data           4  main.o(.data)
    norm_DE                                  0x2000004c   Data           4  main.o(.data)
    norm_EF                                  0x20000050   Data           4  main.o(.data)
    oystate                                  0x20000054   Data           1  main.o(.data)
    USART_RX_STA                             0x20000060   Data           2  usart.o(.data)
    aRxBuffer                                0x20000062   Data           1  usart.o(.data)
    uwTick                                   0x20000064   Data           4  stm32f7xx_hal.o(.data)
    uwTickPrio                               0x20000068   Data           4  stm32f7xx_hal.o(.data)
    uwTickFreq                               0x2000006c   Data           1  stm32f7xx_hal.o(.data)
    SystemCoreClock                          0x20000070   Data           4  system_stm32f7xx.o(.data)
    FR2_DATA                                 0x20000074   Data           2  ad9959.o(.data)
    CFR_DATA                                 0x20000076   Data           3  ad9959.o(.data)
    CPOW0_DATA                               0x20000079   Data           2  ad9959.o(.data)
    LSRR_DATA                                0x2000007b   Data           2  ad9959.o(.data)
    RDW_DATA                                 0x2000007d   Data           4  ad9959.o(.data)
    FDW_DATA                                 0x20000081   Data           4  ad9959.o(.data)
    __stdout                                 0x20000088   Data           4  stdout.o(.data)
    __microlib_freelist                      0x2000008c   Data           4  mvars.o(.data)
    __microlib_freelist_initialised          0x20000090   Data           4  mvars.o(.data)
    buf1                                     0x20000094   Data         100  main.o(.bss)
    data                                     0x200000f8   Data       16384  main.o(.bss)
    data_mode2                               0x200040f8   Data       65536  main.o(.bss)
    volt_mode2                               0x200140f8   Data       65536  main.o(.bss)
    percent                                  0x200240f8   Data          12  main.o(.bss)
    volt                                     0x20024104   Data       16384  main.o(.bss)
    AD_Vpp                                   0x20028104   Data        1600  main.o(.bss)
    AD_Vpp_All                               0x20028744   Data        1200  main.o(.bss)
    Neg_res                                  0x20028bf4   Data         144  main.o(.bss)
    AD_Max                                   0x20028c84   Data        1600  main.o(.bss)
    AD_Min                                   0x200292c4   Data        1600  main.o(.bss)
    AD_AVE                                   0x20029904   Data         624  main.o(.bss)
    AD_AVEM4                                 0x20029b74   Data         624  main.o(.bss)
    AD_AVEM4_Load                            0x20029de4   Data        1600  main.o(.bss)
    Mode4_Res                                0x2002a424   Data        2500  main.o(.bss)
    Norm_Mode2                               0x2002ade8   Data         576  main.o(.bss)
    xcorr_out                                0x2002b028   Data       32752  main.o(.bss)
    xcorr_out_test                           0x20033018   Data       32752  main.o(.bss)
    row                                      0x2003b008   Data         200  main.o(.bss)
    hsram1                                   0x2003b0d0   Data          76  fmc.o(.bss)
    hsdram1                                  0x2003b11c   Data          52  fmc.o(.bss)
    hqspi                                    0x2003b150   Data          76  quadspi.o(.bss)
    htim4                                    0x2003b19c   Data          76  tim.o(.bss)
    htim5                                    0x2003b1e8   Data          76  tim.o(.bss)
    hdma_tim4_up                             0x2003b234   Data          96  tim.o(.bss)
    USART_RX_BUF                             0x2003b294   Data         100  usart.o(.bss)
    huart1                                   0x2003b2f8   Data         132  usart.o(.bss)
    huart2                                   0x2003b37c   Data         132  usart.o(.bss)
    huart3                                   0x2003b400   Data         132  usart.o(.bss)
    __heap_base                              0x2003c488   Data           0  startup_stm32f767xx.o(HEAP)
    __heap_limit                             0x2003d688   Data           0  startup_stm32f767xx.o(HEAP)
    __initial_sp                             0x2003f688   Data           0  startup_stm32f767xx.o(STACK)



==============================================================================

Memory Map of the image

  Image Entry point : 0x080001f9

  Load Region LR_IROM1 (Base: 0x08000000, Size: 0x0001c3cc, Max: 0x00100000, ABSOLUTE)

    Execution Region ER_IROM1 (Exec base: 0x08000000, Load base: 0x08000000, Size: 0x0001c338, Max: 0x00100000, ABSOLUTE)

    Exec Addr    Load Addr    Size         Type   Attr      Idx    E Section Name        Object

    0x08000000   0x08000000   0x000001f8   Data   RO            3    RESET               startup_stm32f767xx.o
    0x080001f8   0x080001f8   0x00000000   Code   RO         5841  * .ARM.Collect$$$$00000000  mc_w.l(entry.o)
    0x080001f8   0x080001f8   0x00000004   Code   RO         6202    .ARM.Collect$$$$00000001  mc_w.l(entry2.o)
    0x080001fc   0x080001fc   0x00000004   Code   RO         6205    .ARM.Collect$$$$00000004  mc_w.l(entry5.o)
    0x08000200   0x08000200   0x00000000   Code   RO         6207    .ARM.Collect$$$$00000008  mc_w.l(entry7b.o)
    0x08000200   0x08000200   0x00000000   Code   RO         6209    .ARM.Collect$$$$0000000A  mc_w.l(entry8b.o)
    0x08000200   0x08000200   0x00000008   Code   RO         6210    .ARM.Collect$$$$0000000B  mc_w.l(entry9a.o)
    0x08000208   0x08000208   0x00000004   Code   RO         6217    .ARM.Collect$$$$0000000E  mc_w.l(entry12b.o)
    0x0800020c   0x0800020c   0x00000000   Code   RO         6212    .ARM.Collect$$$$0000000F  mc_w.l(entry10a.o)
    0x0800020c   0x0800020c   0x00000000   Code   RO         6214    .ARM.Collect$$$$00000011  mc_w.l(entry11a.o)
    0x0800020c   0x0800020c   0x00000004   Code   RO         6203    .ARM.Collect$$$$00002712  mc_w.l(entry2.o)
    0x08000210   0x08000210   0x00000024   Code   RO            4    .text               startup_stm32f767xx.o
    0x08000234   0x08000234   0x000005bc   Code   RO         5402    .text               arm_cortexM7lfdp_math.lib(arm_correlate_f32.o)
    0x080007f0   0x080007f0   0x00000062   Code   RO         5844    .text               mc_w.l(uldiv.o)
    0x08000852   0x08000852   0x00000024   Code   RO         5846    .text               mc_w.l(memseta.o)
    0x08000876   0x08000876   0x0000002c   Code   RO         6219    .text               mc_w.l(uidiv.o)
    0x080008a2   0x080008a2   0x0000001e   Code   RO         6221    .text               mc_w.l(llshl.o)
    0x080008c0   0x080008c0   0x00000020   Code   RO         6223    .text               mc_w.l(llushr.o)
    0x080008e0   0x080008e0   0x00000000   Code   RO         6238    .text               mc_w.l(iusefp.o)
    0x080008e0   0x080008e0   0x0000014e   Code   RO         6239    .text               mf_w.l(dadd.o)
    0x08000a2e   0x08000a2e   0x000000e4   Code   RO         6241    .text               mf_w.l(dmul.o)
    0x08000b12   0x08000b12   0x000000de   Code   RO         6243    .text               mf_w.l(ddiv.o)
    0x08000bf0   0x08000bf0   0x00000030   Code   RO         6247    .text               mf_w.l(dfixul.o)
    0x08000c20   0x08000c20   0x00000030   Code   RO         6249    .text               mf_w.l(cdrcmple.o)
    0x08000c50   0x08000c50   0x00000024   Code   RO         6251    .text               mc_w.l(init.o)
    0x08000c74   0x08000c74   0x00000024   Code   RO         6253    .text               mc_w.l(llsshr.o)
    0x08000c98   0x08000c98   0x000000ba   Code   RO         6255    .text               mf_w.l(depilogue.o)
    0x08000d52   0x08000d52   0x00000078   Code   RO         4768    i.AD7606C_Init      ad7606c.o
    0x08000dca   0x08000dca   0x00000002   PAD
    0x08000dcc   0x08000dcc   0x00000120   Code   RO           13    i.AD7606C_MEASURE   main.o
    0x08000eec   0x08000eec   0x00000120   Code   RO           14    i.AD7606C_MEASURE_Mode2  main.o
    0x0800100c   0x0800100c   0x000000a8   Code   RO           15    i.ADC_BitToFloat    main.o
    0x080010b4   0x080010b4   0x000000a8   Code   RO           16    i.ADC_BitToFloat_Mode2  main.o
    0x0800115c   0x0800115c   0x00000004   Code   RO          666    i.BusFault_Handler  stm32f7xx_it.o
    0x08001160   0x08001160   0x0000002c   Code   RO           17    i.DMA1_Stream6_IRQHandler  main.o
    0x0800118c   0x0800118c   0x00000034   Code   RO         1511    i.DMA_CalcBaseAndBitshift  stm32f7xx_hal_dma.o
    0x080011c0   0x080011c0   0x000000aa   Code   RO         1512    i.DMA_CheckFifoParam  stm32f7xx_hal_dma.o
    0x0800126a   0x0800126a   0x00000002   Code   RO          667    i.DebugMon_Handler  stm32f7xx_it.o
    0x0800126c   0x0800126c   0x00000018   Code   RO           18    i.EXTI9_5_IRQHandler  main.o
    0x08001284   0x08001284   0x00000002   Code   RO           19    i.Error_Handler     main.o
    0x08001286   0x08001286   0x00000002   PAD
    0x08001288   0x08001288   0x00000044   Code   RO          914    i.FMC_NORSRAM_Extended_Timing_Init  stm32f7xx_ll_fmc.o
    0x080012cc   0x080012cc   0x000000a4   Code   RO          915    i.FMC_NORSRAM_Init  stm32f7xx_ll_fmc.o
    0x08001370   0x08001370   0x00000066   Code   RO          916    i.FMC_NORSRAM_Timing_Init  stm32f7xx_ll_fmc.o
    0x080013d6   0x080013d6   0x0000006c   Code   RO          921    i.FMC_SDRAM_Init    stm32f7xx_ll_fmc.o
    0x08001442   0x08001442   0x00000014   Code   RO          922    i.FMC_SDRAM_ProgramRefreshRate  stm32f7xx_ll_fmc.o
    0x08001456   0x08001456   0x00000026   Code   RO          923    i.FMC_SDRAM_SendCommand  stm32f7xx_ll_fmc.o
    0x0800147c   0x0800147c   0x00000094   Code   RO          925    i.FMC_SDRAM_Timing_Init  stm32f7xx_ll_fmc.o
    0x08001510   0x08001510   0x000000ac   Code   RO         1514    i.HAL_DMA_Abort     stm32f7xx_hal_dma.o
    0x080015bc   0x080015bc   0x00000028   Code   RO         1515    i.HAL_DMA_Abort_IT  stm32f7xx_hal_dma.o
    0x080015e4   0x080015e4   0x00000240   Code   RO         1519    i.HAL_DMA_IRQHandler  stm32f7xx_hal_dma.o
    0x08001824   0x08001824   0x000000ec   Code   RO         1520    i.HAL_DMA_Init      stm32f7xx_hal_dma.o
    0x08001910   0x08001910   0x00000060   Code   RO         1522    i.HAL_DMA_RegisterCallback  stm32f7xx_hal_dma.o
    0x08001970   0x08001970   0x00000028   Code   RO         1881    i.HAL_Delay         stm32f7xx_hal.o
    0x08001998   0x08001998   0x000000ec   Code   RO          439    i.HAL_FMC_MspInit   fmc.o
    0x08001a84   0x08001a84   0x0000020c   Code   RO         1448    i.HAL_GPIO_Init     stm32f7xx_hal_gpio.o
    0x08001c90   0x08001c90   0x00000010   Code   RO         1450    i.HAL_GPIO_ReadPin  stm32f7xx_hal_gpio.o
    0x08001ca0   0x08001ca0   0x0000000c   Code   RO         1452    i.HAL_GPIO_WritePin  stm32f7xx_hal_gpio.o
    0x08001cac   0x08001cac   0x0000000c   Code   RO         1891    i.HAL_GetTick       stm32f7xx_hal.o
    0x08001cb8   0x08001cb8   0x00000018   Code   RO         1897    i.HAL_IncTick       stm32f7xx_hal.o
    0x08001cd0   0x08001cd0   0x00000016   Code   RO         1898    i.HAL_Init          stm32f7xx_hal.o
    0x08001ce6   0x08001ce6   0x00000002   PAD
    0x08001ce8   0x08001ce8   0x0000004c   Code   RO         1899    i.HAL_InitTick      stm32f7xx_hal.o
    0x08001d34   0x08001d34   0x0000005c   Code   RO          766    i.HAL_MPU_ConfigRegion  stm32f7xx_hal_cortex.o
    0x08001d90   0x08001d90   0x0000002c   Code   RO          767    i.HAL_MPU_Disable   stm32f7xx_hal_cortex.o
    0x08001dbc   0x08001dbc   0x00000040   Code   RO          768    i.HAL_MPU_Enable    stm32f7xx_hal_cortex.o
    0x08001dfc   0x08001dfc   0x00000040   Code   RO          742    i.HAL_MspInit       stm32f7xx_hal_msp.o
    0x08001e3c   0x08001e3c   0x00000020   Code   RO          771    i.HAL_NVIC_EnableIRQ  stm32f7xx_hal_cortex.o
    0x08001e5c   0x08001e5c   0x0000007c   Code   RO          777    i.HAL_NVIC_SetPriority  stm32f7xx_hal_cortex.o
    0x08001ed8   0x08001ed8   0x00000028   Code   RO          778    i.HAL_NVIC_SetPriorityGrouping  stm32f7xx_hal_cortex.o
    0x08001f00   0x08001f00   0x00000090   Code   RO         1788    i.HAL_PWREx_EnableOverDrive  stm32f7xx_hal_pwr_ex.o
    0x08001f90   0x08001f90   0x000000a4   Code   RO         2972    i.HAL_QSPI_Command  stm32f7xx_hal_qspi.o
    0x08002034   0x08002034   0x000000c0   Code   RO         2981    i.HAL_QSPI_Init     stm32f7xx_hal_qspi.o
    0x080020f4   0x080020f4   0x000000f4   Code   RO          504    i.HAL_QSPI_MspInit  quadspi.o
    0x080021e8   0x080021e8   0x000000e4   Code   RO         2985    i.HAL_QSPI_Receive  stm32f7xx_hal_qspi.o
    0x080022cc   0x080022cc   0x00000004   Code   RO         2992    i.HAL_QSPI_SetTimeout  stm32f7xx_hal_qspi.o
    0x080022d0   0x080022d0   0x000000d4   Code   RO         2995    i.HAL_QSPI_Transmit  stm32f7xx_hal_qspi.o
    0x080023a4   0x080023a4   0x0000075c   Code   RO         1164    i.HAL_RCCEx_PeriphCLKConfig  stm32f7xx_hal_rcc_ex.o
    0x08002b00   0x08002b00   0x00000194   Code   RO         1057    i.HAL_RCC_ClockConfig  stm32f7xx_hal_rcc.o
    0x08002c94   0x08002c94   0x0000000c   Code   RO         1062    i.HAL_RCC_GetHCLKFreq  stm32f7xx_hal_rcc.o
    0x08002ca0   0x08002ca0   0x00000020   Code   RO         1064    i.HAL_RCC_GetPCLK1Freq  stm32f7xx_hal_rcc.o
    0x08002cc0   0x08002cc0   0x00000020   Code   RO         1065    i.HAL_RCC_GetPCLK2Freq  stm32f7xx_hal_rcc.o
    0x08002ce0   0x08002ce0   0x000000b0   Code   RO         1066    i.HAL_RCC_GetSysClockFreq  stm32f7xx_hal_rcc.o
    0x08002d90   0x08002d90   0x00000514   Code   RO         1069    i.HAL_RCC_OscConfig  stm32f7xx_hal_rcc.o
    0x080032a4   0x080032a4   0x00000040   Code   RO         2801    i.HAL_SDRAM_Init    stm32f7xx_hal_sdram.o
    0x080032e4   0x080032e4   0x0000000a   Code   RO          441    i.HAL_SDRAM_MspInit  fmc.o
    0x080032ee   0x080032ee   0x00000036   Code   RO         2804    i.HAL_SDRAM_ProgramRefreshRate  stm32f7xx_hal_sdram.o
    0x08003324   0x08003324   0x0000004e   Code   RO         2810    i.HAL_SDRAM_SendCommand  stm32f7xx_hal_sdram.o
    0x08003372   0x08003372   0x0000005e   Code   RO         2664    i.HAL_SRAM_Init     stm32f7xx_hal_sram.o
    0x080033d0   0x080033d0   0x0000000a   Code   RO          443    i.HAL_SRAM_MspInit  fmc.o
    0x080033da   0x080033da   0x00000034   Code   RO          782    i.HAL_SYSTICK_Config  stm32f7xx_hal_cortex.o
    0x0800340e   0x0800340e   0x00000002   Code   RO         3960    i.HAL_TIMEx_Break2Callback  stm32f7xx_hal_tim_ex.o
    0x08003410   0x08003410   0x00000002   Code   RO         3961    i.HAL_TIMEx_BreakCallback  stm32f7xx_hal_tim_ex.o
    0x08003412   0x08003412   0x00000002   Code   RO         3962    i.HAL_TIMEx_CommutCallback  stm32f7xx_hal_tim_ex.o
    0x08003414   0x08003414   0x000000cc   Code   RO         3982    i.HAL_TIMEx_MasterConfigSynchronization  stm32f7xx_hal_tim_ex.o
    0x080034e0   0x080034e0   0x0000006e   Code   RO         3235    i.HAL_TIM_Base_Init  stm32f7xx_hal_tim.o
    0x0800354e   0x0800354e   0x00000002   PAD
    0x08003550   0x08003550   0x000000e4   Code   RO          546    i.HAL_TIM_Base_MspInit  tim.o
    0x08003634   0x08003634   0x000000a8   Code   RO         3238    i.HAL_TIM_Base_Start  stm32f7xx_hal_tim.o
    0x080036dc   0x080036dc   0x00000032   Code   RO         3241    i.HAL_TIM_Base_Stop  stm32f7xx_hal_tim.o
    0x0800370e   0x0800370e   0x00000002   PAD
    0x08003710   0x08003710   0x00000110   Code   RO         3244    i.HAL_TIM_ConfigClockSource  stm32f7xx_hal_tim.o
    0x08003820   0x08003820   0x00000002   Code   RO         3269    i.HAL_TIM_IC_CaptureCallback  stm32f7xx_hal_tim.o
    0x08003822   0x08003822   0x000001b8   Code   RO         3283    i.HAL_TIM_IRQHandler  stm32f7xx_hal_tim.o
    0x080039da   0x080039da   0x00000002   PAD
    0x080039dc   0x080039dc   0x0000005c   Code   RO          547    i.HAL_TIM_MspPostInit  tim.o
    0x08003a38   0x08003a38   0x00000002   Code   RO         3286    i.HAL_TIM_OC_DelayElapsedCallback  stm32f7xx_hal_tim.o
    0x08003a3a   0x08003a3a   0x00000170   Code   RO         3307    i.HAL_TIM_PWM_ConfigChannel  stm32f7xx_hal_tim.o
    0x08003baa   0x08003baa   0x0000006e   Code   RO         3310    i.HAL_TIM_PWM_Init  stm32f7xx_hal_tim.o
    0x08003c18   0x08003c18   0x00000002   Code   RO         3312    i.HAL_TIM_PWM_MspInit  stm32f7xx_hal_tim.o
    0x08003c1a   0x08003c1a   0x00000002   Code   RO         3313    i.HAL_TIM_PWM_PulseFinishedCallback  stm32f7xx_hal_tim.o
    0x08003c1c   0x08003c1c   0x00000144   Code   RO         3315    i.HAL_TIM_PWM_Start  stm32f7xx_hal_tim.o
    0x08003d60   0x08003d60   0x000000c0   Code   RO         3318    i.HAL_TIM_PWM_Stop  stm32f7xx_hal_tim.o
    0x08003e20   0x08003e20   0x00000002   Code   RO         3321    i.HAL_TIM_PeriodElapsedCallback  stm32f7xx_hal_tim.o
    0x08003e22   0x08003e22   0x00000002   Code   RO         3326    i.HAL_TIM_TriggerCallback  stm32f7xx_hal_tim.o
    0x08003e24   0x08003e24   0x00000002   Code   RO         4254    i.HAL_UARTEx_RxEventCallback  stm32f7xx_hal_uart.o
    0x08003e26   0x08003e26   0x00000002   Code   RO         4255    i.HAL_UARTEx_WakeupCallback  stm32f7xx_hal_uart.o
    0x08003e28   0x08003e28   0x00000002   Code   RO         4271    i.HAL_UART_ErrorCallback  stm32f7xx_hal_uart.o
    0x08003e2a   0x08003e2a   0x0000000c   Code   RO         4273    i.HAL_UART_GetState  stm32f7xx_hal_uart.o
    0x08003e36   0x08003e36   0x00000002   PAD
    0x08003e38   0x08003e38   0x00000344   Code   RO         4274    i.HAL_UART_IRQHandler  stm32f7xx_hal_uart.o
    0x0800417c   0x0800417c   0x00000074   Code   RO         4275    i.HAL_UART_Init     stm32f7xx_hal_uart.o
    0x080041f0   0x080041f0   0x0000017c   Code   RO          600    i.HAL_UART_MspInit  usart.o
    0x0800436c   0x0800436c   0x00000064   Code   RO         4280    i.HAL_UART_Receive_IT  stm32f7xx_hal_uart.o
    0x080043d0   0x080043d0   0x00000088   Code   RO          601    i.HAL_UART_RxCpltCallback  usart.o
    0x08004458   0x08004458   0x000000d2   Code   RO         4284    i.HAL_UART_Transmit  stm32f7xx_hal_uart.o
    0x0800452a   0x0800452a   0x00000002   Code   RO         4287    i.HAL_UART_TxCpltCallback  stm32f7xx_hal_uart.o
    0x0800452c   0x0800452c   0x00000040   Code   RO           20    i.HMISend           main.o
    0x0800456c   0x0800456c   0x00000038   Code   RO           21    i.HMISends          main.o
    0x080045a4   0x080045a4   0x00000004   Code   RO          668    i.HardFault_Handler  stm32f7xx_it.o
    0x080045a8   0x080045a8   0x0000009a   Code   RO           22    i.MPU_Config        main.o
    0x08004642   0x08004642   0x00000002   PAD
    0x08004644   0x08004644   0x00000034   Code   RO          414    i.MX_DMA_Init       dma.o
    0x08004678   0x08004678   0x000000e8   Code   RO          444    i.MX_FMC_Init       fmc.o
    0x08004760   0x08004760   0x00000228   Code   RO          390    i.MX_GPIO_Init      gpio.o
    0x08004988   0x08004988   0x0000003c   Code   RO          505    i.MX_QUADSPI_Init   quadspi.o
    0x080049c4   0x080049c4   0x000000ac   Code   RO          548    i.MX_TIM4_Init      tim.o
    0x08004a70   0x08004a70   0x0000006c   Code   RO          549    i.MX_TIM5_Init      tim.o
    0x08004adc   0x08004adc   0x00000040   Code   RO          602    i.MX_USART1_UART_Init  usart.o
    0x08004b1c   0x08004b1c   0x00000040   Code   RO          603    i.MX_USART2_UART_Init  usart.o
    0x08004b5c   0x08004b5c   0x00000034   Code   RO          604    i.MX_USART3_UART_Init  usart.o
    0x08004b90   0x08004b90   0x00000004   Code   RO          669    i.MemManage_Handler  stm32f7xx_it.o
    0x08004b94   0x08004b94   0x00000002   Code   RO          670    i.NMI_Handler       stm32f7xx_it.o
    0x08004b96   0x08004b96   0x00000002   PAD
    0x08004b98   0x08004b98   0x00000060   Code   RO           23    i.Neg_Init          main.o
    0x08004bf8   0x08004bf8   0x00003124   Code   RO           24    i.NormMode2         main.o
    0x08007d1c   0x08007d1c   0x0000004c   Code   RO         5018    i.OY_FindMax        user_function.o
    0x08007d68   0x08007d68   0x0000008c   Code   RO           25    i.OY_FindMaxMin     main.o
    0x08007df4   0x08007df4   0x00000048   Code   RO         5019    i.OY_FindMin        user_function.o
    0x08007e3c   0x08007e3c   0x0000005c   Code   RO         5020    i.OY_Norm           user_function.o
    0x08007e98   0x08007e98   0x00000066   Code   RO         5021    i.OY_Normalization  user_function.o
    0x08007efe   0x08007efe   0x00000002   Code   RO          671    i.PendSV_Handler    stm32f7xx_it.o
    0x08007f00   0x08007f00   0x0000032c   Code   RO           26    i.PosM4_Test        main.o
    0x0800822c   0x0800822c   0x00000074   Code   RO           27    i.Pos_Init          main.o
    0x080082a0   0x080082a0   0x00000400   Code   RO           28    i.Pos_Storage       main.o
    0x080086a0   0x080086a0   0x000001e8   Code   RO         3000    i.QSPI_Config       stm32f7xx_hal_qspi.o
    0x08008888   0x08008888   0x0000004c   Code   RO         3007    i.QSPI_WaitFlagStateUntilTimeout  stm32f7xx_hal_qspi.o
    0x080088d4   0x080088d4   0x00000002   Code   RO          672    i.SVC_Handler       stm32f7xx_it.o
    0x080088d6   0x080088d6   0x00000002   PAD
    0x080088d8   0x080088d8   0x00000658   Code   RO           32    i.Signal_Samp_Neg   main.o
    0x08008f30   0x08008f30   0x0000026c   Code   RO           33    i.Signal_Samp_Pos   main.o
    0x0800919c   0x0800919c   0x00000008   Code   RO          673    i.SysTick_Handler   stm32f7xx_it.o
    0x080091a4   0x080091a4   0x000000d8   Code   RO           34    i.SystemClock_Config  main.o
    0x0800927c   0x0800927c   0x00000014   Code   RO         4732    i.SystemInit        system_stm32f7xx.o
    0x08009290   0x08009290   0x00000010   Code   RO           35    i.TIM4_IRQHandler   main.o
    0x080092a0   0x080092a0   0x000000d8   Code   RO         3328    i.TIM_Base_SetConfig  stm32f7xx_hal_tim.o
    0x08009378   0x08009378   0x00000022   Code   RO         3329    i.TIM_CCxChannelCmd  stm32f7xx_hal_tim.o
    0x0800939a   0x0800939a   0x00000016   Code   RO         3339    i.TIM_ETR_SetConfig  stm32f7xx_hal_tim.o
    0x080093b0   0x080093b0   0x00000012   Code   RO         3340    i.TIM_ITRx_SetConfig  stm32f7xx_hal_tim.o
    0x080093c2   0x080093c2   0x00000002   PAD
    0x080093c4   0x080093c4   0x00000074   Code   RO         3341    i.TIM_OC1_SetConfig  stm32f7xx_hal_tim.o
    0x08009438   0x08009438   0x00000080   Code   RO         3342    i.TIM_OC2_SetConfig  stm32f7xx_hal_tim.o
    0x080094b8   0x080094b8   0x0000007c   Code   RO         3343    i.TIM_OC3_SetConfig  stm32f7xx_hal_tim.o
    0x08009534   0x08009534   0x00000058   Code   RO         3344    i.TIM_OC4_SetConfig  stm32f7xx_hal_tim.o
    0x0800958c   0x0800958c   0x00000050   Code   RO         3345    i.TIM_OC5_SetConfig  stm32f7xx_hal_tim.o
    0x080095dc   0x080095dc   0x00000054   Code   RO         3346    i.TIM_OC6_SetConfig  stm32f7xx_hal_tim.o
    0x08009630   0x08009630   0x00000026   Code   RO         3348    i.TIM_TI1_ConfigInputStage  stm32f7xx_hal_tim.o
    0x08009656   0x08009656   0x00000028   Code   RO         3350    i.TIM_TI2_ConfigInputStage  stm32f7xx_hal_tim.o
    0x0800967e   0x0800967e   0x000000f8   Code   RO         4289    i.UART_AdvFeatureConfig  stm32f7xx_hal_uart.o
    0x08009776   0x08009776   0x00000072   Code   RO         4290    i.UART_CheckIdleState  stm32f7xx_hal_uart.o
    0x080097e8   0x080097e8   0x00000018   Code   RO         4291    i.UART_DMAAbortOnError  stm32f7xx_hal_uart.o
    0x08009800   0x08009800   0x00000064   Code   RO         4301    i.UART_EndRxTransfer  stm32f7xx_hal_uart.o
    0x08009864   0x08009864   0x0000002e   Code   RO         4302    i.UART_EndTransmit_IT  stm32f7xx_hal_uart.o
    0x08009892   0x08009892   0x000000ce   Code   RO         4304    i.UART_RxISR_16BIT  stm32f7xx_hal_uart.o
    0x08009960   0x08009960   0x000000ca   Code   RO         4305    i.UART_RxISR_8BIT   stm32f7xx_hal_uart.o
    0x08009a2a   0x08009a2a   0x00000002   PAD
    0x08009a2c   0x08009a2c   0x0000033c   Code   RO         4306    i.UART_SetConfig    stm32f7xx_hal_uart.o
    0x08009d68   0x08009d68   0x000000fc   Code   RO         4308    i.UART_Start_Receive_IT  stm32f7xx_hal_uart.o
    0x08009e64   0x08009e64   0x000000f8   Code   RO         4311    i.UART_WaitOnFlagUntilTimeout  stm32f7xx_hal_uart.o
    0x08009f5c   0x08009f5c   0x0000004c   Code   RO          605    i.USART2_IRQHandler  usart.o
    0x08009fa8   0x08009fa8   0x00000004   Code   RO          674    i.UsageFault_Handler  stm32f7xx_it.o
    0x08009fac   0x08009fac   0x000001c4   Code   RO           36    i.VoltJudge         main.o
    0x0800a170   0x0800a170   0x00000042   Code   RO         4913    i.W25Q256_enableWrite  w25q256.o
    0x0800a1b2   0x0800a1b2   0x00000042   Code   RO         4914    i.W25Q256_erase     w25q256.o
    0x0800a1f4   0x0800a1f4   0x000000d0   Code   RO         4916    i.W25Q256_initHardware  w25q256.o
    0x0800a2c4   0x0800a2c4   0x0000003a   Code   RO         4917    i.W25Q256_read      w25q256.o
    0x0800a2fe   0x0800a2fe   0x00000002   PAD
    0x0800a300   0x0800a300   0x00000068   Code   RO         4918    i.W25Q256_readId    w25q256.o
    0x0800a368   0x0800a368   0x0000005c   Code   RO         4919    i.W25Q256_readRegister  w25q256.o
    0x0800a3c4   0x0800a3c4   0x00000026   Code   RO         4920    i.W25Q256_receive   w25q256.o
    0x0800a3ea   0x0800a3ea   0x00000026   Code   RO         4921    i.W25Q256_transmit  w25q256.o
    0x0800a410   0x0800a410   0x0000001a   Code   RO         4922    i.W25Q256_waitBusy  w25q256.o
    0x0800a42a   0x0800a42a   0x00000002   PAD
    0x0800a42c   0x0800a42c   0x000000d4   Code   RO         4923    i.W25Q256_write     w25q256.o
    0x0800a500   0x0800a500   0x00000058   Code   RO         4924    i.W25Q256_write0    w25q256.o
    0x0800a558   0x0800a558   0x00000050   Code   RO         4925    i.W25Q256_writeCommand  w25q256.o
    0x0800a5a8   0x0800a5a8   0x0000004e   Code   RO         4926    i.W25Q256_writeInPage  w25q256.o
    0x0800a5f6   0x0800a5f6   0x00000058   Code   RO         4927    i.W25Q256_writeRegister  w25q256.o
    0x0800a64e   0x0800a64e   0x00000020   Code   RO         4866    i.W9825G6KH_clear   w9825g6kh.o
    0x0800a66e   0x0800a66e   0x000000c0   Code   RO         4867    i.W9825G6KH_initHardware  w9825g6kh.o
    0x0800a72e   0x0800a72e   0x00000040   Code   RO         4870    i.W9825G6KH_writeCommand  w9825g6kh.o
    0x0800a76e   0x0800a76e   0x00000002   PAD
    0x0800a770   0x0800a770   0x00000020   Code   RO         6081    i.__0printf         mc_w.l(printfa.o)
    0x0800a790   0x0800a790   0x00000028   Code   RO         6083    i.__0sprintf        mc_w.l(printfa.o)
    0x0800a7b8   0x0800a7b8   0x00000010   Code   RO          784    i.__NVIC_GetPriorityGrouping  stm32f7xx_hal_cortex.o
    0x0800a7c8   0x0800a7c8   0x00000028   Code   RO          785    i.__NVIC_SetPriority  stm32f7xx_hal_cortex.o
    0x0800a7f0   0x0800a7f0   0x0000000e   Code   RO         6259    i.__scatterload_copy  mc_w.l(handlers.o)
    0x0800a7fe   0x0800a7fe   0x00000002   Code   RO         6260    i.__scatterload_null  mc_w.l(handlers.o)
    0x0800a800   0x0800a800   0x0000000e   Code   RO         6261    i.__scatterload_zeroinit  mc_w.l(handlers.o)
    0x0800a80e   0x0800a80e   0x00000002   PAD
    0x0800a810   0x0800a810   0x00000184   Code   RO         6088    i._fp_digits        mc_w.l(printfa.o)
    0x0800a994   0x0800a994   0x000006b4   Code   RO         6089    i._printf_core      mc_w.l(printfa.o)
    0x0800b048   0x0800b048   0x00000024   Code   RO         6090    i._printf_post_padding  mc_w.l(printfa.o)
    0x0800b06c   0x0800b06c   0x0000002e   Code   RO         6091    i._printf_pre_padding  mc_w.l(printfa.o)
    0x0800b09a   0x0800b09a   0x0000000a   Code   RO         6093    i._sputc            mc_w.l(printfa.o)
    0x0800b0a4   0x0800b0a4   0x00000012   Code   RO         4792    i.ad9959_delay      ad9959.o
    0x0800b0b6   0x0800b0b6   0x00000002   PAD
    0x0800b0b8   0x0800b0b8   0x0000009c   Code   RO         4793    i.ad9959_init       ad9959.o
    0x0800b154   0x0800b154   0x00000184   Code   RO         4794    i.ad9959_io_init    ad9959.o
    0x0800b2d8   0x0800b2d8   0x00000038   Code   RO         4795    i.ad9959_io_update  ad9959.o
    0x0800b310   0x0800b310   0x00000034   Code   RO         4796    i.ad9959_reset      ad9959.o
    0x0800b344   0x0800b344   0x00000036   Code   RO         4797    i.ad9959_write_amplitude  ad9959.o
    0x0800b37a   0x0800b37a   0x00000002   PAD
    0x0800b37c   0x0800b37c   0x0000010c   Code   RO         4798    i.ad9959_write_data  ad9959.o
    0x0800b488   0x0800b488   0x00000060   Code   RO         4799    i.ad9959_write_frequency  ad9959.o
    0x0800b4e8   0x0800b4e8   0x00000030   Code   RO         4800    i.ad9959_write_phase  ad9959.o
    0x0800b518   0x0800b518   0x00000038   Code   RO           39    i.fputc             main.o
    0x0800b550   0x0800b550   0x00000050   Code   RO         6109    i.free              mc_w.l(malloc.o)
    0x0800b5a0   0x0800b5a0   0x000002a0   Code   RO           40    i.main              main.o
    0x0800b840   0x0800b840   0x0000006c   Code   RO         6110    i.malloc            mc_w.l(malloc.o)
    0x0800b8ac   0x0800b8ac   0x00010a4c   Data   RO           42    .constdata          main.o
    0x0801c2f8   0x0801c2f8   0x00000008   Data   RO         1526    .constdata          stm32f7xx_hal_dma.o
    0x0801c300   0x0801c300   0x00000018   Data   RO         4733    .constdata          system_stm32f7xx.o
    0x0801c318   0x0801c318   0x00000020   Data   RO         6257    Region$$Table       anon$$obj.o


    Execution Region RW_IRAM1 (Exec base: 0x20000000, Load base: 0x0801c338, Size: 0x0003f688, Max: 0x00080000, ABSOLUTE)

    Exec Addr    Load Addr    Size         Type   Attr      Idx    E Section Name        Object

    0x20000000   0x0801c338   0x00000055   Data   RW           43    .data               main.o
    0x20000055   0x0801c38d   0x00000003   PAD
    0x20000058   0x0801c390   0x00000008   Data   RW          446    .data               fmc.o
    0x20000060   0x0801c398   0x00000003   Data   RW          607    .data               usart.o
    0x20000063   0x0801c39b   0x00000001   PAD
    0x20000064   0x0801c39c   0x00000009   Data   RW         1905    .data               stm32f7xx_hal.o
    0x2000006d   0x0801c3a5   0x00000003   PAD
    0x20000070   0x0801c3a8   0x00000004   Data   RW         4734    .data               system_stm32f7xx.o
    0x20000074   0x0801c3ac   0x00000011   Data   RW         4801    .data               ad9959.o
    0x20000085   0x0801c3bd   0x00000003   PAD
    0x20000088   0x0801c3c0   0x00000004   Data   RW         6218    .data               mc_w.l(stdout.o)
    0x2000008c   0x0801c3c4   0x00000004   Data   RW         6229    .data               mc_w.l(mvars.o)
    0x20000090   0x0801c3c8   0x00000004   Data   RW         6230    .data               mc_w.l(mvars.o)
    0x20000094        -       0x0003b03c   Zero   RW           41    .bss                main.o
    0x2003b0d0        -       0x00000080   Zero   RW          445    .bss                fmc.o
    0x2003b150        -       0x0000004c   Zero   RW          506    .bss                quadspi.o
    0x2003b19c        -       0x000000f8   Zero   RW          550    .bss                tim.o
    0x2003b294        -       0x000001f0   Zero   RW          606    .bss                usart.o
    0x2003b484        -       0x00001000   Zero   RW         4928    .bss                w25q256.o
    0x2003c484   0x0801c3cc   0x00000004   PAD
    0x2003c488        -       0x00001200   Zero   RW            2    HEAP                startup_stm32f767xx.o
    0x2003d688        -       0x00002000   Zero   RW            1    STACK               startup_stm32f767xx.o


==============================================================================

Image component sizes


      Code (inc. data)   RO Data    RW Data    ZI Data      Debug   Object Name

       120          0          0          0          0       1119   ad7606c.o
      1136         72          0         17          0       6767   ad9959.o
        52          4          0          0          0        770   dma.o
       488         40          0          8        128       3058   fmc.o
       552         24          0          0          0       1399   gpio.o
     19680       1908      68172         85     241724     941559   main.o
       304         26          0          0         76       1829   quadspi.o
        36          8        504          0      12800        840   startup_stm32f767xx.o
       174         30          0          9          0       9217   stm32f7xx_hal.o
       504         38          0          0          0      41637   stm32f7xx_hal_cortex.o
      1342         22          8          0          0       6274   stm32f7xx_hal_dma.o
       552         52          0          0          0       2835   stm32f7xx_hal_gpio.o
        64          4          0          0          0        858   stm32f7xx_hal_msp.o
       144          8          0          0          0       1284   stm32f7xx_hal_pwr_ex.o
      1364          8          0          0          0       7048   stm32f7xx_hal_qspi.o
      1956         74          0          0          0       5628   stm32f7xx_hal_rcc.o
      1884         16          0          0          0       2248   stm32f7xx_hal_rcc_ex.o
       196          0          0          0          0       2816   stm32f7xx_hal_sdram.o
        94          0          0          0          0       1216   stm32f7xx_hal_sram.o
      3034        204          0          0          0      20016   stm32f7xx_hal_tim.o
       210         30          0          0          0       3136   stm32f7xx_hal_tim_ex.o
      3550         84          0          0          0      16733   stm32f7xx_hal_uart.o
        32          0          0          0          0       4270   stm32f7xx_it.o
       648         14          0          0          0       6576   stm32f7xx_ll_fmc.o
        20          6         24          4          0       1147   system_stm32f7xx.o
       600         58          0          0        248       3266   tim.o
       772         74          0          3        496       4342   usart.o
       342         12          0          0          0       3259   user_function.o
      1242         20          0          0       4096      11917   w25q256.o
       288          0          0          0          0       2723   w9825g6kh.o

    ----------------------------------------------------------------------
     41414       2836      68740        136     259572    1115787   Object Totals
         0          0         32          0          0          0   (incl. Generated)
        34          0          0         10          4          0   (incl. Padding)

    ----------------------------------------------------------------------

      Code (inc. data)   RO Data    RW Data    ZI Data      Debug   Library Member Name

         0          0          0          0          0       3064   arm_cmplx_mag_f32.o
      1468          6          0          0          0      17200   arm_correlate_f32.o
         0          0          0          0          0          0   entry.o
         0          0          0          0          0          0   entry10a.o
         0          0          0          0          0          0   entry11a.o
         4          0          0          0          0          0   entry12b.o
         8          4          0          0          0          0   entry2.o
         4          0          0          0          0          0   entry5.o
         0          0          0          0          0          0   entry7b.o
         0          0          0          0          0          0   entry8b.o
         8          4          0          0          0          0   entry9a.o
        30          0          0          0          0          0   handlers.o
        36          8          0          0          0         68   init.o
         0          0          0          0          0          0   iusefp.o
        30          0          0          0          0         68   llshl.o
        36          0          0          0          0         68   llsshr.o
        32          0          0          0          0         68   llushr.o
       188         20          0          0          0        160   malloc.o
        36          0          0          0          0        108   memseta.o
         0          0          0          8          0          0   mvars.o
      2268         96          0          0          0        616   printfa.o
         0          0          0          4          0          0   stdout.o
        44          0          0          0          0         80   uidiv.o
        98          0          0          0          0         92   uldiv.o
        48          0          0          0          0         68   cdrcmple.o
       334          0          0          0          0        148   dadd.o
       222          0          0          0          0        100   ddiv.o
       186          0          0          0          0        176   depilogue.o
        48          0          0          0          0         68   dfixul.o
       228          0          0          0          0         96   dmul.o

    ----------------------------------------------------------------------
      5358        138          0         12          0      22248   Library Totals
         2          0          0          0          0          0   (incl. Padding)

    ----------------------------------------------------------------------

      Code (inc. data)   RO Data    RW Data    ZI Data      Debug   Library Name

      1468          6          0          0          0      20264   arm_cortexM7lfdp_math.lib
      2822        132          0         12          0       1328   mc_w.l
      1066          0          0          0          0        656   mf_w.l

    ----------------------------------------------------------------------
      5358        138          0         12          0      22248   Library Totals

    ----------------------------------------------------------------------

==============================================================================


      Code (inc. data)   RO Data    RW Data    ZI Data      Debug   

     46772       2974      68740        148     259572    1119899   Grand Totals
     46772       2974      68740        148     259572    1119899   ELF Image Totals
     46772       2974      68740        148          0          0   ROM Totals

==============================================================================

    Total RO  Size (Code + RO Data)               115512 ( 112.80kB)
    Total RW  Size (RW Data + ZI Data)            259720 ( 253.63kB)
    Total ROM Size (Code + RO Data + RW Data)     115660 ( 112.95kB)

==============================================================================

